Component: ARM Compiler 5.06 update 3 (build 300) Tool: armlink [4d35c9]

==============================================================================

Section Cross References

    stm32f4xx_adc.o(i.ADC_DeInit) refers to stm32f4xx_rcc.o(i.RCC_APB2PeriphResetCmd) for RCC_APB2PeriphResetCmd
    stm32f4xx_can.o(i.CAN_DeInit) refers to stm32f4xx_rcc.o(i.RCC_APB1PeriphResetCmd) for RCC_APB1PeriphResetCmd
    stm32f4xx_can.o(i.CAN_GetITStatus) refers to stm32f4xx_can.o(i.CheckITStatus) for CheckITStatus
    stm32f4xx_cryp.o(i.CRYP_DeInit) refers to stm32f4xx_rcc.o(i.RCC_AHB2PeriphResetCmd) for RCC_AHB2PeriphResetCmd
    stm32f4xx_cryp_aes.o(i.CRYP_AES_CBC) refers to stm32f4xx_cryp.o(i.CRYP_KeyStructInit) for CRYP_KeyStructInit
    stm32f4xx_cryp_aes.o(i.CRYP_AES_CBC) refers to stm32f4xx_cryp.o(i.CRYP_FIFOFlush) for CRYP_FIFOFlush
    stm32f4xx_cryp_aes.o(i.CRYP_AES_CBC) refers to stm32f4xx_cryp.o(i.CRYP_Init) for CRYP_Init
    stm32f4xx_cryp_aes.o(i.CRYP_AES_CBC) refers to stm32f4xx_cryp.o(i.CRYP_KeyInit) for CRYP_KeyInit
    stm32f4xx_cryp_aes.o(i.CRYP_AES_CBC) refers to stm32f4xx_cryp.o(i.CRYP_Cmd) for CRYP_Cmd
    stm32f4xx_cryp_aes.o(i.CRYP_AES_CBC) refers to stm32f4xx_cryp.o(i.CRYP_GetFlagStatus) for CRYP_GetFlagStatus
    stm32f4xx_cryp_aes.o(i.CRYP_AES_CBC) refers to stm32f4xx_cryp.o(i.CRYP_IVInit) for CRYP_IVInit
    stm32f4xx_cryp_aes.o(i.CRYP_AES_CBC) refers to stm32f4xx_cryp.o(i.CRYP_GetCmdStatus) for CRYP_GetCmdStatus
    stm32f4xx_cryp_aes.o(i.CRYP_AES_CBC) refers to stm32f4xx_cryp.o(i.CRYP_DataIn) for CRYP_DataIn
    stm32f4xx_cryp_aes.o(i.CRYP_AES_CBC) refers to stm32f4xx_cryp.o(i.CRYP_DataOut) for CRYP_DataOut
    stm32f4xx_cryp_aes.o(i.CRYP_AES_CCM) refers to stm32f4xx_cryp.o(i.CRYP_KeyStructInit) for CRYP_KeyStructInit
    stm32f4xx_cryp_aes.o(i.CRYP_AES_CCM) refers to stm32f4xx_cryp.o(i.CRYP_FIFOFlush) for CRYP_FIFOFlush
    stm32f4xx_cryp_aes.o(i.CRYP_AES_CCM) refers to stm32f4xx_cryp.o(i.CRYP_KeyInit) for CRYP_KeyInit
    stm32f4xx_cryp_aes.o(i.CRYP_AES_CCM) refers to stm32f4xx_cryp.o(i.CRYP_IVInit) for CRYP_IVInit
    stm32f4xx_cryp_aes.o(i.CRYP_AES_CCM) refers to stm32f4xx_cryp.o(i.CRYP_Init) for CRYP_Init
    stm32f4xx_cryp_aes.o(i.CRYP_AES_CCM) refers to stm32f4xx_cryp.o(i.CRYP_PhaseConfig) for CRYP_PhaseConfig
    stm32f4xx_cryp_aes.o(i.CRYP_AES_CCM) refers to stm32f4xx_cryp.o(i.CRYP_DataIn) for CRYP_DataIn
    stm32f4xx_cryp_aes.o(i.CRYP_AES_CCM) refers to stm32f4xx_cryp.o(i.CRYP_Cmd) for CRYP_Cmd
    stm32f4xx_cryp_aes.o(i.CRYP_AES_CCM) refers to stm32f4xx_cryp.o(i.CRYP_GetCmdStatus) for CRYP_GetCmdStatus
    stm32f4xx_cryp_aes.o(i.CRYP_AES_CCM) refers to stm32f4xx_cryp.o(i.CRYP_GetFlagStatus) for CRYP_GetFlagStatus
    stm32f4xx_cryp_aes.o(i.CRYP_AES_CCM) refers to stm32f4xx_cryp.o(i.CRYP_DataOut) for CRYP_DataOut
    stm32f4xx_cryp_aes.o(i.CRYP_AES_CTR) refers to stm32f4xx_cryp.o(i.CRYP_KeyStructInit) for CRYP_KeyStructInit
    stm32f4xx_cryp_aes.o(i.CRYP_AES_CTR) refers to stm32f4xx_cryp.o(i.CRYP_KeyInit) for CRYP_KeyInit
    stm32f4xx_cryp_aes.o(i.CRYP_AES_CTR) refers to stm32f4xx_cryp.o(i.CRYP_Init) for CRYP_Init
    stm32f4xx_cryp_aes.o(i.CRYP_AES_CTR) refers to stm32f4xx_cryp.o(i.CRYP_IVInit) for CRYP_IVInit
    stm32f4xx_cryp_aes.o(i.CRYP_AES_CTR) refers to stm32f4xx_cryp.o(i.CRYP_FIFOFlush) for CRYP_FIFOFlush
    stm32f4xx_cryp_aes.o(i.CRYP_AES_CTR) refers to stm32f4xx_cryp.o(i.CRYP_Cmd) for CRYP_Cmd
    stm32f4xx_cryp_aes.o(i.CRYP_AES_CTR) refers to stm32f4xx_cryp.o(i.CRYP_GetCmdStatus) for CRYP_GetCmdStatus
    stm32f4xx_cryp_aes.o(i.CRYP_AES_CTR) refers to stm32f4xx_cryp.o(i.CRYP_DataIn) for CRYP_DataIn
    stm32f4xx_cryp_aes.o(i.CRYP_AES_CTR) refers to stm32f4xx_cryp.o(i.CRYP_GetFlagStatus) for CRYP_GetFlagStatus
    stm32f4xx_cryp_aes.o(i.CRYP_AES_CTR) refers to stm32f4xx_cryp.o(i.CRYP_DataOut) for CRYP_DataOut
    stm32f4xx_cryp_aes.o(i.CRYP_AES_ECB) refers to stm32f4xx_cryp.o(i.CRYP_KeyStructInit) for CRYP_KeyStructInit
    stm32f4xx_cryp_aes.o(i.CRYP_AES_ECB) refers to stm32f4xx_cryp.o(i.CRYP_FIFOFlush) for CRYP_FIFOFlush
    stm32f4xx_cryp_aes.o(i.CRYP_AES_ECB) refers to stm32f4xx_cryp.o(i.CRYP_Init) for CRYP_Init
    stm32f4xx_cryp_aes.o(i.CRYP_AES_ECB) refers to stm32f4xx_cryp.o(i.CRYP_KeyInit) for CRYP_KeyInit
    stm32f4xx_cryp_aes.o(i.CRYP_AES_ECB) refers to stm32f4xx_cryp.o(i.CRYP_Cmd) for CRYP_Cmd
    stm32f4xx_cryp_aes.o(i.CRYP_AES_ECB) refers to stm32f4xx_cryp.o(i.CRYP_GetFlagStatus) for CRYP_GetFlagStatus
    stm32f4xx_cryp_aes.o(i.CRYP_AES_ECB) refers to stm32f4xx_cryp.o(i.CRYP_GetCmdStatus) for CRYP_GetCmdStatus
    stm32f4xx_cryp_aes.o(i.CRYP_AES_ECB) refers to stm32f4xx_cryp.o(i.CRYP_DataIn) for CRYP_DataIn
    stm32f4xx_cryp_aes.o(i.CRYP_AES_ECB) refers to stm32f4xx_cryp.o(i.CRYP_DataOut) for CRYP_DataOut
    stm32f4xx_cryp_aes.o(i.CRYP_AES_GCM) refers to stm32f4xx_cryp.o(i.CRYP_KeyStructInit) for CRYP_KeyStructInit
    stm32f4xx_cryp_aes.o(i.CRYP_AES_GCM) refers to stm32f4xx_cryp.o(i.CRYP_FIFOFlush) for CRYP_FIFOFlush
[...]
    i.SVC_Handler                            0x080021ec   Section        0  stm32f4xx_it.o(i.SVC_Handler)
    i.SYSCFG_EXTILineConfig                  0x080021f0   Section        0  stm32f4xx_syscfg.o(i.SYSCFG_EXTILineConfig)
    i.SetSysClock                            0x08002230   Section        0  system_stm32f4xx.o(i.SetSysClock)
    SetSysClock                              0x08002231   Thumb Code   220  system_stm32f4xx.o(i.SetSysClock)
    i.SysTick_Handler                        0x0800231c   Section        0  stm32f4xx_it.o(i.SysTick_Handler)
    i.SystemCoreClockUpdate                  0x0800232c   Section        0  system_stm32f4xx.o(i.SystemCoreClockUpdate)
    i.SystemInit                             0x080023ec   Section        0  system_stm32f4xx.o(i.SystemInit)
    i.TIM3_IRQHandler                        0x08002454   Section        0  stepper.o(i.TIM3_IRQHandler)
    i.TIM_CCxCmd                             0x08002520   Section        0  stm32f4xx_tim.o(i.TIM_CCxCmd)
    i.TIM_ClearITPendingBit                  0x0800253e   Section        0  stm32f4xx_tim.o(i.TIM_ClearITPendingBit)
    i.TIM_Cmd                                0x08002544   Section        0  stm32f4xx_tim.o(i.TIM_Cmd)
    i.TIM_GetCounter                         0x0800255c   Section        0  stm32f4xx_tim.o(i.TIM_GetCounter)
    i.TIM_GetITStatus                        0x08002562   Section        0  stm32f4xx_tim.o(i.TIM_GetITStatus)
    i.TIM_ITConfig                           0x08002584   Section        0  stm32f4xx_tim.o(i.TIM_ITConfig)
    i.TIM_OC1Init                            0x08002598   Section        0  stm32f4xx_tim.o(i.TIM_OC1Init)
    i.TIM_OC1PreloadConfig                   0x08002614   Section        0  stm32f4xx_tim.o(i.TIM_OC1PreloadConfig)
    i.TIM_OC2Init                            0x08002628   Section        0  stm32f4xx_tim.o(i.TIM_OC2Init)
    i.TIM_OC2PreloadConfig                   0x080026cc   Section        0  stm32f4xx_tim.o(i.TIM_OC2PreloadConfig)
    i.TIM_OC3Init                            0x080026e8   Section        0  stm32f4xx_tim.o(i.TIM_OC3Init)
    i.TIM_OC3PreloadConfig                   0x08002788   Section        0  stm32f4xx_tim.o(i.TIM_OC3PreloadConfig)
    i.TIM_SelectOCxM                         0x0800279a   Section        0  stm32f4xx_tim.o(i.TIM_SelectOCxM)
    i.TIM_SetCompare1                        0x080027f0   Section        0  stm32f4xx_tim.o(i.TIM_SetCompare1)
    i.TIM_SetCompare2                        0x080027f4   Section        0  stm32f4xx_tim.o(i.TIM_SetCompare2)
    i.TIM_SetCompare3                        0x080027f8   Section        0  stm32f4xx_tim.o(i.TIM_SetCompare3)
    i.TIM_TimeBaseInit                       0x080027fc   Section        0  stm32f4xx_tim.o(i.TIM_TimeBaseInit)
    i.USART2_IRQHandler                      0x08002880   Section        0  usb_driver.o(i.USART2_IRQHandler)
    i.USART_ClearITPendingBit                0x080028b8   Section        0  stm32f4xx_usart.o(i.USART_ClearITPendingBit)
    i.USART_Cmd                              0x080028d6   Section        0  stm32f4xx_usart.o(i.USART_Cmd)
    i.USART_GetFlagStatus                    0x080028ee   Section        0  stm32f4xx_usart.o(i.USART_GetFlagStatus)
    i.USART_GetITStatus                      0x08002908   Section        0  stm32f4xx_usart.o(i.USART_GetITStatus)
    i.USART_ITConfig                         0x0800295c   Section        0  stm32f4xx_usart.o(i.USART_ITConfig)
    i.USART_Init                             0x080029a8   Section        0  stm32f4xx_usart.o(i.USART_Init)
    i.USART_ReceiveData                      0x08002a7c   Section        0  stm32f4xx_usart.o(i.USART_ReceiveData)
    i.USART_SendData                         0x08002a86   Section        0  stm32f4xx_usart.o(i.USART_SendData)
    i.UsageFault_Handler                     0x08002a8e   Section        0  stm32f4xx_it.o(i.UsageFault_Handler)
    i.__ARM_fpclassify                       0x08002a92   Section        0  fpclassify.o(i.__ARM_fpclassify)
    i._delay_ms                              0x08002ac2   Section        0  ticks.o(i._delay_ms)
    i._is_digit                              0x08002ade   Section        0  __printf_wp.o(i._is_digit)
    i.button_init                            0x08002aec   Section        0  button.o(i.button_init)
    i.button_set_handler                     0x08002bd0   Section        0  button.o(i.button_set_handler)
    i.get_ticks                              0x08002bdc   Section        0  ticks.o(i.get_ticks)
    i.led_init                               0x08002be8   Section        0  led.o(i.led_init)
    i.led_off                                0x08002c40   Section        0  led.o(i.led_off)
    i.led_on                                 0x08002c6c   Section        0  led.o(i.led_on)
    i.led_toggle                             0x08002c98   Section        0  led.o(i.led_toggle)
    i.main                                   0x08002cb8   Section        0  main.o(i.main)
    i.read                                   0x08002e7c   Section        0  main.o(i.read)
    i.scanner_inc_height                     0x08002eb0   Section        0  main.o(i.scanner_inc_height)
    i.scanner_lower_btn_handler              0x08002ed8   Section        0  main.o(i.scanner_lower_btn_handler)
    i.scanner_rotate_plate                   0x08002f50   Section        0  main.o(i.scanner_rotate_plate)
    i.scanner_standby                        0x08002f78   Section        0  main.o(i.scanner_standby)
    i.scanner_start_btn_handler              0x08002f7c   Section        0  main.o(i.scanner_start_btn_handler)
    i.stepper_get_count                      0x08002fc0   Section        0  stepper.o(i.stepper_get_count)
    i.stepper_get_params                     0x08002fd4   Section        0  stepper.o(i.stepper_get_params)
    i.stepper_get_pulse_count                0x08002fe8   Section        0  stepper.o(i.stepper_get_pulse_count)
    stepper_get_pulse_count                  0x08002fe9   Thumb Code    28  stepper.o(i.stepper_get_pulse_count)
    i.stepper_get_vel                        0x08003008   Section        0  stepper.o(i.stepper_get_vel)
    i.stepper_gpio_init                      0x08003020   Section        0  stepper.o(i.stepper_gpio_init)
    stepper_gpio_init                        0x08003021   Thumb Code   108  stepper.o(i.stepper_gpio_init)
    i.stepper_init                           0x08003094   Section        0  stepper.o(i.stepper_init)
    i.stepper_is_idle                        0x08003114   Section        0  stepper.o(i.stepper_is_idle)
    i.stepper_nvic_init                      0x08003134   Section        0  stepper.o(i.stepper_nvic_init)
    stepper_nvic_init                        0x08003135   Thumb Code    32  stepper.o(i.stepper_nvic_init)
    i.stepper_set_deg                        0x08003154   Section        0  stepper.o(i.stepper_set_deg)
    i.stepper_set_dir_pin                    0x0800319c   Section        0  stepper.o(i.stepper_set_dir_pin)
    stepper_set_dir_pin                      0x0800319d   Thumb Code    90  stepper.o(i.stepper_set_dir_pin)
    i.stepper_set_vel                        0x080031fc   Section        0  stepper.o(i.stepper_set_vel)
    i.stepper_timer_init                     0x0800326c   Section        0  stepper.o(i.stepper_timer_init)
    stepper_timer_init                       0x0800326d   Thumb Code   180  stepper.o(i.stepper_timer_init)
    i.test                                   0x08003324   Section        0  main.o(i.test)
    i.tft_char_is_changed                    0x08003358   Section        0  lcd_main.o(i.tft_char_is_changed)
    tft_char_is_changed                      0x08003359   Thumb Code   126  lcd_main.o(i.tft_char_is_changed)
    i.tft_clear                              0x080033ec   Section        0  lcd_main.o(i.tft_clear)
    i.tft_clear_line                         0x08003414   Section        0  lcd_main.o(i.tft_clear_line)
    i.tft_fill_color                         0x0800349c   Section        0  lcd_main.o(i.tft_fill_color)
    i.tft_init                               0x080034ec   Section        0  lcd_main.o(i.tft_init)
    i.tft_println                            0x08003828   Section        0  lcd_main.o(i.tft_println)
    i.tft_set_bg_color                       0x08003878   Section        0  lcd_main.o(i.tft_set_bg_color)
    i.tft_set_buffer                         0x08003884   Section        0  lcd_main.o(i.tft_set_buffer)
    tft_set_buffer                           0x08003885   Thumb Code   184  lcd_main.o(i.tft_set_buffer)
    i.tft_set_region                         0x08003960   Section        0  lcd_main.o(i.tft_set_region)
    tft_set_region                           0x08003961   Thumb Code   110  lcd_main.o(i.tft_set_region)
    i.tft_set_special_color                  0x080039d8   Section        0  lcd_main.o(i.tft_set_special_color)
    i.tft_set_text_color                     0x080039e4   Section        0  lcd_main.o(i.tft_set_text_color)
    i.tft_spi_init                           0x080039f0   Section        0  lcd_main.o(i.tft_spi_init)
    i.tft_update                             0x08003aa0   Section        0  lcd_main.o(i.tft_update)
    i.tft_write_command                      0x08003c18   Section        0  lcd_main.o(i.tft_write_command)
    tft_write_command                        0x08003c19   Thumb Code    72  lcd_main.o(i.tft_write_command)
    i.tft_write_data                         0x08003c68   Section        0  lcd_main.o(i.tft_write_data)
    tft_write_data                           0x08003c69   Thumb Code    72  lcd_main.o(i.tft_write_data)
    i.ticks_init                             0x08003cb8   Section        0  ticks.o(i.ticks_init)
    i.usb_driver_gpio_init                   0x08003d20   Section        0  usb_driver.o(i.usb_driver_gpio_init)
    usb_driver_gpio_init                     0x08003d21   Thumb Code    96  usb_driver.o(i.usb_driver_gpio_init)
    i.usb_driver_init                        0x08003d84   Section        0  usb_driver.o(i.usb_driver_init)
    i.usb_driver_nvic_init                   0x08003d94   Section        0  usb_driver.o(i.usb_driver_nvic_init)
    usb_driver_nvic_init                     0x08003d95   Thumb Code    34  usb_driver.o(i.usb_driver_nvic_init)
    i.usb_driver_usart_init                  0x08003db8   Section        0  usb_driver.o(i.usb_driver_usart_init)
    usb_driver_usart_init                    0x08003db9   Thumb Code    72  usb_driver.o(i.usb_driver_usart_init)
    locale$$code                             0x08003e04   Section       44  lc_numeric_c.o(locale$$code)
    locale$$code                             0x08003e30   Section       44  lc_ctype_c.o(locale$$code)
    x$fpl$fpinit                             0x08003e5c   Section       10  fpinit.o(x$fpl$fpinit)
    $v0                                      0x08003e5c   Number         0  fpinit.o(x$fpl$fpinit)
    x$fpl$printf1                            0x08003e66   Section        4  printf1.o(x$fpl$printf1)
    $v0                                      0x08003e66   Number         0  printf1.o(x$fpl$printf1)
    x$fpl$printf2                            0x08003e6a   Section        4  printf2.o(x$fpl$printf2)
    $v0                                      0x08003e6a   Number         0  printf2.o(x$fpl$printf2)
    x$fpl$usenofp                            0x08003e6e   Section        0  usenofp.o(x$fpl$usenofp)
    .constdata                               0x08003e70   Section        8  _printf_wctomb.o(.constdata)
    initial_mbstate                          0x08003e70   Data           8  _printf_wctomb.o(.constdata)
    .constdata                               0x08003e78   Section       40  _printf_hex_int_ll_ptr.o(.constdata)
    uc_hextab                                0x08003e78   Data          20  _printf_hex_int_ll_ptr.o(.constdata)
    lc_hextab                                0x08003e8c   Data          20  _printf_hex_int_ll_ptr.o(.constdata)
    .constdata                               0x08003ea0   Section       17  __printf_flags_ss_wp.o(.constdata)
    maptable                                 0x08003ea0   Data          17  __printf_flags_ss_wp.o(.constdata)
    .constdata                               0x08003eb1   Section       38  _printf_fp_hex.o(.constdata)
    lc_hextab                                0x08003eb1   Data          19  _printf_fp_hex.o(.constdata)
    uc_hextab                                0x08003ec4   Data          19  _printf_fp_hex.o(.constdata)
    .constdata                               0x08003ed8   Section      148  bigflt0.o(.constdata)
    tenpwrs_x                                0x08003ed8   Data          60  bigflt0.o(.constdata)
    tenpwrs_i                                0x08003f14   Data          64  bigflt0.o(.constdata)
    .conststring                             0x08003f6c   Section       66  usb_driver.o(.conststring)
    locale$$data                             0x08003fd0   Section       28  lc_numeric_c.o(locale$$data)
    __lcnum_c_name                           0x08003fd4   Data           2  lc_numeric_c.o(locale$$data)
    __lcnum_c_start                          0x08003fdc   Data           0  lc_numeric_c.o(locale$$data)
    __lcnum_c_point                          0x08003fe8   Data           0  lc_numeric_c.o(locale$$data)
    __lcnum_c_thousands                      0x08003fea   Data           0  lc_numeric_c.o(locale$$data)
    __lcnum_c_grouping                       0x08003feb   Data           0  lc_numeric_c.o(locale$$data)
    locale$$data                             0x08003fec   Section      272  lc_ctype_c.o(locale$$data)
    __lcnum_c_end                            0x08003fec   Data           0  lc_numeric_c.o(locale$$data)
    __lcctype_c_name                         0x08003ff0   Data           2  lc_ctype_c.o(locale$$data)
    __lcctype_c_start                        0x08003ff8   Data           0  lc_ctype_c.o(locale$$data)
    __lcctype_c_end                          0x080040fc   Data           0  lc_ctype_c.o(locale$$data)
    .data                                    0x20000000   Section       16  stm32f4xx_rcc.o(.data)
    APBAHBPrescTable                         0x20000000   Data          16  stm32f4xx_rcc.o(.data)
    .data                                    0x20000010   Section       20  system_stm32f4xx.o(.data)
    .data                                    0x20000024   Section       15  main.o(.data)
    btnState                                 0x20000031   Data           1  main.o(.data)
    i                                        0x20000032   Data           1  main.o(.data)
    .data                                    0x20000034   Section        4  stm32f4xx_it.o(.data)
    .data                                    0x20000038   Section        2  led.o(.data)
    ledState                                 0x20000038   Data           2  led.o(.data)
    .data                                    0x2000003a   Section     1556  lcd_main.o(.data)
    col_shift                                0x20000640   Data           1  lcd_main.o(.data)
    row_shift                                0x20000641   Data           1  lcd_main.o(.data)
    .data                                    0x20000650   Section      140  usb_driver.o(.data)
    syncCount                                0x20000650   Data           1  usb_driver.o(.data)
    .bss                                     0x200006dc   Section       72  stepper.o(.bss)
    stepperList                              0x200006dc   Data          72  stepper.o(.bss)
    .bss                                     0x20000724   Section     1600  lcd_main.o(.bss)
    .bss                                     0x20000d64   Section       28  button.o(.bss)
    handlers                                 0x20000d64   Data          28  button.o(.bss)
    .bss                                     0x20000d80   Section       96  libspace.o(.bss)
    HEAP                                     0x20000de0   Section      512  startup_stm32f40_41xxx.o(HEAP)
    Heap_Mem                                 0x20000de0   Data         512  startup_stm32f40_41xxx.o(HEAP)
    STACK                                    0x20000fe0   Section     1024  startup_stm32f40_41xxx.o(STACK)
    Stack_Mem                                0x20000fe0   Data        1024  startup_stm32f40_41xxx.o(STACK)
    __initial_sp                             0x200013e0   Data           0  startup_stm32f40_41xxx.o(STACK)

    Global Symbols

    Symbol Name                              Value     Ov Type        Size  Object(Section)

    BuildAttributes$$THM_ISAv4$E$P$D$K$B$S$7EM$VFPi3$EXTD16$VFPS$VFMA$PE$A:L22UL41UL21$X:L11$S22US41US21$IEEE1$IW$USESV6$~STKCKD$USESV7$~SHL$OTIME$ROPI$IEEEJ$EBA8$UX$STANDARDLIB$REQ8$PRES8$EABIv2 0x00000000   Number         0  anon$$obj.o ABSOLUTE
    __ARM_use_no_argv                        0x00000000   Number         0  main.o ABSOLUTE
    _printf_flags                            0x00000000   Number         0  printf_stubs.o ABSOLUTE
    _printf_return_value                     0x00000000   Number         0  printf_stubs.o ABSOLUTE
    _printf_sizespec                         0x00000000   Number         0  printf_stubs.o ABSOLUTE
    _printf_widthprec                        0x00000000   Number         0  printf_stubs.o ABSOLUTE
    __ARM_exceptions_init                     - Undefined Weak Reference
    __alloca_initialize                       - Undefined Weak Reference
    __arm_preinit_                            - Undefined Weak Reference
    __cpp_initialize__aeabi_                  - Undefined Weak Reference
    __cxa_finalize                            - Undefined Weak Reference
    __sigvec_lookup                           - Undefined Weak Reference
    _atexit_init                              - Undefined Weak Reference
    _call_atexit_fns                          - Undefined Weak Reference
    _clock_init                               - Undefined Weak Reference
    _fp_trap_init                             - Undefined Weak Reference
    _fp_trap_shutdown                         - Undefined Weak Reference
    _get_lc_collate                           - Undefined Weak Reference
    _get_lc_monetary                          - Undefined Weak Reference
    _get_lc_time                              - Undefined Weak Reference
    _getenv_init                              - Undefined Weak Reference
    _handle_redirection                       - Undefined Weak Reference
    _init_alloc                               - Undefined Weak Reference
    _init_user_alloc                          - Undefined Weak Reference
    _initio                                   - Undefined Weak Reference
    _printf_mbtowc                            - Undefined Weak Reference
    _printf_wc                                - Undefined Weak Reference
    _rand_init                                - Undefined Weak Reference
    _signal_finish                            - Undefined Weak Reference
    _signal_init                              - Undefined Weak Reference
    _terminate_alloc                          - Undefined Weak Reference
    _terminate_user_alloc                     - Undefined Weak Reference
    _terminateio                              - Undefined Weak Reference
    __Vectors_Size                           0x00000188   Number         0  startup_stm32f40_41xxx.o ABSOLUTE
    __Vectors                                0x08000000   Data           4  startup_stm32f40_41xxx.o(RESET)
    __Vectors_End                            0x08000188   Data           0  startup_stm32f40_41xxx.o(RESET)
    __main                                   0x08000189   Thumb Code     8  __main.o(!!!main)
    __scatterload                            0x08000191   Thumb Code     0  __scatter.o(!!!scatter)
    __scatterload_rt2                        0x08000191   Thumb Code    44  __scatter.o(!!!scatter)
    __scatterload_rt2_thumb_only             0x08000191   Thumb Code     0  __scatter.o(!!!scatter)
    __scatterload_null                       0x0800019f   Thumb Code     0  __scatter.o(!!!scatter)
    __decompress                             0x080001c5   Thumb Code    90  __dczerorl2.o(!!dczerorl2)
    __decompress1                            0x080001c5   Thumb Code     0  __dczerorl2.o(!!dczerorl2)
    __scatterload_zeroinit                   0x08000221   Thumb Code    28  __scatter_zi.o(!!handler_zi)
    _printf_n                                0x0800023d   Thumb Code     0  _printf_n.o(.ARM.Collect$$_printf_percent$$00000001)
    _printf_percent                          0x0800023d   Thumb Code     0  _printf_percent.o(.ARM.Collect$$_printf_percent$$00000000)
    _printf_p                                0x08000243   Thumb Code     0  _printf_p.o(.ARM.Collect$$_printf_percent$$00000002)
    _printf_f                                0x08000249   Thumb Code     0  _printf_f.o(.ARM.Collect$$_printf_percent$$00000003)
    _printf_e                                0x0800024f   Thumb Code     0  _printf_e.o(.ARM.Collect$$_printf_percent$$00000004)
    _printf_g                                0x08000255   Thumb Code     0  _printf_g.o(.ARM.Collect$$_printf_percent$$00000005)
    _printf_a                                0x0800025b   Thumb Code     0  _printf_a.o(.ARM.Collect$$_printf_percent$$00000006)
    _printf_ll                               0x08000261   Thumb Code     0  _printf_ll.o(.ARM.Collect$$_printf_percent$$00000007)
    _printf_i                                0x0800026b   Thumb Code     0  _printf_i.o(.ARM.Collect$$_printf_percent$$00000008)
    _printf_d                                0x08000271   Thumb Code     0  _printf_d.o(.ARM.Collect$$_printf_percent$$00000009)
    _printf_u                                0x08000277   Thumb Code     0  _printf_u.o(.ARM.Collect$$_printf_percent$$0000000A)
    _printf_o                                0x0800027d   Thumb Code     0  _printf_o.o(.ARM.Collect$$_printf_percent$$0000000B)
    _printf_x                                0x08000283   Thumb Code     0  _printf_x.o(.ARM.Collect$$_printf_percent$$0000000C)
    _printf_lli                              0x08000289   Thumb Code     0  _printf_lli.o(.ARM.Collect$$_printf_percent$$0000000D)
    _printf_lld                              0x0800028f   Thumb Code     0  _printf_lld.o(.ARM.Collect$$_printf_percent$$0000000E)
    _printf_llu                              0x08000295   Thumb Code     0  _printf_llu.o(.ARM.Collect$$_printf_percent$$0000000F)
    _printf_llo                              0x0800029b   Thumb Code     0  _printf_llo.o(.ARM.Collect$$_printf_percent$$00000010)
    _printf_llx                              0x080002a1   Thumb Code     0  _printf_llx.o(.ARM.Collect$$_printf_percent$$00000011)
    _printf_l                                0x080002a7   Thumb Code     0  _printf_l.o(.ARM.Collect$$_printf_percent$$00000012)
    _printf_c                                0x080002b1   Thumb Code     0  _printf_c.o(.ARM.Collect$$_printf_percent$$00000013)
    _printf_s                                0x080002b7   Thumb Code     0  _printf_s.o(.ARM.Collect$$_printf_percent$$00000014)
    _printf_lc                               0x080002bd   Thumb Code     0  _printf_lc.o(.ARM.Collect$$_printf_percent$$00000015)
    _printf_ls                               0x080002c3   Thumb Code     0  _printf_ls.o(.ARM.Collect$$_printf_percent$$00000016)
    _printf_percent_end                      0x080002c9   Thumb Code     0  _printf_percent_end.o(.ARM.Collect$$_printf_percent$$00000017)
    __rt_lib_init                            0x080002cd   Thumb Code     0  libinit.o(.ARM.Collect$$libinit$$00000000)
    __rt_lib_init_fp_1                       0x080002cf   Thumb Code     0  libinit2.o(.ARM.Collect$$libinit$$00000001)
    __rt_lib_init_heap_1                     0x080002d3   Thumb Code     0  libinit2.o(.ARM.Collect$$libinit$$0000000A)
    __rt_lib_init_lc_common                  0x080002d3   Thumb Code     0  libinit2.o(.ARM.Collect$$libinit$$0000000F)
    __rt_lib_init_preinit_1                  0x080002d3   Thumb Code     0  libinit2.o(.ARM.Collect$$libinit$$00000004)
    __rt_lib_init_rand_1                     0x080002d3   Thumb Code     0  libinit2.o(.ARM.Collect$$libinit$$0000000E)
    __rt_lib_init_user_alloc_1               0x080002d3   Thumb Code     0  libinit2.o(.ARM.Collect$$libinit$$0000000C)
    __rt_lib_init_lc_collate_1               0x080002d9   Thumb Code     0  libinit2.o(.ARM.Collect$$libinit$$00000011)
    __rt_lib_init_lc_ctype_2                 0x080002d9   Thumb Code     0  libinit2.o(.ARM.Collect$$libinit$$00000012)
    __rt_lib_init_lc_ctype_1                 0x080002e5   Thumb Code     0  libinit2.o(.ARM.Collect$$libinit$$00000013)
    __rt_lib_init_lc_monetary_1              0x080002e5   Thumb Code     0  libinit2.o(.ARM.Collect$$libinit$$00000015)
    __rt_lib_init_lc_numeric_2               0x080002e5   Thumb Code     0  libinit2.o(.ARM.Collect$$libinit$$00000016)
    __rt_lib_init_alloca_1                   0x080002ef   Thumb Code     0  libinit2.o(.ARM.Collect$$libinit$$0000002E)
    __rt_lib_init_argv_1                     0x080002ef   Thumb Code     0  libinit2.o(.ARM.Collect$$libinit$$0000002C)
    __rt_lib_init_atexit_1                   0x080002ef   Thumb Code     0  libinit2.o(.ARM.Collect$$libinit$$0000001B)
    __rt_lib_init_clock_1                    0x080002ef   Thumb Code     0  libinit2.o(.ARM.Collect$$libinit$$00000021)
    __rt_lib_init_cpp_1                      0x080002ef   Thumb Code     0  libinit2.o(.ARM.Collect$$libinit$$00000032)
    __rt_lib_init_exceptions_1               0x080002ef   Thumb Code     0  libinit2.o(.ARM.Collect$$libinit$$00000030)
    __rt_lib_init_fp_trap_1                  0x080002ef   Thumb Code     0  libinit2.o(.ARM.Collect$$libinit$$0000001F)
    __rt_lib_init_getenv_1                   0x080002ef   Thumb Code     0  libinit2.o(.ARM.Collect$$libinit$$00000023)
    __rt_lib_init_lc_numeric_1               0x080002ef   Thumb Code     0  libinit2.o(.ARM.Collect$$libinit$$00000017)
    __rt_lib_init_lc_time_1                  0x080002ef   Thumb Code     0  libinit2.o(.ARM.Collect$$libinit$$00000019)
    __rt_lib_init_return                     0x080002ef   Thumb Code     0  libinit2.o(.ARM.Collect$$libinit$$00000033)
    __rt_lib_init_signal_1                   0x080002ef   Thumb Code     0  libinit2.o(.ARM.Collect$$libinit$$0000001D)
    __rt_lib_init_stdio_1                    0x080002ef   Thumb Code     0  libinit2.o(.ARM.Collect$$libinit$$00000025)
    __rt_lib_shutdown                        0x080002f1   Thumb Code     0  libshutdown.o(.ARM.Collect$$libshutdown$$00000000)
    __rt_lib_shutdown_cpp_1                  0x080002f3   Thumb Code     0  libshutdown2.o(.ARM.Collect$$libshutdown$$00000002)
    __rt_lib_shutdown_fp_trap_1              0x080002f3   Thumb Code     0  libshutdown2.o(.ARM.Collect$$libshutdown$$00000007)
    __rt_lib_shutdown_heap_1                 0x080002f3   Thumb Code     0  libshutdown2.o(.ARM.Collect$$libshutdown$$0000000F)
    __rt_lib_shutdown_return                 0x080002f3   Thumb Code     0  libshutdown2.o(.ARM.Collect$$libshutdown$$00000010)
    __rt_lib_shutdown_signal_1               0x080002f3   Thumb Code     0  libshutdown2.o(.ARM.Collect$$libshutdown$$0000000A)
    __rt_lib_shutdown_stdio_1                0x080002f3   Thumb Code     0  libshutdown2.o(.ARM.Collect$$libshutdown$$00000004)
    __rt_lib_shutdown_user_alloc_1           0x080002f3   Thumb Code     0  libshutdown2.o(.ARM.Collect$$libshutdown$$0000000C)
    __rt_entry                               0x080002f5   Thumb Code     0  __rtentry.o(.ARM.Collect$$rtentry$$00000000)
    __rt_entry_presh_1                       0x080002f5   Thumb Code     0  __rtentry2.o(.ARM.Collect$$rtentry$$00000002)
    __rt_entry_sh                            0x080002f5   Thumb Code     0  __rtentry4.o(.ARM.Collect$$rtentry$$00000004)
    __rt_entry_li                            0x080002fb   Thumb Code     0  __rtentry2.o(.ARM.Collect$$rtentry$$0000000A)
    __rt_entry_postsh_1                      0x080002fb   Thumb Code     0  __rtentry2.o(.ARM.Collect$$rtentry$$00000009)
    __rt_entry_main                          0x080002ff   Thumb Code     0  __rtentry2.o(.ARM.Collect$$rtentry$$0000000D)
    __rt_entry_postli_1                      0x080002ff   Thumb Code     0  __rtentry2.o(.ARM.Collect$$rtentry$$0000000C)
    __rt_exit                                0x08000307   Thumb Code     0  rtexit.o(.ARM.Collect$$rtexit$$00000000)
    __rt_exit_ls                             0x08000309   Thumb Code     0  rtexit2.o(.ARM.Collect$$rtexit$$00000003)
    __rt_exit_prels_1                        0x08000309   Thumb Code     0  rtexit2.o(.ARM.Collect$$rtexit$$00000002)
    __rt_exit_exit                           0x0800030d   Thumb Code     0  rtexit2.o(.ARM.Collect$$rtexit$$00000004)
    Reset_Handler                            0x08000315   Thumb Code     8  startup_stm32f40_41xxx.o(.text)
    ADC_IRQHandler                           0x0800032f   Thumb Code     0  startup_stm32f40_41xxx.o(.text)
    CAN1_RX0_IRQHandler                      0x0800032f   Thumb Code     0  startup_stm32f40_41xxx.o(.text)
    CAN1_RX1_IRQHandler                      0x0800032f   Thumb Code     0  startup_stm32f40_41xxx.o(.text)
    CAN1_SCE_IRQHandler                      0x0800032f   Thumb Code     0  startup_stm32f40_41xxx.o(.text)
    CAN1_TX_IRQHandler                       0x0800032f   Thumb Code     0  startup_stm32f40_41xxx.o(.text)
    CAN2_RX0_IRQHandler                      0x0800032f   Thumb Code     0  startup_stm32f40_41xxx.o(.text)
    CAN2_RX1_IRQHandler                      0x0800032f   Thumb Code     0  startup_stm32f40_41xxx.o(.text)
    CAN2_SCE_IRQHandler                      0x0800032f   Thumb Code     0  startup_stm32f40_41xxx.o(.text)
    CAN2_TX_IRQHandler                       0x0800032f   Thumb Code     0  startup_stm32f40_41xxx.o(.text)
    CRYP_IRQHandler                          0x0800032f   Thumb Code     0  startup_stm32f40_41xxx.o(.text)
    DCMI_IRQHandler                          0x0800032f   Thumb Code     0  startup_stm32f40_41xxx.o(.text)
    DMA1_Stream0_IRQHandler                  0x0800032f   Thumb Code     0  startup_stm32f40_41xxx.o(.text)
    DMA1_Stream1_IRQHandler                  0x0800032f   Thumb Code     0  startup_stm32f40_41xxx.o(.text)
    DMA1_Stream2_IRQHandler                  0x0800032f   Thumb Code     0  startup_stm32f40_41xxx.o(.text)
    DMA1_Stream3_IRQHandler                  0x0800032f   Thumb Code     0  startup_stm32f40_41xxx.o(.text)
    DMA1_Stream4_IRQHandler                  0x0800032f   Thumb Code     0  startup_stm32f40_41xxx.o(.text)
    DMA1_Stream5_IRQHandler                  0x0800032f   Thumb Code     0  startup_stm32f40_41xxx.o(.text)
    DMA1_Stream6_IRQHandler                  0x0800032f   Thumb Code     0  startup_stm32f40_41xxx.o(.text)
    DMA1_Stream7_IRQHandler                  0x0800032f   Thumb Code     0  startup_stm32f40_41xxx.o(.text)
    DMA2_Stream0_IRQHandler                  0x0800032f   Thumb Code     0  startup_stm32f40_41xxx.o(.text)
    DMA2_Stream1_IRQHandler                  0x0800032f   Thumb Code     0  startup_stm32f40_41xxx.o(.text)
    DMA2_Stream2_IRQHandler                  0x0800032f   Thumb Code     0  startup_stm32f40_41xxx.o(.text)
    DMA2_Stream3_IRQHandler                  0x0800032f   Thumb Code     0  startup_stm32f40_41xxx.o(.text)
    DMA2_Stream4_IRQHandler                  0x0800032f   Thumb Code     0  startup_stm32f40_41xxx.o(.text)
    DMA2_Stream5_IRQHandler                  0x0800032f   Thumb Code     0  startup_stm32f40_41xxx.o(.text)
    DMA2_Stream6_IRQHandler                  0x0800032f   Thumb Code     0  startup_stm32f40_41xxx.o(.text)
    DMA2_Stream7_IRQHandler                  0x0800032f   Thumb Code     0  startup_stm32f40_41xxx.o(.text)
    ETH_IRQHandler                           0x0800032f   Thumb Code     0  startup_stm32f40_41xxx.o(.text)
    ETH_WKUP_IRQHandler                      0x0800032f   Thumb Code     0  startup_stm32f40_41xxx.o(.text)
    EXTI0_IRQHandler                         0x0800032f   Thumb Code     0  startup_stm32f40_41xxx.o(.text)
    EXTI15_10_IRQHandler                     0x0800032f   Thumb Code     0  startup_stm32f40_41xxx.o(.text)
    EXTI1_IRQHandler                         0x0800032f   Thumb Code     0  startup_stm32f40_41xxx.o(.text)
    EXTI2_IRQHandler                         0x0800032f   Thumb Code     0  startup_stm32f40_41xxx.o(.text)
    FLASH_IRQHandler                         0x0800032f   Thumb Code     0  startup_stm32f40_41xxx.o(.text)
    FPU_IRQHandler                           0x0800032f   Thumb Code     0  startup_stm32f40_41xxx.o(.text)
    FSMC_IRQHandler                          0x0800032f   Thumb Code     0  startup_stm32f40_41xxx.o(.text)
    HASH_RNG_IRQHandler                      0x0800032f   Thumb Code     0  startup_stm32f40_41xxx.o(.text)
    I2C1_ER_IRQHandler                       0x0800032f   Thumb Code     0  startup_stm32f40_41xxx.o(.text)
    I2C1_EV_IRQHandler                       0x0800032f   Thumb Code     0  startup_stm32f40_41xxx.o(.text)
    I2C2_ER_IRQHandler                       0x0800032f   Thumb Code     0  startup_stm32f40_41xxx.o(.text)
    I2C2_EV_IRQHandler                       0x0800032f   Thumb Code     0  startup_stm32f40_41xxx.o(.text)
    I2C3_ER_IRQHandler                       0x0800032f   Thumb Code     0  startup_stm32f40_41xxx.o(.text)
    I2C3_EV_IRQHandler                       0x0800032f   Thumb Code     0  startup_stm32f40_41xxx.o(.text)
    OTG_FS_IRQHandler                        0x0800032f   Thumb Code     0  startup_stm32f40_41xxx.o(.text)
    OTG_FS_WKUP_IRQHandler                   0x0800032f   Thumb Code     0  startup_stm32f40_41xxx.o(.text)
    OTG_HS_EP1_IN_IRQHandler                 0x0800032f   Thumb Code     0  startup_stm32f40_41xxx.o(.text)
    OTG_HS_EP1_OUT_IRQHandler                0x0800032f   Thumb Code     0  startup_stm32f40_41xxx.o(.text)
    OTG_HS_IRQHandler                        0x0800032f   Thumb Code     0  startup_stm32f40_41xxx.o(.text)
    OTG_HS_WKUP_IRQHandler                   0x0800032f   Thumb Code     0  startup_stm32f40_41xxx.o(.text)
    PVD_IRQHandler                           0x0800032f   Thumb Code     0  startup_stm32f40_41xxx.o(.text)
    RCC_IRQHandler                           0x0800032f   Thumb Code     0  startup_stm32f40_41xxx.o(.text)
    RTC_Alarm_IRQHandler                     0x0800032f   Thumb Code     0  startup_stm32f40_41xxx.o(.text)
    RTC_WKUP_IRQHandler                      0x0800032f   Thumb Code     0  startup_stm32f40_41xxx.o(.text)
    SDIO_IRQHandler                          0x0800032f   Thumb Code     0  startup_stm32f40_41xxx.o(.text)
    SPI1_IRQHandler                          0x0800032f   Thumb Code     0  startup_stm32f40_41xxx.o(.text)
    SPI2_IRQHandler                          0x0800032f   Thumb Code     0  startup_stm32f40_41xxx.o(.text)
    SPI3_IRQHandler                          0x0800032f   Thumb Code     0  startup_stm32f40_41xxx.o(.text)
    TAMP_STAMP_IRQHandler                    0x0800032f   Thumb Code     0  startup_stm32f40_41xxx.o(.text)
    TIM1_BRK_TIM9_IRQHandler                 0x0800032f   Thumb Code     0  startup_stm32f40_41xxx.o(.text)
    TIM1_CC_IRQHandler                       0x0800032f   Thumb Code     0  startup_stm32f40_41xxx.o(.text)
    TIM1_TRG_COM_TIM11_IRQHandler            0x0800032f   Thumb Code     0  startup_stm32f40_41xxx.o(.text)
    TIM1_UP_TIM10_IRQHandler                 0x0800032f   Thumb Code     0  startup_stm32f40_41xxx.o(.text)
    TIM2_IRQHandler                          0x0800032f   Thumb Code     0  startup_stm32f40_41xxx.o(.text)
    TIM4_IRQHandler                          0x0800032f   Thumb Code     0  startup_stm32f40_41xxx.o(.text)
    TIM5_IRQHandler                          0x0800032f   Thumb Code     0  startup_stm32f40_41xxx.o(.text)
    TIM6_DAC_IRQHandler                      0x0800032f   Thumb Code     0  startup_stm32f40_41xxx.o(.text)
    TIM7_IRQHandler                          0x0800032f   Thumb Code     0  startup_stm32f40_41xxx.o(.text)
    TIM8_BRK_TIM12_IRQHandler                0x0800032f   Thumb Code     0  startup_stm32f40_41xxx.o(.text)
    TIM8_CC_IRQHandler                       0x0800032f   Thumb Code     0  startup_stm32f40_41xxx.o(.text)
    TIM8_TRG_COM_TIM14_IRQHandler            0x0800032f   Thumb Code     0  startup_stm32f40_41xxx.o(.text)
    TIM8_UP_TIM13_IRQHandler                 0x0800032f   Thumb Code     0  startup_stm32f40_41xxx.o(.text)
    UART4_IRQHandler                         0x0800032f   Thumb Code     0  startup_stm32f40_41xxx.o(.text)
    UART5_IRQHandler                         0x0800032f   Thumb Code     0  startup_stm32f40_41xxx.o(.text)
    USART1_IRQHandler                        0x0800032f   Thumb Code     0  startup_stm32f40_41xxx.o(.text)
    USART3_IRQHandler                        0x0800032f   Thumb Code     0  startup_stm32f40_41xxx.o(.text)
    USART6_IRQHandler                        0x0800032f   Thumb Code     0  startup_stm32f40_41xxx.o(.text)
    WWDG_IRQHandler                          0x0800032f   Thumb Code     0  startup_stm32f40_41xxx.o(.text)
    __user_initial_stackheap                 0x08000331   Thumb Code     0  startup_stm32f40_41xxx.o(.text)
    vsprintf                                 0x08000355   Thumb Code    32  vsprintf.o(.text)
    __aeabi_memcpy4                          0x08000379   Thumb Code     0  rt_memcpy_w.o(.text)
    __aeabi_memcpy8                          0x08000379   Thumb Code     0  rt_memcpy_w.o(.text)
    __rt_memcpy_w                            0x08000379   Thumb Code   100  rt_memcpy_w.o(.text)
    _memcpy_lastbytes_aligned                0x080003c1   Thumb Code     0  rt_memcpy_w.o(.text)
    __use_two_region_memory                  0x080003dd   Thumb Code     2  heapauxi.o(.text)
    __rt_heap_escrow$2region                 0x080003df   Thumb Code     2  heapauxi.o(.text)
    __rt_heap_expand$2region                 0x080003e1   Thumb Code     2  heapauxi.o(.text)
    _printf_pre_padding                      0x080003e3   Thumb Code    44  _printf_pad.o(.text)
    _printf_post_padding                     0x0800040f   Thumb Code    34  _printf_pad.o(.text)
    _printf_truncate_signed                  0x08000431   Thumb Code    18  _printf_truncate.o(.text)
    _printf_truncate_unsigned                0x08000443   Thumb Code    18  _printf_truncate.o(.text)
    _printf_str                              0x08000455   Thumb Code    82  _printf_str.o(.text)
    _printf_int_dec                          0x080004a9   Thumb Code   104  _printf_dec.o(.text)
    _printf_charcount                        0x08000521   Thumb Code    40  _printf_charcount.o(.text)
    _printf_char_common                      0x08000553   Thumb Code    32  _printf_char_common.o(.text)
    _sputc                                   0x08000579   Thumb Code    10  _sputc.o(.text)
    _printf_wctomb                           0x08000585   Thumb Code   182  _printf_wctomb.o(.text)
    _printf_longlong_dec                     0x08000641   Thumb Code   108  _printf_longlong_dec.o(.text)
    _printf_longlong_oct                     0x080006bd   Thumb Code    68  _printf_oct_int_ll.o(.text)
    _printf_int_oct                          0x08000701   Thumb Code    24  _printf_oct_int_ll.o(.text)
    _printf_ll_oct                           0x08000719   Thumb Code    12  _printf_oct_int_ll.o(.text)
    _printf_longlong_hex                     0x0800072d   Thumb Code    86  _printf_hex_int_ll_ptr.o(.text)
    _printf_int_hex                          0x08000783   Thumb Code    28  _printf_hex_int_ll_ptr.o(.text)
    _printf_ll_hex                           0x0800079f   Thumb Code    12  _printf_hex_int_ll_ptr.o(.text)
    _printf_hex_ptr                          0x080007ab   Thumb Code    18  _printf_hex_int_ll_ptr.o(.text)
    __printf                                 0x080007c1   Thumb Code   388  __printf_flags_ss_wp.o(.text)
    _ll_udiv10                               0x08000949   Thumb Code   138  lludiv10.o(.text)
    _printf_int_common                       0x080009d3   Thumb Code   178  _printf_intcommon.o(.text)
    __lib_sel_fp_printf                      0x08000a85   Thumb Code     2  _printf_fp_dec.o(.text)
    _printf_fp_dec_real                      0x08000c33   Thumb Code   620  _printf_fp_dec.o(.text)
    _printf_fp_hex_real                      0x08000ea1   Thumb Code   756  _printf_fp_hex.o(.text)
    _printf_cs_common                        0x0800119d   Thumb Code    20  _printf_char.o(.text)
    _printf_char                             0x080011b1   Thumb Code    16  _printf_char.o(.text)
    _printf_string                           0x080011c1   Thumb Code     8  _printf_char.o(.text)
    _printf_lcs_common                       0x080011c9   Thumb Code    20  _printf_wchar.o(.text)
    _printf_wchar                            0x080011dd   Thumb Code    16  _printf_wchar.o(.text)
    _printf_wstring                          0x080011ed   Thumb Code     8  _printf_wchar.o(.text)
    _wcrtomb                                 0x080011f5   Thumb Code    64  _wcrtomb.o(.text)
    __user_setup_stackheap                   0x08001235   Thumb Code    74  sys_stackheap_outer.o(.text)
    __rt_ctype_table                         0x08001281   Thumb Code    16  rt_ctype_table.o(.text)
    __rt_locale                              0x08001291   Thumb Code     8  rt_locale_intlibspace.o(.text)
    _printf_fp_infnan                        0x08001299   Thumb Code   112  _printf_fp_infnan.o(.text)
    _btod_etento                             0x08001319   Thumb Code   216  bigflt0.o(.text)
    exit                                     0x080013f5   Thumb Code    18  exit.o(.text)
    __user_libspace                          0x08001409   Thumb Code     8  libspace.o(.text)
    __user_perproc_libspace                  0x08001409   Thumb Code     0  libspace.o(.text)
    __user_perthread_libspace                0x08001409   Thumb Code     0  libspace.o(.text)
    strcmp                                   0x08001411   Thumb Code   128  strcmpv7m.o(.text)
    _sys_exit                                0x08001491   Thumb Code     8  sys_exit.o(.text)
    __I$use$semihosting                      0x0800149d   Thumb Code     0  use_no_semi.o(.text)
    __use_no_semihosting_swi                 0x0800149d   Thumb Code     2  use_no_semi.o(.text)
    __semihosting_library_function           0x0800149f   Thumb Code     0  indicate_semi.o(.text)
    _btod_d2e                                0x0800149f   Thumb Code    62  btod.o(CL$$btod_d2e)
    _d2e_denorm_low                          0x080014dd   Thumb Code    70  btod.o(CL$$btod_d2e_denorm_low)
    _d2e_norm_op1                            0x08001523   Thumb Code    96  btod.o(CL$$btod_d2e_norm_op1)
    __btod_div_common                        0x08001583   Thumb Code   696  btod.o(CL$$btod_div_common)
    _e2e                                     0x080018bb   Thumb Code   198  btod.o(CL$$btod_e2e)
    _btod_ediv                               0x08001981   Thumb Code    40  btod.o(CL$$btod_ediv)
    _btod_emul                               0x080019a9   Thumb Code    40  btod.o(CL$$btod_emul)
    __btod_mult_common                       0x080019d1   Thumb Code   580  btod.o(CL$$btod_mult_common)
    BusFault_Handler                         0x08001c15   Thumb Code     4  stm32f4xx_it.o(i.BusFault_Handler)
    DebugMon_Handler                         0x08001c19   Thumb Code     2  stm32f4xx_it.o(i.DebugMon_Handler)
    EXTI3_IRQHandler                         0x08001c1d   Thumb Code    32  button.o(i.EXTI3_IRQHandler)
    EXTI4_IRQHandler                         0x08001c41   Thumb Code    32  button.o(i.EXTI4_IRQHandler)
    EXTI9_5_IRQHandler                       0x08001c65   Thumb Code   152  button.o(i.EXTI9_5_IRQHandler)
    EXTI_ClearITPendingBit                   0x08001d01   Thumb Code     6  stm32f4xx_exti.o(i.EXTI_ClearITPendingBit)
    EXTI_GetFlagStatus                       0x08001d0d   Thumb Code    20  stm32f4xx_exti.o(i.EXTI_GetFlagStatus)
    EXTI_Init                                0x08001d25   Thumb Code   142  stm32f4xx_exti.o(i.EXTI_Init)
    GPIO_Init                                0x08001db9   Thumb Code   144  stm32f4xx_gpio.o(i.GPIO_Init)
    GPIO_PinAFConfig                         0x08001e49   Thumb Code    70  stm32f4xx_gpio.o(i.GPIO_PinAFConfig)
    GPIO_ReadInputDataBit                    0x08001e8f   Thumb Code    18  stm32f4xx_gpio.o(i.GPIO_ReadInputDataBit)
    GPIO_ResetBits                           0x08001ea1   Thumb Code     4  stm32f4xx_gpio.o(i.GPIO_ResetBits)
    GPIO_SetBits                             0x08001ea5   Thumb Code     4  stm32f4xx_gpio.o(i.GPIO_SetBits)
    HardFault_Handler                        0x08001ea9   Thumb Code     4  stm32f4xx_it.o(i.HardFault_Handler)
    MemManage_Handler                        0x08001ead   Thumb Code     4  stm32f4xx_it.o(i.MemManage_Handler)
    NMI_Handler                              0x08001eb1   Thumb Code     2  stm32f4xx_it.o(i.NMI_Handler)
    NVIC_Init                                0x08001eb5   Thumb Code   106  misc.o(i.NVIC_Init)
    NVIC_PriorityGroupConfig                 0x08001f2d   Thumb Code    10  misc.o(i.NVIC_PriorityGroupConfig)
    PendSV_Handler                           0x08001f41   Thumb Code     2  stm32f4xx_it.o(i.PendSV_Handler)
    RCC_AHB1PeriphClockCmd                   0x08001f45   Thumb Code    26  stm32f4xx_rcc.o(i.RCC_AHB1PeriphClockCmd)
    RCC_APB1PeriphClockCmd                   0x08001f65   Thumb Code    26  stm32f4xx_rcc.o(i.RCC_APB1PeriphClockCmd)
    RCC_APB1PeriphResetCmd                   0x08001f85   Thumb Code    26  stm32f4xx_rcc.o(i.RCC_APB1PeriphResetCmd)
    RCC_APB2PeriphClockCmd                   0x08001fa5   Thumb Code    26  stm32f4xx_rcc.o(i.RCC_APB2PeriphClockCmd)
    RCC_APB2PeriphResetCmd                   0x08001fc5   Thumb Code    26  stm32f4xx_rcc.o(i.RCC_APB2PeriphResetCmd)
    RCC_GetClocksFreq                        0x08001fe5   Thumb Code   214  stm32f4xx_rcc.o(i.RCC_GetClocksFreq)
    SPI_Cmd                                  0x080020cd   Thumb Code    24  stm32f4xx_spi.o(i.SPI_Cmd)
    SPI_I2S_DeInit                           0x080020e5   Thumb Code   152  stm32f4xx_spi.o(i.SPI_I2S_DeInit)
    SPI_I2S_GetFlagStatus                    0x08002195   Thumb Code    18  stm32f4xx_spi.o(i.SPI_I2S_GetFlagStatus)
    SPI_I2S_ReceiveData                      0x080021a7   Thumb Code     6  stm32f4xx_spi.o(i.SPI_I2S_ReceiveData)
    SPI_I2S_SendData                         0x080021ad   Thumb Code     4  stm32f4xx_spi.o(i.SPI_I2S_SendData)
    SPI_Init                                 0x080021b1   Thumb Code    60  stm32f4xx_spi.o(i.SPI_Init)
    SVC_Handler                              0x080021ed   Thumb Code     2  stm32f4xx_it.o(i.SVC_Handler)
    SYSCFG_EXTILineConfig                    0x080021f1   Thumb Code    60  stm32f4xx_syscfg.o(i.SYSCFG_EXTILineConfig)
    SysTick_Handler                          0x0800231d   Thumb Code    12  stm32f4xx_it.o(i.SysTick_Handler)
    SystemCoreClockUpdate                    0x0800232d   Thumb Code   170  system_stm32f4xx.o(i.SystemCoreClockUpdate)
    SystemInit                               0x080023ed   Thumb Code    88  system_stm32f4xx.o(i.SystemInit)
    TIM3_IRQHandler                          0x08002455   Thumb Code   194  stepper.o(i.TIM3_IRQHandler)
    TIM_CCxCmd                               0x08002521   Thumb Code    30  stm32f4xx_tim.o(i.TIM_CCxCmd)
    TIM_ClearITPendingBit                    0x0800253f   Thumb Code     6  stm32f4xx_tim.o(i.TIM_ClearITPendingBit)
    TIM_Cmd                                  0x08002545   Thumb Code    24  stm32f4xx_tim.o(i.TIM_Cmd)
    TIM_GetCounter                           0x0800255d   Thumb Code     6  stm32f4xx_tim.o(i.TIM_GetCounter)
    TIM_GetITStatus                          0x08002563   Thumb Code    34  stm32f4xx_tim.o(i.TIM_GetITStatus)
    TIM_ITConfig                             0x08002585   Thumb Code    18  stm32f4xx_tim.o(i.TIM_ITConfig)
    TIM_OC1Init                              0x08002599   Thumb Code   114  stm32f4xx_tim.o(i.TIM_OC1Init)
    TIM_OC1PreloadConfig                     0x08002615   Thumb Code    18  stm32f4xx_tim.o(i.TIM_OC1PreloadConfig)
    TIM_OC2Init                              0x08002629   Thumb Code   154  stm32f4xx_tim.o(i.TIM_OC2Init)
    TIM_OC2PreloadConfig                     0x080026cd   Thumb Code    26  stm32f4xx_tim.o(i.TIM_OC2PreloadConfig)
    TIM_OC3Init                              0x080026e9   Thumb Code   150  stm32f4xx_tim.o(i.TIM_OC3Init)
    TIM_OC3PreloadConfig                     0x08002789   Thumb Code    18  stm32f4xx_tim.o(i.TIM_OC3PreloadConfig)
    TIM_SelectOCxM                           0x0800279b   Thumb Code    86  stm32f4xx_tim.o(i.TIM_SelectOCxM)
    TIM_SetCompare1                          0x080027f1   Thumb Code     4  stm32f4xx_tim.o(i.TIM_SetCompare1)
    TIM_SetCompare2                          0x080027f5   Thumb Code     4  stm32f4xx_tim.o(i.TIM_SetCompare2)
    TIM_SetCompare3                          0x080027f9   Thumb Code     4  stm32f4xx_tim.o(i.TIM_SetCompare3)
    TIM_TimeBaseInit                         0x080027fd   Thumb Code   104  stm32f4xx_tim.o(i.TIM_TimeBaseInit)
    USART2_IRQHandler                        0x08002881   Thumb Code    46  usb_driver.o(i.USART2_IRQHandler)
    USART_ClearITPendingBit                  0x080028b9   Thumb Code    30  stm32f4xx_usart.o(i.USART_ClearITPendingBit)
    USART_Cmd                                0x080028d7   Thumb Code    24  stm32f4xx_usart.o(i.USART_Cmd)
    USART_GetFlagStatus                      0x080028ef   Thumb Code    26  stm32f4xx_usart.o(i.USART_GetFlagStatus)
    USART_GetITStatus                        0x08002909   Thumb Code    84  stm32f4xx_usart.o(i.USART_GetITStatus)
    USART_ITConfig                           0x0800295d   Thumb Code    74  stm32f4xx_usart.o(i.USART_ITConfig)
    USART_Init                               0x080029a9   Thumb Code   204  stm32f4xx_usart.o(i.USART_Init)
    USART_ReceiveData                        0x08002a7d   Thumb Code    10  stm32f4xx_usart.o(i.USART_ReceiveData)
    USART_SendData                           0x08002a87   Thumb Code     8  stm32f4xx_usart.o(i.USART_SendData)
    UsageFault_Handler                       0x08002a8f   Thumb Code     4  stm32f4xx_it.o(i.UsageFault_Handler)
    __ARM_fpclassify                         0x08002a93   Thumb Code    48  fpclassify.o(i.__ARM_fpclassify)
    _delay_ms                                0x08002ac3   Thumb Code    28  ticks.o(i._delay_ms)
    _is_digit                                0x08002adf   Thumb Code    14  __printf_wp.o(i._is_digit)
    button_init                              0x08002aed   Thumb Code   222  button.o(i.button_init)
    button_set_handler                       0x08002bd1   Thumb Code     8  button.o(i.button_set_handler)
    get_ticks                                0x08002bdd   Thumb Code     6  ticks.o(i.get_ticks)
    led_init                                 0x08002be9   Thumb Code    78  led.o(i.led_init)
    led_off                                  0x08002c41   Thumb Code    36  led.o(i.led_off)
    led_on                                   0x08002c6d   Thumb Code    36  led.o(i.led_on)
    led_toggle                               0x08002c99   Thumb Code    26  led.o(i.led_toggle)
    main                                     0x08002cb9   Thumb Code   360  main.o(i.main)
    read                                     0x08002e7d   Thumb Code    40  main.o(i.read)
    scanner_inc_height                       0x08002eb1   Thumb Code    30  main.o(i.scanner_inc_height)
    scanner_lower_btn_handler                0x08002ed9   Thumb Code   100  main.o(i.scanner_lower_btn_handler)
    scanner_rotate_plate                     0x08002f51   Thumb Code    30  main.o(i.scanner_rotate_plate)
    scanner_standby                          0x08002f79   Thumb Code     2  main.o(i.scanner_standby)
    scanner_start_btn_handler                0x08002f7d   Thumb Code    56  main.o(i.scanner_start_btn_handler)
    stepper_get_count                        0x08002fc1   Thumb Code    16  stepper.o(i.stepper_get_count)
    stepper_get_params                       0x08002fd5   Thumb Code    14  stepper.o(i.stepper_get_params)
    stepper_get_vel                          0x08003009   Thumb Code    18  stepper.o(i.stepper_get_vel)
    stepper_init                             0x08003095   Thumb Code   110  stepper.o(i.stepper_init)
    stepper_is_idle                          0x08003115   Thumb Code    28  stepper.o(i.stepper_is_idle)
    stepper_set_deg                          0x08003155   Thumb Code    66  stepper.o(i.stepper_set_deg)
    stepper_set_vel                          0x080031fd   Thumb Code   102  stepper.o(i.stepper_set_vel)
    test                                     0x08003325   Thumb Code    48  main.o(i.test)
    tft_clear                                0x080033ed   Thumb Code    32  lcd_main.o(i.tft_clear)
    tft_clear_line                           0x08003415   Thumb Code   108  lcd_main.o(i.tft_clear_line)
    tft_fill_color                           0x0800349d   Thumb Code    74  lcd_main.o(i.tft_fill_color)
    tft_init                                 0x080034ed   Thumb Code   792  lcd_main.o(i.tft_init)
    tft_println                              0x08003829   Thumb Code    70  lcd_main.o(i.tft_println)
    tft_set_bg_color                         0x08003879   Thumb Code     6  lcd_main.o(i.tft_set_bg_color)
    tft_set_special_color                    0x080039d9   Thumb Code     6  lcd_main.o(i.tft_set_special_color)
    tft_set_text_color                       0x080039e5   Thumb Code     6  lcd_main.o(i.tft_set_text_color)
    tft_spi_init                             0x080039f1   Thumb Code   168  lcd_main.o(i.tft_spi_init)
    tft_update                               0x08003aa1   Thumb Code   338  lcd_main.o(i.tft_update)
    ticks_init                               0x08003cb9   Thumb Code    88  ticks.o(i.ticks_init)
    usb_driver_init                          0x08003d85   Thumb Code    16  usb_driver.o(i.usb_driver_init)
    _get_lc_numeric                          0x08003e05   Thumb Code    44  lc_numeric_c.o(locale$$code)
    _get_lc_ctype                            0x08003e31   Thumb Code    44  lc_ctype_c.o(locale$$code)
    _fp_init                                 0x08003e5d   Thumb Code    10  fpinit.o(x$fpl$fpinit)
    __fplib_config_fpu_vfp                   0x08003e65   Thumb Code     0  fpinit.o(x$fpl$fpinit)
    __fplib_config_pureend_doubles           0x08003e65   Thumb Code     0  fpinit.o(x$fpl$fpinit)
    _printf_fp_dec                           0x08003e67   Thumb Code     4  printf1.o(x$fpl$printf1)
    _printf_fp_hex                           0x08003e6b   Thumb Code     4  printf2.o(x$fpl$printf2)
    __I$use$fp                               0x08003e6e   Number         0  usenofp.o(x$fpl$usenofp)
    Region$$Table$$Base                      0x08003fb0   Number         0  anon$$obj.o(Region$$Table)
    Region$$Table$$Limit                     0x08003fd0   Number         0  anon$$obj.o(Region$$Table)
    __ctype                                  0x08003ff9   Data           0  lc_ctype_c.o(locale$$data)
    SystemCoreClock                          0x20000010   Data           4  system_stm32f4xx.o(.data)
    AHBPrescTable                            0x20000014   Data          16  system_stm32f4xx.o(.data)
    ticksImg                                 0x20000024   Data           4  main.o(.data)
    curState                                 0x20000028   Data           4  main.o(.data)
    buffer                                   0x2000002c   Data           5  main.o(.data)
    ticks                                    0x20000034   Data           4  stm32f4xx_it.o(.data)
    ascii_8x16                               0x2000003a   Data        1536  lcd_main.o(.data)
    curr_bg_color                            0x2000063a   Data           2  lcd_main.o(.data)
    curr_text_color                          0x2000063c   Data           2  lcd_main.o(.data)
    curr_text_color_sp                       0x2000063e   Data           2  lcd_main.o(.data)
    tft_orientation                          0x20000642   Data           1  lcd_main.o(.data)
    tft_enabled                              0x20000643   Data           1  lcd_main.o(.data)
    tft_width                                0x20000644   Data           1  lcd_main.o(.data)
    tft_height                               0x20000645   Data           1  lcd_main.o(.data)
    tft_y_index                              0x20000646   Data           1  lcd_main.o(.data)
    char_max_x                               0x20000647   Data           1  lcd_main.o(.data)
    char_max_y                               0x20000648   Data           1  lcd_main.o(.data)
    cur_screen                               0x20000649   Data           1  lcd_main.o(.data)
    next_screen                              0x2000064a   Data           1  lcd_main.o(.data)
    pointer_to_curr_screen                   0x2000064b   Data           1  lcd_main.o(.data)
    print_pos                                0x2000064c   Data           2  lcd_main.o(.data)
    responseList                             0x20000654   Data         136  usb_driver.o(.data)
    text_buf                                 0x20000724   Data         320  lcd_main.o(.bss)
    text_color_buf                           0x20000864   Data         640  lcd_main.o(.bss)
    bg_color_buf                             0x20000ae4   Data         640  lcd_main.o(.bss)
    __libspace_start                         0x20000d80   Data          96  libspace.o(.bss)
    __temporary_stack_top$libspace           0x20000de0   Data           0  libspace.o(.bss)



==============================================================================

Memory Map of the image

  Image Entry point : 0x08000189

  Load Region LR_IROM1 (Base: 0x08000000, Size: 0x000047d8, Max: 0x00100000, ABSOLUTE, COMPRESSED[0x0000442c])

    Execution Region ER_IROM1 (Base: 0x08000000, Size: 0x000040fc, Max: 0x00100000, ABSOLUTE)

    Base Addr    Size         Type   Attr      Idx    E Section Name        Object

    0x08000000   0x00000188   Data   RO         4984    RESET               startup_stm32f40_41xxx.o
    0x08000188   0x00000008   Code   RO         5646  * !!!main             c_w.l(__main.o)
    0x08000190   0x00000034   Code   RO         5969    !!!scatter          c_w.l(__scatter.o)
    0x080001c4   0x0000005a   Code   RO         5967    !!dczerorl2         c_w.l(__dczerorl2.o)
    0x0800021e   0x00000002   PAD
    0x08000220   0x0000001c   Code   RO         5971    !!handler_zi        c_w.l(__scatter_zi.o)
    0x0800023c   0x00000000   Code   RO         5730    .ARM.Collect$$_printf_percent$$00000000  c_w.l(_printf_percent.o)
    0x0800023c   0x00000006   Code   RO         5719    .ARM.Collect$$_printf_percent$$00000001  c_w.l(_printf_n.o)
    0x08000242   0x00000006   Code   RO         5721    .ARM.Collect$$_printf_percent$$00000002  c_w.l(_printf_p.o)
    0x08000248   0x00000006   Code   RO         5726    .ARM.Collect$$_printf_percent$$00000003  c_w.l(_printf_f.o)
    0x0800024e   0x00000006   Code   RO         5727    .ARM.Collect$$_printf_percent$$00000004  c_w.l(_printf_e.o)
    0x08000254   0x00000006   Code   RO         5728    .ARM.Collect$$_printf_percent$$00000005  c_w.l(_printf_g.o)
    0x0800025a   0x00000006   Code   RO         5729    .ARM.Collect$$_printf_percent$$00000006  c_w.l(_printf_a.o)
    0x08000260   0x0000000a   Code   RO         5734    .ARM.Collect$$_printf_percent$$00000007  c_w.l(_printf_ll.o)
    0x0800026a   0x00000006   Code   RO         5723    .ARM.Collect$$_printf_percent$$00000008  c_w.l(_printf_i.o)
    0x08000270   0x00000006   Code   RO         5724    .ARM.Collect$$_printf_percent$$00000009  c_w.l(_printf_d.o)
    0x08000276   0x00000006   Code   RO         5725    .ARM.Collect$$_printf_percent$$0000000A  c_w.l(_printf_u.o)
    0x0800027c   0x00000006   Code   RO         5722    .ARM.Collect$$_printf_percent$$0000000B  c_w.l(_printf_o.o)
    0x08000282   0x00000006   Code   RO         5720    .ARM.Collect$$_printf_percent$$0000000C  c_w.l(_printf_x.o)
    0x08000288   0x00000006   Code   RO         5731    .ARM.Collect$$_printf_percent$$0000000D  c_w.l(_printf_lli.o)
    0x0800028e   0x00000006   Code   RO         5732    .ARM.Collect$$_printf_percent$$0000000E  c_w.l(_printf_lld.o)
    0x08000294   0x00000006   Code   RO         5733    .ARM.Collect$$_printf_percent$$0000000F  c_w.l(_printf_llu.o)
    0x0800029a   0x00000006   Code   RO         5738    .ARM.Collect$$_printf_percent$$00000010  c_w.l(_printf_llo.o)
    0x080002a0   0x00000006   Code   RO         5739    .ARM.Collect$$_printf_percent$$00000011  c_w.l(_printf_llx.o)
    0x080002a6   0x0000000a   Code   RO         5735    .ARM.Collect$$_printf_percent$$00000012  c_w.l(_printf_l.o)
    0x080002b0   0x00000006   Code   RO         5717    .ARM.Collect$$_printf_percent$$00000013  c_w.l(_printf_c.o)
    0x080002b6   0x00000006   Code   RO         5718    .ARM.Collect$$_printf_percent$$00000014  c_w.l(_printf_s.o)
    0x080002bc   0x00000006   Code   RO         5736    .ARM.Collect$$_printf_percent$$00000015  c_w.l(_printf_lc.o)
    0x080002c2   0x00000006   Code   RO         5737    .ARM.Collect$$_printf_percent$$00000016  c_w.l(_printf_ls.o)
    0x080002c8   0x00000004   Code   RO         5778    .ARM.Collect$$_printf_percent$$00000017  c_w.l(_printf_percent_end.o)
    0x080002cc   0x00000002   Code   RO         5827    .ARM.Collect$$libinit$$00000000  c_w.l(libinit.o)
    0x080002ce   0x00000004   Code   RO         5843    .ARM.Collect$$libinit$$00000001  c_w.l(libinit2.o)
    0x080002d2   0x00000000   Code   RO         5846    .ARM.Collect$$libinit$$00000004  c_w.l(libinit2.o)
    0x080002d2   0x00000000   Code   RO         5849    .ARM.Collect$$libinit$$0000000A  c_w.l(libinit2.o)
    0x080002d2   0x00000000   Code   RO         5851    .ARM.Collect$$libinit$$0000000C  c_w.l(libinit2.o)
    0x080002d2   0x00000000   Code   RO         5853    .ARM.Collect$$libinit$$0000000E  c_w.l(libinit2.o)
    0x080002d2   0x00000006   Code   RO         5854    .ARM.Collect$$libinit$$0000000F  c_w.l(libinit2.o)
    0x080002d8   0x00000000   Code   RO         5856    .ARM.Collect$$libinit$$00000011  c_w.l(libinit2.o)
    0x080002d8   0x0000000c   Code   RO         5857    .ARM.Collect$$libinit$$00000012  c_w.l(libinit2.o)
    0x080002e4   0x00000000   Code   RO         5858    .ARM.Collect$$libinit$$00000013  c_w.l(libinit2.o)
    0x080002e4   0x00000000   Code   RO         5860    .ARM.Collect$$libinit$$00000015  c_w.l(libinit2.o)
    0x080002e4   0x0000000a   Code   RO         5861    .ARM.Collect$$libinit$$00000016  c_w.l(libinit2.o)
    0x080002ee   0x00000000   Code   RO         5862    .ARM.Collect$$libinit$$00000017  c_w.l(libinit2.o)
    0x080002ee   0x00000000   Code   RO         5864    .ARM.Collect$$libinit$$00000019  c_w.l(libinit2.o)
    0x080002ee   0x00000000   Code   RO         5866    .ARM.Collect$$libinit$$0000001B  c_w.l(libinit2.o)
    0x080002ee   0x00000000   Code   RO         5868    .ARM.Collect$$libinit$$0000001D  c_w.l(libinit2.o)
    0x080002ee   0x00000000   Code   RO         5870    .ARM.Collect$$libinit$$0000001F  c_w.l(libinit2.o)
    0x080002ee   0x00000000   Code   RO         5872    .ARM.Collect$$libinit$$00000021  c_w.l(libinit2.o)
    0x080002ee   0x00000000   Code   RO         5874    .ARM.Collect$$libinit$$00000023  c_w.l(libinit2.o)
    0x080002ee   0x00000000   Code   RO         5876    .ARM.Collect$$libinit$$00000025  c_w.l(libinit2.o)
    0x080002ee   0x00000000   Code   RO         5880    .ARM.Collect$$libinit$$0000002C  c_w.l(libinit2.o)
    0x080002ee   0x00000000   Code   RO         5882    .ARM.Collect$$libinit$$0000002E  c_w.l(libinit2.o)
    0x080002ee   0x00000000   Code   RO         5884    .ARM.Collect$$libinit$$00000030  c_w.l(libinit2.o)
    0x080002ee   0x00000000   Code   RO         5886    .ARM.Collect$$libinit$$00000032  c_w.l(libinit2.o)
    0x080002ee   0x00000002   Code   RO         5887    .ARM.Collect$$libinit$$00000033  c_w.l(libinit2.o)
    0x080002f0   0x00000002   Code   RO         5907    .ARM.Collect$$libshutdown$$00000000  c_w.l(libshutdown.o)
    0x080002f2   0x00000000   Code   RO         5920    .ARM.Collect$$libshutdown$$00000002  c_w.l(libshutdown2.o)
    0x080002f2   0x00000000   Code   RO         5922    .ARM.Collect$$libshutdown$$00000004  c_w.l(libshutdown2.o)
    0x080002f2   0x00000000   Code   RO         5925    .ARM.Collect$$libshutdown$$00000007  c_w.l(libshutdown2.o)
    0x080002f2   0x00000000   Code   RO         5928    .ARM.Collect$$libshutdown$$0000000A  c_w.l(libshutdown2.o)
    0x080002f2   0x00000000   Code   RO         5930    .ARM.Collect$$libshutdown$$0000000C  c_w.l(libshutdown2.o)
    0x080002f2   0x00000000   Code   RO         5933    .ARM.Collect$$libshutdown$$0000000F  c_w.l(libshutdown2.o)
    0x080002f2   0x00000002   Code   RO         5934    .ARM.Collect$$libshutdown$$00000010  c_w.l(libshutdown2.o)
    0x080002f4   0x00000000   Code   RO         5648    .ARM.Collect$$rtentry$$00000000  c_w.l(__rtentry.o)
    0x080002f4   0x00000000   Code   RO         5749    .ARM.Collect$$rtentry$$00000002  c_w.l(__rtentry2.o)
    0x080002f4   0x00000006   Code   RO         5761    .ARM.Collect$$rtentry$$00000004  c_w.l(__rtentry4.o)
    0x080002fa   0x00000000   Code   RO         5751    .ARM.Collect$$rtentry$$00000009  c_w.l(__rtentry2.o)
    0x080002fa   0x00000004   Code   RO         5752    .ARM.Collect$$rtentry$$0000000A  c_w.l(__rtentry2.o)
    0x080002fe   0x00000000   Code   RO         5754    .ARM.Collect$$rtentry$$0000000C  c_w.l(__rtentry2.o)
    0x080002fe   0x00000008   Code   RO         5755    .ARM.Collect$$rtentry$$0000000D  c_w.l(__rtentry2.o)
    0x08000306   0x00000002   Code   RO         5836    .ARM.Collect$$rtexit$$00000000  c_w.l(rtexit.o)
    0x08000308   0x00000000   Code   RO         5889    .ARM.Collect$$rtexit$$00000002  c_w.l(rtexit2.o)
    0x08000308   0x00000004   Code   RO         5890    .ARM.Collect$$rtexit$$00000003  c_w.l(rtexit2.o)
    0x0800030c   0x00000006   Code   RO         5891    .ARM.Collect$$rtexit$$00000004  c_w.l(rtexit2.o)
    0x08000312   0x00000002   PAD
    0x08000314   0x00000040   Code   RO         4985    .text               startup_stm32f40_41xxx.o
    0x08000354   0x00000024   Code   RO         5640    .text               c_w.l(vsprintf.o)
    0x08000378   0x00000064   Code   RO         5642    .text               c_w.l(rt_memcpy_w.o)
    0x080003dc   0x00000006   Code   RO         5644    .text               c_w.l(heapauxi.o)
    0x080003e2   0x0000004e   Code   RO         5651    .text               c_w.l(_printf_pad.o)
    0x08000430   0x00000024   Code   RO         5653    .text               c_w.l(_printf_truncate.o)
    0x08000454   0x00000052   Code   RO         5655    .text               c_w.l(_printf_str.o)
    0x080004a6   0x00000002   PAD
    0x080004a8   0x00000078   Code   RO         5657    .text               c_w.l(_printf_dec.o)
    0x08000520   0x00000028   Code   RO         5659    .text               c_w.l(_printf_charcount.o)
    0x08000548   0x00000030   Code   RO         5661    .text               c_w.l(_printf_char_common.o)
    0x08000578   0x0000000a   Code   RO         5663    .text               c_w.l(_sputc.o)
    0x08000582   0x00000002   PAD
    0x08000584   0x000000bc   Code   RO         5665    .text               c_w.l(_printf_wctomb.o)
    0x08000640   0x0000007c   Code   RO         5668    .text               c_w.l(_printf_longlong_dec.o)
    0x080006bc   0x00000070   Code   RO         5674    .text               c_w.l(_printf_oct_int_ll.o)
    0x0800072c   0x00000094   Code   RO         5694    .text               c_w.l(_printf_hex_int_ll_ptr.o)
    0x080007c0   0x00000188   Code   RO         5714    .text               c_w.l(__printf_flags_ss_wp.o)
    0x08000948   0x0000008a   Code   RO         5763    .text               c_w.l(lludiv10.o)
    0x080009d2   0x000000b2   Code   RO         5765    .text               c_w.l(_printf_intcommon.o)
    0x08000a84   0x0000041a   Code   RO         5767    .text               c_w.l(_printf_fp_dec.o)
    0x08000e9e   0x00000002   PAD
    0x08000ea0   0x000002fc   Code   RO         5769    .text               c_w.l(_printf_fp_hex.o)
    0x0800119c   0x0000002c   Code   RO         5774    .text               c_w.l(_printf_char.o)
    0x080011c8   0x0000002c   Code   RO         5776    .text               c_w.l(_printf_wchar.o)
    0x080011f4   0x00000040   Code   RO         5779    .text               c_w.l(_wcrtomb.o)
    0x08001234   0x0000004a   Code   RO         5781    .text               c_w.l(sys_stackheap_outer.o)
    0x0800127e   0x00000002   PAD
    0x08001280   0x00000010   Code   RO         5783    .text               c_w.l(rt_ctype_table.o)
    0x08001290   0x00000008   Code   RO         5788    .text               c_w.l(rt_locale_intlibspace.o)
    0x08001298   0x00000080   Code   RO         5790    .text               c_w.l(_printf_fp_infnan.o)
    0x08001318   0x000000dc   Code   RO         5792    .text               c_w.l(bigflt0.o)
    0x080013f4   0x00000012   Code   RO         5820    .text               c_w.l(exit.o)
    0x08001406   0x00000002   PAD
    0x08001408   0x00000008   Code   RO         5833    .text               c_w.l(libspace.o)
    0x08001410   0x00000080   Code   RO         5841    .text               c_w.l(strcmpv7m.o)
    0x08001490   0x0000000c   Code   RO         5899    .text               c_w.l(sys_exit.o)
    0x0800149c   0x00000002   Code   RO         5910    .text               c_w.l(use_no_semi.o)
    0x0800149e   0x00000000   Code   RO         5912    .text               c_w.l(indicate_semi.o)
    0x0800149e   0x0000003e   Code   RO         5795    CL$$btod_d2e        c_w.l(btod.o)
    0x080014dc   0x00000046   Code   RO         5797    CL$$btod_d2e_denorm_low  c_w.l(btod.o)
    0x08001522   0x00000060   Code   RO         5796    CL$$btod_d2e_norm_op1  c_w.l(btod.o)
    0x08001582   0x00000338   Code   RO         5805    CL$$btod_div_common  c_w.l(btod.o)
    0x080018ba   0x000000c6   Code   RO         5802    CL$$btod_e2e        c_w.l(btod.o)
    0x08001980   0x00000028   Code   RO         5799    CL$$btod_ediv       c_w.l(btod.o)
    0x080019a8   0x00000028   Code   RO         5798    CL$$btod_emul       c_w.l(btod.o)
    0x080019d0   0x00000244   Code   RO         5804    CL$$btod_mult_common  c_w.l(btod.o)
    0x08001c14   0x00000004   Code   RO         5092    i.BusFault_Handler  stm32f4xx_it.o
    0x08001c18   0x00000002   Code   RO         5093    i.DebugMon_Handler  stm32f4xx_it.o
    0x08001c1a   0x00000002   PAD
    0x08001c1c   0x00000024   Code   RO         5528    i.EXTI3_IRQHandler  button.o
    0x08001c40   0x00000024   Code   RO         5529    i.EXTI4_IRQHandler  button.o
    0x08001c64   0x0000009c   Code   RO         5530    i.EXTI9_5_IRQHandler  button.o
    0x08001d00   0x0000000c   Code   RO         1408    i.EXTI_ClearITPendingBit  stm32f4xx_exti.o
    0x08001d0c   0x00000018   Code   RO         1411    i.EXTI_GetFlagStatus  stm32f4xx_exti.o
    0x08001d24   0x00000094   Code   RO         1413    i.EXTI_Init         stm32f4xx_exti.o
    0x08001db8   0x00000090   Code   RO         1901    i.GPIO_Init         stm32f4xx_gpio.o
    0x08001e48   0x00000046   Code   RO         1902    i.GPIO_PinAFConfig  stm32f4xx_gpio.o
    0x08001e8e   0x00000012   Code   RO         1905    i.GPIO_ReadInputDataBit  stm32f4xx_gpio.o
    0x08001ea0   0x00000004   Code   RO         1908    i.GPIO_ResetBits    stm32f4xx_gpio.o
    0x08001ea4   0x00000004   Code   RO         1909    i.GPIO_SetBits      stm32f4xx_gpio.o
    0x08001ea8   0x00000004   Code   RO         5094    i.HardFault_Handler  stm32f4xx_it.o
    0x08001eac   0x00000004   Code   RO         5095    i.MemManage_Handler  stm32f4xx_it.o
    0x08001eb0   0x00000002   Code   RO         5096    i.NMI_Handler       stm32f4xx_it.o
    0x08001eb2   0x00000002   PAD
    0x08001eb4   0x00000078   Code   RO            3    i.NVIC_Init         misc.o
    0x08001f2c   0x00000014   Code   RO            4    i.NVIC_PriorityGroupConfig  misc.o
    0x08001f40   0x00000002   Code   RO         5097    i.PendSV_Handler    stm32f4xx_it.o
    0x08001f42   0x00000002   PAD
    0x08001f44   0x00000020   Code   RO         2787    i.RCC_AHB1PeriphClockCmd  stm32f4xx_rcc.o
    0x08001f64   0x00000020   Code   RO         2796    i.RCC_APB1PeriphClockCmd  stm32f4xx_rcc.o
    0x08001f84   0x00000020   Code   RO         2798    i.RCC_APB1PeriphResetCmd  stm32f4xx_rcc.o
    0x08001fa4   0x00000020   Code   RO         2799    i.RCC_APB2PeriphClockCmd  stm32f4xx_rcc.o
    0x08001fc4   0x00000020   Code   RO         2801    i.RCC_APB2PeriphResetCmd  stm32f4xx_rcc.o
    0x08001fe4   0x000000e8   Code   RO         2808    i.RCC_GetClocksFreq  stm32f4xx_rcc.o
    0x080020cc   0x00000018   Code   RO         3921    i.SPI_Cmd           stm32f4xx_spi.o
    0x080020e4   0x000000b0   Code   RO         3928    i.SPI_I2S_DeInit    stm32f4xx_spi.o
    0x08002194   0x00000012   Code   RO         3929    i.SPI_I2S_GetFlagStatus  stm32f4xx_spi.o
    0x080021a6   0x00000006   Code   RO         3932    i.SPI_I2S_ReceiveData  stm32f4xx_spi.o
    0x080021ac   0x00000004   Code   RO         3933    i.SPI_I2S_SendData  stm32f4xx_spi.o
    0x080021b0   0x0000003c   Code   RO         3934    i.SPI_Init          stm32f4xx_spi.o
    0x080021ec   0x00000002   Code   RO         5098    i.SVC_Handler       stm32f4xx_it.o
    0x080021ee   0x00000002   PAD
    0x080021f0   0x00000040   Code   RO         4082    i.SYSCFG_EXTILineConfig  stm32f4xx_syscfg.o
    0x08002230   0x000000ec   Code   RO         4947    i.SetSysClock       system_stm32f4xx.o
    0x0800231c   0x00000010   Code   RO         5099    i.SysTick_Handler   stm32f4xx_it.o
    0x0800232c   0x000000c0   Code   RO         4948    i.SystemCoreClockUpdate  system_stm32f4xx.o
    0x080023ec   0x00000068   Code   RO         4949    i.SystemInit        system_stm32f4xx.o
    0x08002454   0x000000cc   Code   RO         5208    i.TIM3_IRQHandler   stepper.o
    0x08002520   0x0000001e   Code   RO         4143    i.TIM_CCxCmd        stm32f4xx_tim.o
    0x0800253e   0x00000006   Code   RO         4146    i.TIM_ClearITPendingBit  stm32f4xx_tim.o
    0x08002544   0x00000018   Code   RO         4151    i.TIM_Cmd           stm32f4xx_tim.o
    0x0800255c   0x00000006   Code   RO         4170    i.TIM_GetCounter    stm32f4xx_tim.o
    0x08002562   0x00000022   Code   RO         4172    i.TIM_GetITStatus   stm32f4xx_tim.o
    0x08002584   0x00000012   Code   RO         4176    i.TIM_ITConfig      stm32f4xx_tim.o
    0x08002596   0x00000002   PAD
    0x08002598   0x0000007c   Code   RO         4180    i.TIM_OC1Init       stm32f4xx_tim.o
    0x08002614   0x00000012   Code   RO         4183    i.TIM_OC1PreloadConfig  stm32f4xx_tim.o
    0x08002626   0x00000002   PAD
    0x08002628   0x000000a4   Code   RO         4185    i.TIM_OC2Init       stm32f4xx_tim.o
    0x080026cc   0x0000001a   Code   RO         4188    i.TIM_OC2PreloadConfig  stm32f4xx_tim.o
    0x080026e6   0x00000002   PAD
    0x080026e8   0x000000a0   Code   RO         4190    i.TIM_OC3Init       stm32f4xx_tim.o
    0x08002788   0x00000012   Code   RO         4193    i.TIM_OC3PreloadConfig  stm32f4xx_tim.o
    0x0800279a   0x00000056   Code   RO         4207    i.TIM_SelectOCxM    stm32f4xx_tim.o
    0x080027f0   0x00000004   Code   RO         4213    i.TIM_SetCompare1   stm32f4xx_tim.o
    0x080027f4   0x00000004   Code   RO         4214    i.TIM_SetCompare2   stm32f4xx_tim.o
    0x080027f8   0x00000004   Code   RO         4215    i.TIM_SetCompare3   stm32f4xx_tim.o
    0x080027fc   0x00000084   Code   RO         4223    i.TIM_TimeBaseInit  stm32f4xx_tim.o
    0x08002880   0x00000038   Code   RO         5580    i.USART2_IRQHandler  usb_driver.o
    0x080028b8   0x0000001e   Code   RO         4698    i.USART_ClearITPendingBit  stm32f4xx_usart.o
    0x080028d6   0x00000018   Code   RO         4701    i.USART_Cmd         stm32f4xx_usart.o
    0x080028ee   0x0000001a   Code   RO         4704    i.USART_GetFlagStatus  stm32f4xx_usart.o
    0x08002908   0x00000054   Code   RO         4705    i.USART_GetITStatus  stm32f4xx_usart.o
    0x0800295c   0x0000004a   Code   RO         4707    i.USART_ITConfig    stm32f4xx_usart.o
    0x080029a6   0x00000002   PAD
    0x080029a8   0x000000d4   Code   RO         4708    i.USART_Init        stm32f4xx_usart.o
    0x08002a7c   0x0000000a   Code   RO         4715    i.USART_ReceiveData  stm32f4xx_usart.o
    0x08002a86   0x00000008   Code   RO         4718    i.USART_SendData    stm32f4xx_usart.o
    0x08002a8e   0x00000004   Code   RO         5100    i.UsageFault_Handler  stm32f4xx_it.o
    0x08002a92   0x00000030   Code   RO         5831    i.__ARM_fpclassify  m_wm.l(fpclassify.o)
    0x08002ac2   0x0000001c   Code   RO         5166    i._delay_ms         ticks.o
    0x08002ade   0x0000000e   Code   RO         5707    i._is_digit         c_w.l(__printf_wp.o)
    0x08002aec   0x000000e4   Code   RO         5532    i.button_init       button.o
    0x08002bd0   0x0000000c   Code   RO         5533    i.button_set_handler  button.o
    0x08002bdc   0x0000000c   Code   RO         5168    i.get_ticks         ticks.o
    0x08002be8   0x00000058   Code   RO         5324    i.led_init          led.o
    0x08002c40   0x0000002c   Code   RO         5325    i.led_off           led.o
    0x08002c6c   0x0000002c   Code   RO         5326    i.led_on            led.o
    0x08002c98   0x00000020   Code   RO         5327    i.led_toggle        led.o
    0x08002cb8   0x000001c4   Code   RO         4991    i.main              main.o
    0x08002e7c   0x00000034   Code   RO         4992    i.read              main.o
    0x08002eb0   0x00000028   Code   RO         4993    i.scanner_inc_height  main.o
    0x08002ed8   0x00000078   Code   RO         4994    i.scanner_lower_btn_handler  main.o
    0x08002f50   0x00000028   Code   RO         4995    i.scanner_rotate_plate  main.o
    0x08002f78   0x00000002   Code   RO         4996    i.scanner_standby   main.o
    0x08002f7a   0x00000002   PAD
    0x08002f7c   0x00000044   Code   RO         4997    i.scanner_start_btn_handler  main.o
    0x08002fc0   0x00000014   Code   RO         5209    i.stepper_get_count  stepper.o
    0x08002fd4   0x00000014   Code   RO         5210    i.stepper_get_params  stepper.o
    0x08002fe8   0x00000020   Code   RO         5211    i.stepper_get_pulse_count  stepper.o
    0x08003008   0x00000018   Code   RO         5212    i.stepper_get_vel   stepper.o
    0x08003020   0x00000074   Code   RO         5213    i.stepper_gpio_init  stepper.o
    0x08003094   0x00000080   Code   RO         5214    i.stepper_init      stepper.o
    0x08003114   0x00000020   Code   RO         5215    i.stepper_is_idle   stepper.o
    0x08003134   0x00000020   Code   RO         5216    i.stepper_nvic_init  stepper.o
    0x08003154   0x00000048   Code   RO         5217    i.stepper_set_deg   stepper.o
    0x0800319c   0x00000060   Code   RO         5218    i.stepper_set_dir_pin  stepper.o
    0x080031fc   0x00000070   Code   RO         5219    i.stepper_set_vel   stepper.o
    0x0800326c   0x000000b8   Code   RO         5220    i.stepper_timer_init  stepper.o
    0x08003324   0x00000034   Code   RO         4998    i.test              main.o
    0x08003358   0x00000094   Code   RO         5364    i.tft_char_is_changed  lcd_main.o
    0x080033ec   0x00000028   Code   RO         5365    i.tft_clear         lcd_main.o
    0x08003414   0x00000088   Code   RO         5366    i.tft_clear_line    lcd_main.o
    0x0800349c   0x00000050   Code   RO         5369    i.tft_fill_color    lcd_main.o
    0x080034ec   0x0000033c   Code   RO         5374    i.tft_init          lcd_main.o
    0x08003828   0x00000050   Code   RO         5375    i.tft_println       lcd_main.o
    0x08003878   0x0000000c   Code   RO         5378    i.tft_set_bg_color  lcd_main.o
    0x08003884   0x000000dc   Code   RO         5379    i.tft_set_buffer    lcd_main.o
    0x08003960   0x00000078   Code   RO         5380    i.tft_set_region    lcd_main.o
    0x080039d8   0x0000000c   Code   RO         5381    i.tft_set_special_color  lcd_main.o
    0x080039e4   0x0000000c   Code   RO         5382    i.tft_set_text_color  lcd_main.o
    0x080039f0   0x000000b0   Code   RO         5383    i.tft_spi_init      lcd_main.o
    0x08003aa0   0x00000178   Code   RO         5384    i.tft_update        lcd_main.o
    0x08003c18   0x00000050   Code   RO         5385    i.tft_write_command  lcd_main.o
    0x08003c68   0x00000050   Code   RO         5386    i.tft_write_data    lcd_main.o
    0x08003cb8   0x00000068   Code   RO         5169    i.ticks_init        ticks.o
    0x08003d20   0x00000064   Code   RO         5583    i.usb_driver_gpio_init  usb_driver.o
    0x08003d84   0x00000010   Code   RO         5584    i.usb_driver_init   usb_driver.o
    0x08003d94   0x00000022   Code   RO         5585    i.usb_driver_nvic_init  usb_driver.o
    0x08003db6   0x00000002   PAD
    0x08003db8   0x0000004c   Code   RO         5586    i.usb_driver_usart_init  usb_driver.o
    0x08003e04   0x0000002c   Code   RO         5818    locale$$code        c_w.l(lc_numeric_c.o)
    0x08003e30   0x0000002c   Code   RO         5839    locale$$code        c_w.l(lc_ctype_c.o)
    0x08003e5c   0x0000000a   Code   RO         5897    x$fpl$fpinit        fz_wm.l(fpinit.o)
    0x08003e66   0x00000004   Code   RO         5740    x$fpl$printf1       fz_wm.l(printf1.o)
    0x08003e6a   0x00000004   Code   RO         5742    x$fpl$printf2       fz_wm.l(printf2.o)
    0x08003e6e   0x00000000   Code   RO         5830    x$fpl$usenofp       fz_wm.l(usenofp.o)
    0x08003e6e   0x00000002   PAD
    0x08003e70   0x00000008   Data   RO         5666    .constdata          c_w.l(_printf_wctomb.o)
    0x08003e78   0x00000028   Data   RO         5695    .constdata          c_w.l(_printf_hex_int_ll_ptr.o)
    0x08003ea0   0x00000011   Data   RO         5715    .constdata          c_w.l(__printf_flags_ss_wp.o)
    0x08003eb1   0x00000026   Data   RO         5770    .constdata          c_w.l(_printf_fp_hex.o)
    0x08003ed7   0x00000001   PAD
    0x08003ed8   0x00000094   Data   RO         5793    .constdata          c_w.l(bigflt0.o)
    0x08003f6c   0x00000042   Data   RO         5588    .conststring        usb_driver.o
    0x08003fae   0x00000002   PAD
    0x08003fb0   0x00000020   Data   RO         5965    Region$$Table       anon$$obj.o
    0x08003fd0   0x0000001c   Data   RO         5817    locale$$data        c_w.l(lc_numeric_c.o)
    0x08003fec   0x00000110   Data   RO         5838    locale$$data        c_w.l(lc_ctype_c.o)


    Execution Region RW_IRAM1 (Base: 0x20000000, Size: 0x000013e0, Max: 0x00020000, ABSOLUTE, COMPRESSED[0x00000330])

    Base Addr    Size         Type   Attr      Idx    E Section Name        Object

    0x20000000   0x00000010   Data   RW         2840    .data               stm32f4xx_rcc.o
    0x20000010   0x00000014   Data   RW         4950    .data               system_stm32f4xx.o
    0x20000024   0x0000000f   Data   RW         4999    .data               main.o
    0x20000033   0x00000001   PAD
    0x20000034   0x00000004   Data   RW         5101    .data               stm32f4xx_it.o
    0x20000038   0x00000002   Data   RW         5328    .data               led.o
    0x2000003a   0x00000614   Data   RW         5388    .data               lcd_main.o
    0x2000064e   0x00000002   PAD
    0x20000650   0x0000008c   Data   RW         5589    .data               usb_driver.o
    0x200006dc   0x00000048   Zero   RW         5221    .bss                stepper.o
    0x20000724   0x00000640   Zero   RW         5387    .bss                lcd_main.o
    0x20000d64   0x0000001c   Zero   RW         5534    .bss                button.o
    0x20000d80   0x00000060   Zero   RW         5834    .bss                c_w.l(libspace.o)
    0x20000de0   0x00000200   Zero   RW         4983    HEAP                startup_stm32f40_41xxx.o
    0x20000fe0   0x00000400   Zero   RW         4982    STACK               startup_stm32f40_41xxx.o


==============================================================================

Image component sizes


      Code (inc. data)   RO Data    RW Data    ZI Data      Debug   Object Name

       468         22          0          0         28       3290   button.o
      2400        236          0       1556       1600      13337   lcd_main.o
       208         32          0          2          0       2591   led.o
       826        160          0         15          0       7162   main.o
       140         24          0          0          0     303919   misc.o
        64         26        392          0       1536        928   startup_stm32f40_41xxx.o
      1072         86          0          0         72       8502   stepper.o
       184         16          0          0          0       2282   stm32f4xx_exti.o
       240          0          0          0          0       3783   stm32f4xx_gpio.o
        40          4          0          4          0       4706   stm32f4xx_it.o
       392         48          0         16          0       6153   stm32f4xx_rcc.o
       288         24          0          0          0       4439   stm32f4xx_spi.o
        64          4          0          0          0        692   stm32f4xx_syscfg.o
       858         58          0          0          0      12078   stm32f4xx_tim.o
       468          8          0          0          0       6523   stm32f4xx_usart.o
       532         54          0         20          0       2869   system_stm32f4xx.o
       144         22          0          0          0      28064   ticks.o
       282         18         66        140          0       3141   usb_driver.o

    ----------------------------------------------------------------------
      8690        842        492       1756       3236     414459   Object Totals
         0          0         32          0          0          0   (incl. Generated)
        20          0          2          3          0          0   (incl. Padding)

    ----------------------------------------------------------------------

      Code (inc. data)   RO Data    RW Data    ZI Data      Debug   Library Member Name

        90          0          0          0          0          0   __dczerorl2.o
         8          0          0          0          0         68   __main.o
       392          4         17          0          0         92   __printf_flags_ss_wp.o
        14          0          0          0          0         68   __printf_wp.o
         0          0          0          0          0          0   __rtentry.o
        12          0          0          0          0          0   __rtentry2.o
         6          0          0          0          0          0   __rtentry4.o
        52          8          0          0          0          0   __scatter.o
        28          0          0          0          0          0   __scatter_zi.o
         6          0          0          0          0          0   _printf_a.o
         6          0          0          0          0          0   _printf_c.o
        44          0          0          0          0        108   _printf_char.o
        48          6          0          0          0         96   _printf_char_common.o
        40          0          0          0          0         68   _printf_charcount.o
         6          0          0          0          0          0   _printf_d.o
       120         16          0          0          0         92   _printf_dec.o
         6          0          0          0          0          0   _printf_e.o
         6          0          0          0          0          0   _printf_f.o
      1050          0          0          0          0        216   _printf_fp_dec.o
       764          8         38          0          0        100   _printf_fp_hex.o
       128         16          0          0          0         84   _printf_fp_infnan.o
         6          0          0          0          0          0   _printf_g.o
       148          4         40          0          0        160   _printf_hex_int_ll_ptr.o
         6          0          0          0          0          0   _printf_i.o
       178          0          0          0          0         88   _printf_intcommon.o
        10          0          0          0          0          0   _printf_l.o
         6          0          0          0          0          0   _printf_lc.o
        10          0          0          0          0          0   _printf_ll.o
         6          0          0          0          0          0   _printf_lld.o
         6          0          0          0          0          0   _printf_lli.o
         6          0          0          0          0          0   _printf_llo.o
         6          0          0          0          0          0   _printf_llu.o
         6          0          0          0          0          0   _printf_llx.o
       124         16          0          0          0         92   _printf_longlong_dec.o
         6          0          0          0          0          0   _printf_ls.o
         6          0          0          0          0          0   _printf_n.o
         6          0          0          0          0          0   _printf_o.o
       112          8          0          0          0        124   _printf_oct_int_ll.o
         6          0          0          0          0          0   _printf_p.o
        78          0          0          0          0        108   _printf_pad.o
         0          0          0          0          0          0   _printf_percent.o
         4          0          0          0          0          0   _printf_percent_end.o
         6          0          0          0          0          0   _printf_s.o
        82          0          0          0          0         80   _printf_str.o
        36          0          0          0          0         84   _printf_truncate.o
         6          0          0          0          0          0   _printf_u.o
        44          0          0          0          0        108   _printf_wchar.o
       188          6          8          0          0         92   _printf_wctomb.o
         6          0          0          0          0          0   _printf_x.o
        10          0          0          0          0         68   _sputc.o
        64          0          0          0          0         92   _wcrtomb.o
       220          4        148          0          0         96   bigflt0.o
      1910        128          0          0          0        672   btod.o
        18          0          0          0          0         80   exit.o
         6          0          0          0          0        152   heapauxi.o
         0          0          0          0          0          0   indicate_semi.o
        44         10        272          0          0         76   lc_ctype_c.o
        44         10         28          0          0         76   lc_numeric_c.o
         2          0          0          0          0          0   libinit.o
        34          0          0          0          0          0   libinit2.o
         2          0          0          0          0          0   libshutdown.o
         2          0          0          0          0          0   libshutdown2.o
         8          4          0          0         96         68   libspace.o
       138          0          0          0          0         80   lludiv10.o
        16          4          0          0          0         76   rt_ctype_table.o
         8          4          0          0          0         68   rt_locale_intlibspace.o
       100          0          0          0          0         80   rt_memcpy_w.o
         2          0          0          0          0          0   rtexit.o
        10          0          0          0          0          0   rtexit2.o
       128          0          0          0          0         68   strcmpv7m.o
        12          4          0          0          0         68   sys_exit.o
        74          0          0          0          0         80   sys_stackheap_outer.o
         2          0          0          0          0         68   use_no_semi.o
        36          4          0          0          0         76   vsprintf.o
        10          0          0          0          0        116   fpinit.o
         4          0          0          0          0        116   printf1.o
         4          0          0          0          0        116   printf2.o
         0          0          0          0          0          0   usenofp.o
        48          0          0          0          0        124   fpclassify.o

    ----------------------------------------------------------------------
      6902        264        552          0         96       4444   Library Totals
        16          0          1          0          0          0   (incl. Padding)

    ----------------------------------------------------------------------

      Code (inc. data)   RO Data    RW Data    ZI Data      Debug   Library Name

      6820        264        551          0         96       3972   c_w.l
        18          0          0          0          0        348   fz_wm.l
        48          0          0          0          0        124   m_wm.l

    ----------------------------------------------------------------------
      6902        264        552          0         96       4444   Library Totals

    ----------------------------------------------------------------------

==============================================================================


      Code (inc. data)   RO Data    RW Data    ZI Data      Debug   

     15592       1106       1044       1756       3332     405771   Grand Totals
     15592       1106       1044        816       3332     405771   ELF Image Totals (compressed)
     15592       1106       1044        816          0          0   ROM Totals

==============================================================================

    Total RO  Size (Code + RO Data)                16636 (  16.25kB)
    Total RW  Size (RW Data + ZI Data)              5088 (   4.97kB)
    Total ROM Size (Code + RO Data + RW Data)      17452 (  17.04kB)

==============================================================================

