Component: ARM Compiler 5.06 update 3 (build 300) Tool: armlink [4d35c9]

==============================================================================

Section Cross References

    stm32f4xx_adc.o(i.ADC_DeInit) refers to stm32f4xx_rcc.o(i.RCC_APB2PeriphResetCmd) for RCC_APB2PeriphResetCmd
    stm32f4xx_can.o(i.CAN_DeInit) refers to stm32f4xx_rcc.o(i.RCC_APB1PeriphResetCmd) for RCC_APB1PeriphResetCmd
    stm32f4xx_can.o(i.CAN_GetITStatus) refers to stm32f4xx_can.o(i.CheckITStatus) for CheckITStatus
    stm32f4xx_cryp.o(i.CRYP_DeInit) refers to stm32f4xx_rcc.o(i.RCC_AHB2PeriphResetCmd) for RCC_AHB2PeriphResetCmd
    stm32f4xx_cryp_aes.o(i.CRYP_AES_CBC) refers to stm32f4xx_cryp.o(i.CRYP_KeyStructInit) for CRYP_KeyStructInit
    stm32f4xx_cryp_aes.o(i.CRYP_AES_CBC) refers to stm32f4xx_cryp.o(i.CRYP_FIFOFlush) for CRYP_FIFOFlush
    stm32f4xx_cryp_aes.o(i.CRYP_AES_CBC) refers to stm32f4xx_cryp.o(i.CRYP_Init) for CRYP_Init
    stm32f4xx_cryp_aes.o(i.CRYP_AES_CBC) refers to stm32f4xx_cryp.o(i.CRYP_KeyInit) for CRYP_KeyInit
    stm32f4xx_cryp_aes.o(i.CRYP_AES_CBC) refers to stm32f4xx_cryp.o(i.CRYP_Cmd) for CRYP_Cmd
    stm32f4xx_cryp_aes.o(i.CRYP_AES_CBC) refers to stm32f4xx_cryp.o(i.CRYP_GetFlagStatus) for CRYP_GetFlagStatus
    stm32f4xx_cryp_aes.o(i.CRYP_AES_CBC) refers to stm32f4xx_cryp.o(i.CRYP_IVInit) for CRYP_IVInit
    stm32f4xx_cryp_aes.o(i.CRYP_AES_CBC) refers to stm32f4xx_cryp.o(i.CRYP_GetCmdStatus) for CRYP_GetCmdStatus
    stm32f4xx_cryp_aes.o(i.CRYP_AES_CBC) refers to stm32f4xx_cryp.o(i.CRYP_DataIn) for CRYP_DataIn
    stm32f4xx_cryp_aes.o(i.CRYP_AES_CBC) refers to stm32f4xx_cryp.o(i.CRYP_DataOut) for CRYP_DataOut
    stm32f4xx_cryp_aes.o(i.CRYP_AES_CCM) refers to stm32f4xx_cryp.o(i.CRYP_KeyStructInit) for CRYP_KeyStructInit
    stm32f4xx_cryp_aes.o(i.CRYP_AES_CCM) refers to stm32f4xx_cryp.o(i.CRYP_FIFOFlush) for CRYP_FIFOFlush
    stm32f4xx_cryp_aes.o(i.CRYP_AES_CCM) refers to stm32f4xx_cryp.o(i.CRYP_KeyInit) for CRYP_KeyInit
    stm32f4xx_cryp_aes.o(i.CRYP_AES_CCM) refers to stm32f4xx_cryp.o(i.CRYP_IVInit) for CRYP_IVInit
    stm32f4xx_cryp_aes.o(i.CRYP_AES_CCM) refers to stm32f4xx_cryp.o(i.CRYP_Init) for CRYP_Init
    stm32f4xx_cryp_aes.o(i.CRYP_AES_CCM) refers to stm32f4xx_cryp.o(i.CRYP_PhaseConfig) for CRYP_PhaseConfig
    stm32f4xx_cryp_aes.o(i.CRYP_AES_CCM) refers to stm32f4xx_cryp.o(i.CRYP_DataIn) for CRYP_DataIn
    stm32f4xx_cryp_aes.o(i.CRYP_AES_CCM) refers to stm32f4xx_cryp.o(i.CRYP_Cmd) for CRYP_Cmd
    stm32f4xx_cryp_aes.o(i.CRYP_AES_CCM) refers to stm32f4xx_cryp.o(i.CRYP_GetCmdStatus) for CRYP_GetCmdStatus
    stm32f4xx_cryp_aes.o(i.CRYP_AES_CCM) refers to stm32f4xx_cryp.o(i.CRYP_GetFlagStatus) for CRYP_GetFlagStatus
    stm32f4xx_cryp_aes.o(i.CRYP_AES_CCM) refers to stm32f4xx_cryp.o(i.CRYP_DataOut) for CRYP_DataOut
    stm32f4xx_cryp_aes.o(i.CRYP_AES_CTR) refers to stm32f4xx_cryp.o(i.CRYP_KeyStructInit) for CRYP_KeyStructInit
    stm32f4xx_cryp_aes.o(i.CRYP_AES_CTR) refers to stm32f4xx_cryp.o(i.CRYP_KeyInit) for CRYP_KeyInit
    stm32f4xx_cryp_aes.o(i.CRYP_AES_CTR) refers to stm32f4xx_cryp.o(i.CRYP_Init) for CRYP_Init
    stm32f4xx_cryp_aes.o(i.CRYP_AES_CTR) refers to stm32f4xx_cryp.o(i.CRYP_IVInit) for CRYP_IVInit
    stm32f4xx_cryp_aes.o(i.CRYP_AES_CTR) refers to stm32f4xx_cryp.o(i.CRYP_FIFOFlush) for CRYP_FIFOFlush
    stm32f4xx_cryp_aes.o(i.CRYP_AES_CTR) refers to stm32f4xx_cryp.o(i.CRYP_Cmd) for CRYP_Cmd
    stm32f4xx_cryp_aes.o(i.CRYP_AES_CTR) refers to stm32f4xx_cryp.o(i.CRYP_GetCmdStatus) for CRYP_GetCmdStatus
    stm32f4xx_cryp_aes.o(i.CRYP_AES_CTR) refers to stm32f4xx_cryp.o(i.CRYP_DataIn) for CRYP_DataIn
    stm32f4xx_cryp_aes.o(i.CRYP_AES_CTR) refers to stm32f4xx_cryp.o(i.CRYP_GetFlagStatus) for CRYP_GetFlagStatus
    stm32f4xx_cryp_aes.o(i.CRYP_AES_CTR) refers to stm32f4xx_cryp.o(i.CRYP_DataOut) for CRYP_DataOut
    stm32f4xx_cryp_aes.o(i.CRYP_AES_ECB) refers to stm32f4xx_cryp.o(i.CRYP_KeyStructInit) for CRYP_KeyStructInit
    stm32f4xx_cryp_aes.o(i.CRYP_AES_ECB) refers to stm32f4xx_cryp.o(i.CRYP_FIFOFlush) for CRYP_FIFOFlush
    stm32f4xx_cryp_aes.o(i.CRYP_AES_ECB) refers to stm32f4xx_cryp.o(i.CRYP_Init) for CRYP_Init
    stm32f4xx_cryp_aes.o(i.CRYP_AES_ECB) refers to stm32f4xx_cryp.o(i.CRYP_KeyInit) for CRYP_KeyInit
    stm32f4xx_cryp_aes.o(i.CRYP_AES_ECB) refers to stm32f4xx_cryp.o(i.CRYP_Cmd) for CRYP_Cmd
    stm32f4xx_cryp_aes.o(i.CRYP_AES_ECB) refers to stm32f4xx_cryp.o(i.CRYP_GetFlagStatus) for CRYP_GetFlagStatus
    stm32f4xx_cryp_aes.o(i.CRYP_AES_ECB) refers to stm32f4xx_cryp.o(i.CRYP_GetCmdStatus) for CRYP_GetCmdStatus
    stm32f4xx_cryp_aes.o(i.CRYP_AES_ECB) refers to stm32f4xx_cryp.o(i.CRYP_DataIn) for CRYP_DataIn
    stm32f4xx_cryp_aes.o(i.CRYP_AES_ECB) refers to stm32f4xx_cryp.o(i.CRYP_DataOut) for CRYP_DataOut
    stm32f4xx_cryp_aes.o(i.CRYP_AES_GCM) refers to stm32f4xx_cryp.o(i.CRYP_KeyStructInit) for CRYP_KeyStructInit
    stm32f4xx_cryp_aes.o(i.CRYP_AES_GCM) refers to stm32f4xx_cryp.o(i.CRYP_FIFOFlush) for CRYP_FIFOFlush
[...]
    .ARM.Collect$$_printf_percent$$00000006  0x0800025a   Section        6  _printf_a.o(.ARM.Collect$$_printf_percent$$00000006)
    .ARM.Collect$$_printf_percent$$00000007  0x08000260   Section       10  _printf_ll.o(.ARM.Collect$$_printf_percent$$00000007)
    .ARM.Collect$$_printf_percent$$00000008  0x0800026a   Section        6  _printf_i.o(.ARM.Collect$$_printf_percent$$00000008)
    .ARM.Collect$$_printf_percent$$00000009  0x08000270   Section        6  _printf_d.o(.ARM.Collect$$_printf_percent$$00000009)
    .ARM.Collect$$_printf_percent$$0000000A  0x08000276   Section        6  _printf_u.o(.ARM.Collect$$_printf_percent$$0000000A)
    .ARM.Collect$$_printf_percent$$0000000B  0x0800027c   Section        6  _printf_o.o(.ARM.Collect$$_printf_percent$$0000000B)
    .ARM.Collect$$_printf_percent$$0000000C  0x08000282   Section        6  _printf_x.o(.ARM.Collect$$_printf_percent$$0000000C)
    .ARM.Collect$$_printf_percent$$0000000D  0x08000288   Section        6  _printf_lli.o(.ARM.Collect$$_printf_percent$$0000000D)
    .ARM.Collect$$_printf_percent$$0000000E  0x0800028e   Section        6  _printf_lld.o(.ARM.Collect$$_printf_percent$$0000000E)
    .ARM.Collect$$_printf_percent$$0000000F  0x08000294   Section        6  _printf_llu.o(.ARM.Collect$$_printf_percent$$0000000F)
    .ARM.Collect$$_printf_percent$$00000010  0x0800029a   Section        6  _printf_llo.o(.ARM.Collect$$_printf_percent$$00000010)
    .ARM.Collect$$_printf_percent$$00000011  0x080002a0   Section        6  _printf_llx.o(.ARM.Collect$$_printf_percent$$00000011)
    .ARM.Collect$$_printf_percent$$00000012  0x080002a6   Section       10  _printf_l.o(.ARM.Collect$$_printf_percent$$00000012)
    .ARM.Collect$$_printf_percent$$00000013  0x080002b0   Section        6  _printf_c.o(.ARM.Collect$$_printf_percent$$00000013)
    .ARM.Collect$$_printf_percent$$00000014  0x080002b6   Section        6  _printf_s.o(.ARM.Collect$$_printf_percent$$00000014)
    .ARM.Collect$$_printf_percent$$00000015  0x080002bc   Section        6  _printf_lc.o(.ARM.Collect$$_printf_percent$$00000015)
    .ARM.Collect$$_printf_percent$$00000016  0x080002c2   Section        6  _printf_ls.o(.ARM.Collect$$_printf_percent$$00000016)
    .ARM.Collect$$_printf_percent$$00000017  0x080002c8   Section        4  _printf_percent_end.o(.ARM.Collect$$_printf_percent$$00000017)
    .ARM.Collect$$libinit$$00000000          0x080002cc   Section        2  libinit.o(.ARM.Collect$$libinit$$00000000)
    .ARM.Collect$$libinit$$00000001          0x080002ce   Section        4  libinit2.o(.ARM.Collect$$libinit$$00000001)
    .ARM.Collect$$libinit$$00000004          0x080002d2   Section        0  libinit2.o(.ARM.Collect$$libinit$$00000004)
    .ARM.Collect$$libinit$$0000000A          0x080002d2   Section        0  libinit2.o(.ARM.Collect$$libinit$$0000000A)
    .ARM.Collect$$libinit$$0000000C          0x080002d2   Section        0  libinit2.o(.ARM.Collect$$libinit$$0000000C)
    .ARM.Collect$$libinit$$0000000E          0x080002d2   Section        0  libinit2.o(.ARM.Collect$$libinit$$0000000E)
    .ARM.Collect$$libinit$$0000000F          0x080002d2   Section        6  libinit2.o(.ARM.Collect$$libinit$$0000000F)
    .ARM.Collect$$libinit$$00000011          0x080002d8   Section        0  libinit2.o(.ARM.Collect$$libinit$$00000011)
    .ARM.Collect$$libinit$$00000012          0x080002d8   Section       12  libinit2.o(.ARM.Collect$$libinit$$00000012)
    .ARM.Collect$$libinit$$00000013          0x080002e4   Section        0  libinit2.o(.ARM.Collect$$libinit$$00000013)
    .ARM.Collect$$libinit$$00000015          0x080002e4   Section        0  libinit2.o(.ARM.Collect$$libinit$$00000015)
    .ARM.Collect$$libinit$$00000016          0x080002e4   Section       10  libinit2.o(.ARM.Collect$$libinit$$00000016)
    .ARM.Collect$$libinit$$00000017          0x080002ee   Section        0  libinit2.o(.ARM.Collect$$libinit$$00000017)
    .ARM.Collect$$libinit$$00000019          0x080002ee   Section        0  libinit2.o(.ARM.Collect$$libinit$$00000019)
    .ARM.Collect$$libinit$$0000001B          0x080002ee   Section        0  libinit2.o(.ARM.Collect$$libinit$$0000001B)
    .ARM.Collect$$libinit$$0000001D          0x080002ee   Section        0  libinit2.o(.ARM.Collect$$libinit$$0000001D)
    .ARM.Collect$$libinit$$0000001F          0x080002ee   Section        0  libinit2.o(.ARM.Collect$$libinit$$0000001F)
    .ARM.Collect$$libinit$$00000021          0x080002ee   Section        0  libinit2.o(.ARM.Collect$$libinit$$00000021)
    .ARM.Collect$$libinit$$00000023          0x080002ee   Section        0  libinit2.o(.ARM.Collect$$libinit$$00000023)
    .ARM.Collect$$libinit$$00000025          0x080002ee   Section        0  libinit2.o(.ARM.Collect$$libinit$$00000025)
    .ARM.Collect$$libinit$$0000002C          0x080002ee   Section        0  libinit2.o(.ARM.Collect$$libinit$$0000002C)
    .ARM.Collect$$libinit$$0000002E          0x080002ee   Section        0  libinit2.o(.ARM.Collect$$libinit$$0000002E)
    .ARM.Collect$$libinit$$00000030          0x080002ee   Section        0  libinit2.o(.ARM.Collect$$libinit$$00000030)
    .ARM.Collect$$libinit$$00000032          0x080002ee   Section        0  libinit2.o(.ARM.Collect$$libinit$$00000032)
    .ARM.Collect$$libinit$$00000033          0x080002ee   Section        2  libinit2.o(.ARM.Collect$$libinit$$00000033)
    .ARM.Collect$$libshutdown$$00000000      0x080002f0   Section        2  libshutdown.o(.ARM.Collect$$libshutdown$$00000000)
    .ARM.Collect$$libshutdown$$00000002      0x080002f2   Section        0  libshutdown2.o(.ARM.Collect$$libshutdown$$00000002)
    .ARM.Collect$$libshutdown$$00000004      0x080002f2   Section        0  libshutdown2.o(.ARM.Collect$$libshutdown$$00000004)
    .ARM.Collect$$libshutdown$$00000007      0x080002f2   Section        0  libshutdown2.o(.ARM.Collect$$libshutdown$$00000007)
    .ARM.Collect$$libshutdown$$0000000A      0x080002f2   Section        0  libshutdown2.o(.ARM.Collect$$libshutdown$$0000000A)
    .ARM.Collect$$libshutdown$$0000000C      0x080002f2   Section        0  libshutdown2.o(.ARM.Collect$$libshutdown$$0000000C)
    .ARM.Collect$$libshutdown$$0000000F      0x080002f2   Section        0  libshutdown2.o(.ARM.Collect$$libshutdown$$0000000F)
    .ARM.Collect$$libshutdown$$00000010      0x080002f2   Section        2  libshutdown2.o(.ARM.Collect$$libshutdown$$00000010)
    .ARM.Collect$$rtentry$$00000000          0x080002f4   Section        0  __rtentry.o(.ARM.Collect$$rtentry$$00000000)
    .ARM.Collect$$rtentry$$00000002          0x080002f4   Section        0  __rtentry2.o(.ARM.Collect$$rtentry$$00000002)
    .ARM.Collect$$rtentry$$00000004          0x080002f4   Section        6  __rtentry4.o(.ARM.Collect$$rtentry$$00000004)
    .ARM.Collect$$rtentry$$00000009          0x080002fa   Section        0  __rtentry2.o(.ARM.Collect$$rtentry$$00000009)
    .ARM.Collect$$rtentry$$0000000A          0x080002fa   Section        4  __rtentry2.o(.ARM.Collect$$rtentry$$0000000A)
    .ARM.Collect$$rtentry$$0000000C          0x080002fe   Section        0  __rtentry2.o(.ARM.Collect$$rtentry$$0000000C)
    .ARM.Collect$$rtentry$$0000000D          0x080002fe   Section        8  __rtentry2.o(.ARM.Collect$$rtentry$$0000000D)
    .ARM.Collect$$rtexit$$00000000           0x08000306   Section        2  rtexit.o(.ARM.Collect$$rtexit$$00000000)
    .ARM.Collect$$rtexit$$00000002           0x08000308   Section        0  rtexit2.o(.ARM.Collect$$rtexit$$00000002)
    .ARM.Collect$$rtexit$$00000003           0x08000308   Section        4  rtexit2.o(.ARM.Collect$$rtexit$$00000003)
    .ARM.Collect$$rtexit$$00000004           0x0800030c   Section        6  rtexit2.o(.ARM.Collect$$rtexit$$00000004)
    .text                                    0x08000314   Section       64  startup_stm32f40_41xxx.o(.text)
    $v0                                      0x08000314   Number         0  startup_stm32f40_41xxx.o(.text)
    .text                                    0x08000354   Section        0  vsprintf.o(.text)
    .text                                    0x08000378   Section        0  heapauxi.o(.text)
    .text                                    0x0800037e   Section        0  _printf_pad.o(.text)
    .text                                    0x080003cc   Section        0  _printf_truncate.o(.text)
    .text                                    0x080003f0   Section        0  _printf_str.o(.text)
    .text                                    0x08000444   Section        0  _printf_dec.o(.text)
    .text                                    0x080004bc   Section        0  _printf_charcount.o(.text)
    .text                                    0x080004e4   Section        0  _printf_char_common.o(.text)
    _printf_input_char                       0x080004e5   Thumb Code    10  _printf_char_common.o(.text)
    .text                                    0x08000514   Section        0  _sputc.o(.text)
    .text                                    0x08000520   Section        0  _printf_wctomb.o(.text)
    .text                                    0x080005dc   Section        0  _printf_longlong_dec.o(.text)
    .text                                    0x08000658   Section        0  _printf_oct_int_ll.o(.text)
    _printf_longlong_oct_internal            0x08000659   Thumb Code     0  _printf_oct_int_ll.o(.text)
    .text                                    0x080006c8   Section        0  _printf_hex_int_ll_ptr.o(.text)
    _printf_hex_common                       0x080006c9   Thumb Code     0  _printf_hex_int_ll_ptr.o(.text)
    .text                                    0x0800075c   Section        0  __printf_flags_ss_wp.o(.text)
    .text                                    0x080008e4   Section      138  lludiv10.o(.text)
    .text                                    0x0800096e   Section        0  _printf_intcommon.o(.text)
    .text                                    0x08000a20   Section        0  _printf_fp_dec.o(.text)
    _fp_digits                               0x08000a23   Thumb Code   428  _printf_fp_dec.o(.text)
    .text                                    0x08000e3c   Section        0  _printf_fp_hex.o(.text)
    .text                                    0x08001138   Section        0  _printf_char.o(.text)
    .text                                    0x08001164   Section        0  _printf_wchar.o(.text)
    .text                                    0x08001190   Section        0  _wcrtomb.o(.text)
    .text                                    0x080011d0   Section       74  sys_stackheap_outer.o(.text)
    .text                                    0x0800121c   Section       16  rt_ctype_table.o(.text)
    .text                                    0x0800122c   Section        8  rt_locale_intlibspace.o(.text)
    .text                                    0x08001234   Section        0  _printf_fp_infnan.o(.text)
    .text                                    0x080012b4   Section        0  bigflt0.o(.text)
    .text                                    0x08001390   Section        0  exit.o(.text)
    .text                                    0x080013a4   Section        8  libspace.o(.text)
    .text                                    0x080013ac   Section      128  strcmpv7m.o(.text)
    .text                                    0x0800142c   Section        0  sys_exit.o(.text)
    .text                                    0x08001438   Section        2  use_no_semi.o(.text)
    .text                                    0x0800143a   Section        0  indicate_semi.o(.text)
    CL$$btod_d2e                             0x0800143a   Section       62  btod.o(CL$$btod_d2e)
    CL$$btod_d2e_denorm_low                  0x08001478   Section       70  btod.o(CL$$btod_d2e_denorm_low)
    CL$$btod_d2e_norm_op1                    0x080014be   Section       96  btod.o(CL$$btod_d2e_norm_op1)
    CL$$btod_div_common                      0x0800151e   Section      824  btod.o(CL$$btod_div_common)
    CL$$btod_e2e                             0x08001856   Section      198  btod.o(CL$$btod_e2e)
    CL$$btod_ediv                            0x0800191c   Section       40  btod.o(CL$$btod_ediv)
    CL$$btod_emul                            0x08001944   Section       40  btod.o(CL$$btod_emul)
    CL$$btod_mult_common                     0x0800196c   Section      580  btod.o(CL$$btod_mult_common)
    i.BusFault_Handler                       0x08001bb0   Section        0  stm32f4xx_it.o(i.BusFault_Handler)
    i.DebugMon_Handler                       0x08001bb4   Section        0  stm32f4xx_it.o(i.DebugMon_Handler)
    i.GPIO_Init                              0x08001bb6   Section        0  stm32f4xx_gpio.o(i.GPIO_Init)
    i.GPIO_PinAFConfig                       0x08001c46   Section        0  stm32f4xx_gpio.o(i.GPIO_PinAFConfig)
    i.GPIO_ResetBits                         0x08001c8c   Section        0  stm32f4xx_gpio.o(i.GPIO_ResetBits)
    i.GPIO_SetBits                           0x08001c90   Section        0  stm32f4xx_gpio.o(i.GPIO_SetBits)
    i.HardFault_Handler                      0x08001c94   Section        0  stm32f4xx_it.o(i.HardFault_Handler)
    i.MemManage_Handler                      0x08001c98   Section        0  stm32f4xx_it.o(i.MemManage_Handler)
    i.NMI_Handler                            0x08001c9c   Section        0  stm32f4xx_it.o(i.NMI_Handler)
    i.NVIC_Init                              0x08001ca0   Section        0  misc.o(i.NVIC_Init)
    i.PendSV_Handler                         0x08001d18   Section        0  stm32f4xx_it.o(i.PendSV_Handler)
    i.RCC_AHB1PeriphClockCmd                 0x08001d1c   Section        0  stm32f4xx_rcc.o(i.RCC_AHB1PeriphClockCmd)
    i.RCC_APB1PeriphClockCmd                 0x08001d3c   Section        0  stm32f4xx_rcc.o(i.RCC_APB1PeriphClockCmd)
    i.RCC_APB1PeriphResetCmd                 0x08001d5c   Section        0  stm32f4xx_rcc.o(i.RCC_APB1PeriphResetCmd)
    i.RCC_APB2PeriphClockCmd                 0x08001d7c   Section        0  stm32f4xx_rcc.o(i.RCC_APB2PeriphClockCmd)
    i.RCC_APB2PeriphResetCmd                 0x08001d9c   Section        0  stm32f4xx_rcc.o(i.RCC_APB2PeriphResetCmd)
    i.SPI_Cmd                                0x08001dbc   Section        0  stm32f4xx_spi.o(i.SPI_Cmd)
    i.SPI_I2S_DeInit                         0x08001dd4   Section        0  stm32f4xx_spi.o(i.SPI_I2S_DeInit)
    i.SPI_I2S_GetFlagStatus                  0x08001e84   Section        0  stm32f4xx_spi.o(i.SPI_I2S_GetFlagStatus)
    i.SPI_I2S_ReceiveData                    0x08001e96   Section        0  stm32f4xx_spi.o(i.SPI_I2S_ReceiveData)
    i.SPI_I2S_SendData                       0x08001e9c   Section        0  stm32f4xx_spi.o(i.SPI_I2S_SendData)
    i.SPI_Init                               0x08001ea0   Section        0  stm32f4xx_spi.o(i.SPI_Init)
    i.SVC_Handler                            0x08001edc   Section        0  stm32f4xx_it.o(i.SVC_Handler)
    i.SetSysClock                            0x08001ee0   Section        0  system_stm32f4xx.o(i.SetSysClock)
    SetSysClock                              0x08001ee1   Thumb Code   220  system_stm32f4xx.o(i.SetSysClock)
    i.SysTick_Handler                        0x08001fcc   Section        0  stm32f4xx_it.o(i.SysTick_Handler)
    i.SystemCoreClockUpdate                  0x08001fdc   Section        0  system_stm32f4xx.o(i.SystemCoreClockUpdate)
    i.SystemInit                             0x0800209c   Section        0  system_stm32f4xx.o(i.SystemInit)
    i.TIM3_IRQHandler                        0x08002104   Section        0  stepper.o(i.TIM3_IRQHandler)
    i.TIM_ClearITPendingBit                  0x08002184   Section        0  stm32f4xx_tim.o(i.TIM_ClearITPendingBit)
    i.TIM_Cmd                                0x0800218a   Section        0  stm32f4xx_tim.o(i.TIM_Cmd)
    i.TIM_GetCounter                         0x080021a2   Section        0  stm32f4xx_tim.o(i.TIM_GetCounter)
    i.TIM_GetITStatus                        0x080021a8   Section        0  stm32f4xx_tim.o(i.TIM_GetITStatus)
    i.TIM_ITConfig                           0x080021ca   Section        0  stm32f4xx_tim.o(i.TIM_ITConfig)
    i.TIM_OC1Init                            0x080021dc   Section        0  stm32f4xx_tim.o(i.TIM_OC1Init)
    i.TIM_OC1PreloadConfig                   0x08002258   Section        0  stm32f4xx_tim.o(i.TIM_OC1PreloadConfig)
    i.TIM_OC2Init                            0x0800226c   Section        0  stm32f4xx_tim.o(i.TIM_OC2Init)
    i.TIM_OC2PreloadConfig                   0x08002310   Section        0  stm32f4xx_tim.o(i.TIM_OC2PreloadConfig)
    i.TIM_OC3Init                            0x0800232c   Section        0  stm32f4xx_tim.o(i.TIM_OC3Init)
    i.TIM_OC3PreloadConfig                   0x080023cc   Section        0  stm32f4xx_tim.o(i.TIM_OC3PreloadConfig)
    i.TIM_SetCompare1                        0x080023de   Section        0  stm32f4xx_tim.o(i.TIM_SetCompare1)
    i.TIM_TimeBaseInit                       0x080023e4   Section        0  stm32f4xx_tim.o(i.TIM_TimeBaseInit)
    i.UsageFault_Handler                     0x08002468   Section        0  stm32f4xx_it.o(i.UsageFault_Handler)
    i.__ARM_fpclassify                       0x0800246c   Section        0  fpclassify.o(i.__ARM_fpclassify)
    i._delay_ms                              0x0800249c   Section        0  ticks.o(i._delay_ms)
    i._is_digit                              0x080024b8   Section        0  __printf_wp.o(i._is_digit)
    i.get_ticks                              0x080024c8   Section        0  ticks.o(i.get_ticks)
    i.led_init                               0x080024d4   Section        0  led.o(i.led_init)
    i.led_off                                0x0800252c   Section        0  led.o(i.led_off)
    i.led_on                                 0x08002558   Section        0  led.o(i.led_on)
    i.led_toggle                             0x08002584   Section        0  led.o(i.led_toggle)
    i.main                                   0x080025a4   Section        0  main.o(i.main)
    i.stepper_gpio_init                      0x08002634   Section        0  stepper.o(i.stepper_gpio_init)
    stepper_gpio_init                        0x08002635   Thumb Code    78  stepper.o(i.stepper_gpio_init)
    i.stepper_init                           0x0800268c   Section        0  stepper.o(i.stepper_init)
    i.stepper_nvic_init                      0x080026d0   Section        0  stepper.o(i.stepper_nvic_init)
    stepper_nvic_init                        0x080026d1   Thumb Code    32  stepper.o(i.stepper_nvic_init)
    i.stepper_timer_init                     0x080026f0   Section        0  stepper.o(i.stepper_timer_init)
    stepper_timer_init                       0x080026f1   Thumb Code   154  stepper.o(i.stepper_timer_init)
    i.tft_char_is_changed                    0x08002790   Section        0  lcd_main.o(i.tft_char_is_changed)
    tft_char_is_changed                      0x08002791   Thumb Code   126  lcd_main.o(i.tft_char_is_changed)
    i.tft_clear                              0x08002824   Section        0  lcd_main.o(i.tft_clear)
    i.tft_clear_line                         0x0800284c   Section        0  lcd_main.o(i.tft_clear_line)
    i.tft_fill_color                         0x080028d4   Section        0  lcd_main.o(i.tft_fill_color)
    i.tft_init                               0x08002924   Section        0  lcd_main.o(i.tft_init)
    i.tft_println                            0x08002c60   Section        0  lcd_main.o(i.tft_println)
    i.tft_set_bg_color                       0x08002cb0   Section        0  lcd_main.o(i.tft_set_bg_color)
    i.tft_set_buffer                         0x08002cbc   Section        0  lcd_main.o(i.tft_set_buffer)
    tft_set_buffer                           0x08002cbd   Thumb Code   184  lcd_main.o(i.tft_set_buffer)
    i.tft_set_region                         0x08002d98   Section        0  lcd_main.o(i.tft_set_region)
    tft_set_region                           0x08002d99   Thumb Code   110  lcd_main.o(i.tft_set_region)
    i.tft_set_special_color                  0x08002e10   Section        0  lcd_main.o(i.tft_set_special_color)
    i.tft_set_text_color                     0x08002e1c   Section        0  lcd_main.o(i.tft_set_text_color)
    i.tft_spi_init                           0x08002e28   Section        0  lcd_main.o(i.tft_spi_init)
    i.tft_update                             0x08002ed8   Section        0  lcd_main.o(i.tft_update)
    i.tft_write_command                      0x08003050   Section        0  lcd_main.o(i.tft_write_command)
    tft_write_command                        0x08003051   Thumb Code    72  lcd_main.o(i.tft_write_command)
    i.tft_write_data                         0x080030a0   Section        0  lcd_main.o(i.tft_write_data)
    tft_write_data                           0x080030a1   Thumb Code    72  lcd_main.o(i.tft_write_data)
    i.ticks_init                             0x080030f0   Section        0  ticks.o(i.ticks_init)
    locale$$code                             0x08003158   Section       44  lc_numeric_c.o(locale$$code)
    locale$$code                             0x08003184   Section       44  lc_ctype_c.o(locale$$code)
    x$fpl$fpinit                             0x080031b0   Section       10  fpinit.o(x$fpl$fpinit)
    $v0                                      0x080031b0   Number         0  fpinit.o(x$fpl$fpinit)
    x$fpl$printf1                            0x080031ba   Section        4  printf1.o(x$fpl$printf1)
    $v0                                      0x080031ba   Number         0  printf1.o(x$fpl$printf1)
    x$fpl$printf2                            0x080031be   Section        4  printf2.o(x$fpl$printf2)
    $v0                                      0x080031be   Number         0  printf2.o(x$fpl$printf2)
    x$fpl$usenofp                            0x080031c2   Section        0  usenofp.o(x$fpl$usenofp)
    .constdata                               0x080031c4   Section        8  _printf_wctomb.o(.constdata)
    initial_mbstate                          0x080031c4   Data           8  _printf_wctomb.o(.constdata)
    .constdata                               0x080031cc   Section       40  _printf_hex_int_ll_ptr.o(.constdata)
    uc_hextab                                0x080031cc   Data          20  _printf_hex_int_ll_ptr.o(.constdata)
    lc_hextab                                0x080031e0   Data          20  _printf_hex_int_ll_ptr.o(.constdata)
    .constdata                               0x080031f4   Section       17  __printf_flags_ss_wp.o(.constdata)
    maptable                                 0x080031f4   Data          17  __printf_flags_ss_wp.o(.constdata)
    .constdata                               0x08003205   Section       38  _printf_fp_hex.o(.constdata)
    lc_hextab                                0x08003205   Data          19  _printf_fp_hex.o(.constdata)
    uc_hextab                                0x08003218   Data          19  _printf_fp_hex.o(.constdata)
    .constdata                               0x0800322c   Section      148  bigflt0.o(.constdata)
    tenpwrs_x                                0x0800322c   Data          60  bigflt0.o(.constdata)
    tenpwrs_i                                0x08003268   Data          64  bigflt0.o(.constdata)
    locale$$data                             0x080032e0   Section       28  lc_numeric_c.o(locale$$data)
    __lcnum_c_name                           0x080032e4   Data           2  lc_numeric_c.o(locale$$data)
    __lcnum_c_start                          0x080032ec   Data           0  lc_numeric_c.o(locale$$data)
    __lcnum_c_point                          0x080032f8   Data           0  lc_numeric_c.o(locale$$data)
    __lcnum_c_thousands                      0x080032fa   Data           0  lc_numeric_c.o(locale$$data)
    __lcnum_c_grouping                       0x080032fb   Data           0  lc_numeric_c.o(locale$$data)
    locale$$data                             0x080032fc   Section      272  lc_ctype_c.o(locale$$data)
    __lcnum_c_end                            0x080032fc   Data           0  lc_numeric_c.o(locale$$data)
    __lcctype_c_name                         0x08003300   Data           2  lc_ctype_c.o(locale$$data)
    __lcctype_c_start                        0x08003308   Data           0  lc_ctype_c.o(locale$$data)
    __lcctype_c_end                          0x0800340c   Data           0  lc_ctype_c.o(locale$$data)
    .data                                    0x20000000   Section       20  system_stm32f4xx.o(.data)
    .data                                    0x20000014   Section        4  main.o(.data)
    .data                                    0x20000018   Section        4  stm32f4xx_it.o(.data)
    .data                                    0x2000001c   Section        2  led.o(.data)
    ledState                                 0x2000001c   Data           2  led.o(.data)
    .data                                    0x2000001e   Section     1556  lcd_main.o(.data)
    col_shift                                0x20000624   Data           1  lcd_main.o(.data)
    row_shift                                0x20000625   Data           1  lcd_main.o(.data)
    .bss                                     0x20000634   Section       36  stepper.o(.bss)
    stepperList                              0x20000634   Data          36  stepper.o(.bss)
    .bss                                     0x20000658   Section     1600  lcd_main.o(.bss)
    .bss                                     0x20000c98   Section       96  libspace.o(.bss)
    HEAP                                     0x20000cf8   Section      512  startup_stm32f40_41xxx.o(HEAP)
    Heap_Mem                                 0x20000cf8   Data         512  startup_stm32f40_41xxx.o(HEAP)
    STACK                                    0x20000ef8   Section     1024  startup_stm32f40_41xxx.o(STACK)
    Stack_Mem                                0x20000ef8   Data        1024  startup_stm32f40_41xxx.o(STACK)
    __initial_sp                             0x200012f8   Data           0  startup_stm32f40_41xxx.o(STACK)

    Global Symbols

    Symbol Name                              Value     Ov Type        Size  Object(Section)

    BuildAttributes$$THM_ISAv4$E$P$D$K$B$S$7EM$VFPi3$EXTD16$VFPS$VFMA$PE$A:L22UL41UL21$X:L11$S22US41US21$IEEE1$IW$USESV6$~STKCKD$USESV7$~SHL$OTIME$ROPI$IEEEJ$EBA8$UX$STANDARDLIB$REQ8$PRES8$EABIv2 0x00000000   Number         0  anon$$obj.o ABSOLUTE
    __ARM_use_no_argv                        0x00000000   Number         0  main.o ABSOLUTE
    _printf_flags                            0x00000000   Number         0  printf_stubs.o ABSOLUTE
    _printf_return_value                     0x00000000   Number         0  printf_stubs.o ABSOLUTE
    _printf_sizespec                         0x00000000   Number         0  printf_stubs.o ABSOLUTE
    _printf_widthprec                        0x00000000   Number         0  printf_stubs.o ABSOLUTE
    __ARM_exceptions_init                     - Undefined Weak Reference
    __alloca_initialize                       - Undefined Weak Reference
    __arm_preinit_                            - Undefined Weak Reference
    __cpp_initialize__aeabi_                  - Undefined Weak Reference
    __cxa_finalize                            - Undefined Weak Reference
    __sigvec_lookup                           - Undefined Weak Reference
    _atexit_init                              - Undefined Weak Reference
    _call_atexit_fns                          - Undefined Weak Reference
    _clock_init                               - Undefined Weak Reference
    _fp_trap_init                             - Undefined Weak Reference
    _fp_trap_shutdown                         - Undefined Weak Reference
    _get_lc_collate                           - Undefined Weak Reference
    _get_lc_monetary                          - Undefined Weak Reference
    _get_lc_time                              - Undefined Weak Reference
    _getenv_init                              - Undefined Weak Reference
    _handle_redirection                       - Undefined Weak Reference
    _init_alloc                               - Undefined Weak Reference
    _init_user_alloc                          - Undefined Weak Reference
    _initio                                   - Undefined Weak Reference
    _printf_mbtowc                            - Undefined Weak Reference
    _printf_wc                                - Undefined Weak Reference
    _rand_init                                - Undefined Weak Reference
    _signal_finish                            - Undefined Weak Reference
    _signal_init                              - Undefined Weak Reference
    _terminate_alloc                          - Undefined Weak Reference
    _terminate_user_alloc                     - Undefined Weak Reference
    _terminateio                              - Undefined Weak Reference
    __Vectors_Size                           0x00000188   Number         0  startup_stm32f40_41xxx.o ABSOLUTE
    __Vectors                                0x08000000   Data           4  startup_stm32f40_41xxx.o(RESET)
    __Vectors_End                            0x08000188   Data           0  startup_stm32f40_41xxx.o(RESET)
    __main                                   0x08000189   Thumb Code     8  __main.o(!!!main)
    __scatterload                            0x08000191   Thumb Code     0  __scatter.o(!!!scatter)
    __scatterload_rt2                        0x08000191   Thumb Code    44  __scatter.o(!!!scatter)
    __scatterload_rt2_thumb_only             0x08000191   Thumb Code     0  __scatter.o(!!!scatter)
    __scatterload_null                       0x0800019f   Thumb Code     0  __scatter.o(!!!scatter)
    __decompress                             0x080001c5   Thumb Code    90  __dczerorl2.o(!!dczerorl2)
    __decompress1                            0x080001c5   Thumb Code     0  __dczerorl2.o(!!dczerorl2)
    __scatterload_zeroinit                   0x08000221   Thumb Code    28  __scatter_zi.o(!!handler_zi)
    _printf_n                                0x0800023d   Thumb Code     0  _printf_n.o(.ARM.Collect$$_printf_percent$$00000001)
    _printf_percent                          0x0800023d   Thumb Code     0  _printf_percent.o(.ARM.Collect$$_printf_percent$$00000000)
    _printf_p                                0x08000243   Thumb Code     0  _printf_p.o(.ARM.Collect$$_printf_percent$$00000002)
    _printf_f                                0x08000249   Thumb Code     0  _printf_f.o(.ARM.Collect$$_printf_percent$$00000003)
    _printf_e                                0x0800024f   Thumb Code     0  _printf_e.o(.ARM.Collect$$_printf_percent$$00000004)
    _printf_g                                0x08000255   Thumb Code     0  _printf_g.o(.ARM.Collect$$_printf_percent$$00000005)
    _printf_a                                0x0800025b   Thumb Code     0  _printf_a.o(.ARM.Collect$$_printf_percent$$00000006)
    _printf_ll                               0x08000261   Thumb Code     0  _printf_ll.o(.ARM.Collect$$_printf_percent$$00000007)
    _printf_i                                0x0800026b   Thumb Code     0  _printf_i.o(.ARM.Collect$$_printf_percent$$00000008)
    _printf_d                                0x08000271   Thumb Code     0  _printf_d.o(.ARM.Collect$$_printf_percent$$00000009)
    _printf_u                                0x08000277   Thumb Code     0  _printf_u.o(.ARM.Collect$$_printf_percent$$0000000A)
    _printf_o                                0x0800027d   Thumb Code     0  _printf_o.o(.ARM.Collect$$_printf_percent$$0000000B)
    _printf_x                                0x08000283   Thumb Code     0  _printf_x.o(.ARM.Collect$$_printf_percent$$0000000C)
    _printf_lli                              0x08000289   Thumb Code     0  _printf_lli.o(.ARM.Collect$$_printf_percent$$0000000D)
    _printf_lld                              0x0800028f   Thumb Code     0  _printf_lld.o(.ARM.Collect$$_printf_percent$$0000000E)
    _printf_llu                              0x08000295   Thumb Code     0  _printf_llu.o(.ARM.Collect$$_printf_percent$$0000000F)
    _printf_llo                              0x0800029b   Thumb Code     0  _printf_llo.o(.ARM.Collect$$_printf_percent$$00000010)
    _printf_llx                              0x080002a1   Thumb Code     0  _printf_llx.o(.ARM.Collect$$_printf_percent$$00000011)
    _printf_l                                0x080002a7   Thumb Code     0  _printf_l.o(.ARM.Collect$$_printf_percent$$00000012)
    _printf_c                                0x080002b1   Thumb Code     0  _printf_c.o(.ARM.Collect$$_printf_percent$$00000013)
    _printf_s                                0x080002b7   Thumb Code     0  _printf_s.o(.ARM.Collect$$_printf_percent$$00000014)
    _printf_lc                               0x080002bd   Thumb Code     0  _printf_lc.o(.ARM.Collect$$_printf_percent$$00000015)
    _printf_ls                               0x080002c3   Thumb Code     0  _printf_ls.o(.ARM.Collect$$_printf_percent$$00000016)
    _printf_percent_end                      0x080002c9   Thumb Code     0  _printf_percent_end.o(.ARM.Collect$$_printf_percent$$00000017)
    __rt_lib_init                            0x080002cd   Thumb Code     0  libinit.o(.ARM.Collect$$libinit$$00000000)
    __rt_lib_init_fp_1                       0x080002cf   Thumb Code     0  libinit2.o(.ARM.Collect$$libinit$$00000001)
    __rt_lib_init_heap_1                     0x080002d3   Thumb Code     0  libinit2.o(.ARM.Collect$$libinit$$0000000A)
    __rt_lib_init_lc_common                  0x080002d3   Thumb Code     0  libinit2.o(.ARM.Collect$$libinit$$0000000F)
    __rt_lib_init_preinit_1                  0x080002d3   Thumb Code     0  libinit2.o(.ARM.Collect$$libinit$$00000004)
    __rt_lib_init_rand_1                     0x080002d3   Thumb Code     0  libinit2.o(.ARM.Collect$$libinit$$0000000E)
    __rt_lib_init_user_alloc_1               0x080002d3   Thumb Code     0  libinit2.o(.ARM.Collect$$libinit$$0000000C)
    __rt_lib_init_lc_collate_1               0x080002d9   Thumb Code     0  libinit2.o(.ARM.Collect$$libinit$$00000011)
    __rt_lib_init_lc_ctype_2                 0x080002d9   Thumb Code     0  libinit2.o(.ARM.Collect$$libinit$$00000012)
    __rt_lib_init_lc_ctype_1                 0x080002e5   Thumb Code     0  libinit2.o(.ARM.Collect$$libinit$$00000013)
    __rt_lib_init_lc_monetary_1              0x080002e5   Thumb Code     0  libinit2.o(.ARM.Collect$$libinit$$00000015)
    __rt_lib_init_lc_numeric_2               0x080002e5   Thumb Code     0  libinit2.o(.ARM.Collect$$libinit$$00000016)
    __rt_lib_init_alloca_1                   0x080002ef   Thumb Code     0  libinit2.o(.ARM.Collect$$libinit$$0000002E)
    __rt_lib_init_argv_1                     0x080002ef   Thumb Code     0  libinit2.o(.ARM.Collect$$libinit$$0000002C)
    __rt_lib_init_atexit_1                   0x080002ef   Thumb Code     0  libinit2.o(.ARM.Collect$$libinit$$0000001B)
    __rt_lib_init_clock_1                    0x080002ef   Thumb Code     0  libinit2.o(.ARM.Collect$$libinit$$00000021)
    __rt_lib_init_cpp_1                      0x080002ef   Thumb Code     0  libinit2.o(.ARM.Collect$$libinit$$00000032)
    __rt_lib_init_exceptions_1               0x080002ef   Thumb Code     0  libinit2.o(.ARM.Collect$$libinit$$00000030)
    __rt_lib_init_fp_trap_1                  0x080002ef   Thumb Code     0  libinit2.o(.ARM.Collect$$libinit$$0000001F)
    __rt_lib_init_getenv_1                   0x080002ef   Thumb Code     0  libinit2.o(.ARM.Collect$$libinit$$00000023)
    __rt_lib_init_lc_numeric_1               0x080002ef   Thumb Code     0  libinit2.o(.ARM.Collect$$libinit$$00000017)
    __rt_lib_init_lc_time_1                  0x080002ef   Thumb Code     0  libinit2.o(.ARM.Collect$$libinit$$00000019)
    __rt_lib_init_return                     0x080002ef   Thumb Code     0  libinit2.o(.ARM.Collect$$libinit$$00000033)
    __rt_lib_init_signal_1                   0x080002ef   Thumb Code     0  libinit2.o(.ARM.Collect$$libinit$$0000001D)
    __rt_lib_init_stdio_1                    0x080002ef   Thumb Code     0  libinit2.o(.ARM.Collect$$libinit$$00000025)
    __rt_lib_shutdown                        0x080002f1   Thumb Code     0  libshutdown.o(.ARM.Collect$$libshutdown$$00000000)
    __rt_lib_shutdown_cpp_1                  0x080002f3   Thumb Code     0  libshutdown2.o(.ARM.Collect$$libshutdown$$00000002)
    __rt_lib_shutdown_fp_trap_1              0x080002f3   Thumb Code     0  libshutdown2.o(.ARM.Collect$$libshutdown$$00000007)
    __rt_lib_shutdown_heap_1                 0x080002f3   Thumb Code     0  libshutdown2.o(.ARM.Collect$$libshutdown$$0000000F)
    __rt_lib_shutdown_return                 0x080002f3   Thumb Code     0  libshutdown2.o(.ARM.Collect$$libshutdown$$00000010)
    __rt_lib_shutdown_signal_1               0x080002f3   Thumb Code     0  libshutdown2.o(.ARM.Collect$$libshutdown$$0000000A)
    __rt_lib_shutdown_stdio_1                0x080002f3   Thumb Code     0  libshutdown2.o(.ARM.Collect$$libshutdown$$00000004)
    __rt_lib_shutdown_user_alloc_1           0x080002f3   Thumb Code     0  libshutdown2.o(.ARM.Collect$$libshutdown$$0000000C)
    __rt_entry                               0x080002f5   Thumb Code     0  __rtentry.o(.ARM.Collect$$rtentry$$00000000)
    __rt_entry_presh_1                       0x080002f5   Thumb Code     0  __rtentry2.o(.ARM.Collect$$rtentry$$00000002)
    __rt_entry_sh                            0x080002f5   Thumb Code     0  __rtentry4.o(.ARM.Collect$$rtentry$$00000004)
    __rt_entry_li                            0x080002fb   Thumb Code     0  __rtentry2.o(.ARM.Collect$$rtentry$$0000000A)
    __rt_entry_postsh_1                      0x080002fb   Thumb Code     0  __rtentry2.o(.ARM.Collect$$rtentry$$00000009)
    __rt_entry_main                          0x080002ff   Thumb Code     0  __rtentry2.o(.ARM.Collect$$rtentry$$0000000D)
    __rt_entry_postli_1                      0x080002ff   Thumb Code     0  __rtentry2.o(.ARM.Collect$$rtentry$$0000000C)
    __rt_exit                                0x08000307   Thumb Code     0  rtexit.o(.ARM.Collect$$rtexit$$00000000)
    __rt_exit_ls                             0x08000309   Thumb Code     0  rtexit2.o(.ARM.Collect$$rtexit$$00000003)
    __rt_exit_prels_1                        0x08000309   Thumb Code     0  rtexit2.o(.ARM.Collect$$rtexit$$00000002)
    __rt_exit_exit                           0x0800030d   Thumb Code     0  rtexit2.o(.ARM.Collect$$rtexit$$00000004)
    Reset_Handler                            0x08000315   Thumb Code     8  startup_stm32f40_41xxx.o(.text)
    ADC_IRQHandler                           0x0800032f   Thumb Code     0  startup_stm32f40_41xxx.o(.text)
    CAN1_RX0_IRQHandler                      0x0800032f   Thumb Code     0  startup_stm32f40_41xxx.o(.text)
    CAN1_RX1_IRQHandler                      0x0800032f   Thumb Code     0  startup_stm32f40_41xxx.o(.text)
    CAN1_SCE_IRQHandler                      0x0800032f   Thumb Code     0  startup_stm32f40_41xxx.o(.text)
    CAN1_TX_IRQHandler                       0x0800032f   Thumb Code     0  startup_stm32f40_41xxx.o(.text)
    CAN2_RX0_IRQHandler                      0x0800032f   Thumb Code     0  startup_stm32f40_41xxx.o(.text)
    CAN2_RX1_IRQHandler                      0x0800032f   Thumb Code     0  startup_stm32f40_41xxx.o(.text)
    CAN2_SCE_IRQHandler                      0x0800032f   Thumb Code     0  startup_stm32f40_41xxx.o(.text)
    CAN2_TX_IRQHandler                       0x0800032f   Thumb Code     0  startup_stm32f40_41xxx.o(.text)
    CRYP_IRQHandler                          0x0800032f   Thumb Code     0  startup_stm32f40_41xxx.o(.text)
    DCMI_IRQHandler                          0x0800032f   Thumb Code     0  startup_stm32f40_41xxx.o(.text)
    DMA1_Stream0_IRQHandler                  0x0800032f   Thumb Code     0  startup_stm32f40_41xxx.o(.text)
    DMA1_Stream1_IRQHandler                  0x0800032f   Thumb Code     0  startup_stm32f40_41xxx.o(.text)
    DMA1_Stream2_IRQHandler                  0x0800032f   Thumb Code     0  startup_stm32f40_41xxx.o(.text)
    DMA1_Stream3_IRQHandler                  0x0800032f   Thumb Code     0  startup_stm32f40_41xxx.o(.text)
    DMA1_Stream4_IRQHandler                  0x0800032f   Thumb Code     0  startup_stm32f40_41xxx.o(.text)
    DMA1_Stream5_IRQHandler                  0x0800032f   Thumb Code     0  startup_stm32f40_41xxx.o(.text)
    DMA1_Stream6_IRQHandler                  0x0800032f   Thumb Code     0  startup_stm32f40_41xxx.o(.text)
    DMA1_Stream7_IRQHandler                  0x0800032f   Thumb Code     0  startup_stm32f40_41xxx.o(.text)
    DMA2_Stream0_IRQHandler                  0x0800032f   Thumb Code     0  startup_stm32f40_41xxx.o(.text)
    DMA2_Stream1_IRQHandler                  0x0800032f   Thumb Code     0  startup_stm32f40_41xxx.o(.text)
    DMA2_Stream2_IRQHandler                  0x0800032f   Thumb Code     0  startup_stm32f40_41xxx.o(.text)
    DMA2_Stream3_IRQHandler                  0x0800032f   Thumb Code     0  startup_stm32f40_41xxx.o(.text)
    DMA2_Stream4_IRQHandler                  0x0800032f   Thumb Code     0  startup_stm32f40_41xxx.o(.text)
    DMA2_Stream5_IRQHandler                  0x0800032f   Thumb Code     0  startup_stm32f40_41xxx.o(.text)
    DMA2_Stream6_IRQHandler                  0x0800032f   Thumb Code     0  startup_stm32f40_41xxx.o(.text)
    DMA2_Stream7_IRQHandler                  0x0800032f   Thumb Code     0  startup_stm32f40_41xxx.o(.text)
    ETH_IRQHandler                           0x0800032f   Thumb Code     0  startup_stm32f40_41xxx.o(.text)
    ETH_WKUP_IRQHandler                      0x0800032f   Thumb Code     0  startup_stm32f40_41xxx.o(.text)
    EXTI0_IRQHandler                         0x0800032f   Thumb Code     0  startup_stm32f40_41xxx.o(.text)
    EXTI15_10_IRQHandler                     0x0800032f   Thumb Code     0  startup_stm32f40_41xxx.o(.text)
    EXTI1_IRQHandler                         0x0800032f   Thumb Code     0  startup_stm32f40_41xxx.o(.text)
    EXTI2_IRQHandler                         0x0800032f   Thumb Code     0  startup_stm32f40_41xxx.o(.text)
    EXTI3_IRQHandler                         0x0800032f   Thumb Code     0  startup_stm32f40_41xxx.o(.text)
    EXTI4_IRQHandler                         0x0800032f   Thumb Code     0  startup_stm32f40_41xxx.o(.text)
    EXTI9_5_IRQHandler                       0x0800032f   Thumb Code     0  startup_stm32f40_41xxx.o(.text)
    FLASH_IRQHandler                         0x0800032f   Thumb Code     0  startup_stm32f40_41xxx.o(.text)
    FPU_IRQHandler                           0x0800032f   Thumb Code     0  startup_stm32f40_41xxx.o(.text)
    FSMC_IRQHandler                          0x0800032f   Thumb Code     0  startup_stm32f40_41xxx.o(.text)
    HASH_RNG_IRQHandler                      0x0800032f   Thumb Code     0  startup_stm32f40_41xxx.o(.text)
    I2C1_ER_IRQHandler                       0x0800032f   Thumb Code     0  startup_stm32f40_41xxx.o(.text)
    I2C1_EV_IRQHandler                       0x0800032f   Thumb Code     0  startup_stm32f40_41xxx.o(.text)
    I2C2_ER_IRQHandler                       0x0800032f   Thumb Code     0  startup_stm32f40_41xxx.o(.text)
    I2C2_EV_IRQHandler                       0x0800032f   Thumb Code     0  startup_stm32f40_41xxx.o(.text)
    I2C3_ER_IRQHandler                       0x0800032f   Thumb Code     0  startup_stm32f40_41xxx.o(.text)
    I2C3_EV_IRQHandler                       0x0800032f   Thumb Code     0  startup_stm32f40_41xxx.o(.text)
    OTG_FS_IRQHandler                        0x0800032f   Thumb Code     0  startup_stm32f40_41xxx.o(.text)
    OTG_FS_WKUP_IRQHandler                   0x0800032f   Thumb Code     0  startup_stm32f40_41xxx.o(.text)
    OTG_HS_EP1_IN_IRQHandler                 0x0800032f   Thumb Code     0  startup_stm32f40_41xxx.o(.text)
    OTG_HS_EP1_OUT_IRQHandler                0x0800032f   Thumb Code     0  startup_stm32f40_41xxx.o(.text)
    OTG_HS_IRQHandler                        0x0800032f   Thumb Code     0  startup_stm32f40_41xxx.o(.text)
    OTG_HS_WKUP_IRQHandler                   0x0800032f   Thumb Code     0  startup_stm32f40_41xxx.o(.text)
    PVD_IRQHandler                           0x0800032f   Thumb Code     0  startup_stm32f40_41xxx.o(.text)
    RCC_IRQHandler                           0x0800032f   Thumb Code     0  startup_stm32f40_41xxx.o(.text)
    RTC_Alarm_IRQHandler                     0x0800032f   Thumb Code     0  startup_stm32f40_41xxx.o(.text)
    RTC_WKUP_IRQHandler                      0x0800032f   Thumb Code     0  startup_stm32f40_41xxx.o(.text)
    SDIO_IRQHandler                          0x0800032f   Thumb Code     0  startup_stm32f40_41xxx.o(.text)
    SPI1_IRQHandler                          0x0800032f   Thumb Code     0  startup_stm32f40_41xxx.o(.text)
    SPI2_IRQHandler                          0x0800032f   Thumb Code     0  startup_stm32f40_41xxx.o(.text)
    SPI3_IRQHandler                          0x0800032f   Thumb Code     0  startup_stm32f40_41xxx.o(.text)
    TAMP_STAMP_IRQHandler                    0x0800032f   Thumb Code     0  startup_stm32f40_41xxx.o(.text)
    TIM1_BRK_TIM9_IRQHandler                 0x0800032f   Thumb Code     0  startup_stm32f40_41xxx.o(.text)
    TIM1_CC_IRQHandler                       0x0800032f   Thumb Code     0  startup_stm32f40_41xxx.o(.text)
    TIM1_TRG_COM_TIM11_IRQHandler            0x0800032f   Thumb Code     0  startup_stm32f40_41xxx.o(.text)
    TIM1_UP_TIM10_IRQHandler                 0x0800032f   Thumb Code     0  startup_stm32f40_41xxx.o(.text)
    TIM2_IRQHandler                          0x0800032f   Thumb Code     0  startup_stm32f40_41xxx.o(.text)
    TIM4_IRQHandler                          0x0800032f   Thumb Code     0  startup_stm32f40_41xxx.o(.text)
    TIM5_IRQHandler                          0x0800032f   Thumb Code     0  startup_stm32f40_41xxx.o(.text)
    TIM6_DAC_IRQHandler                      0x0800032f   Thumb Code     0  startup_stm32f40_41xxx.o(.text)
    TIM7_IRQHandler                          0x0800032f   Thumb Code     0  startup_stm32f40_41xxx.o(.text)
    TIM8_BRK_TIM12_IRQHandler                0x0800032f   Thumb Code     0  startup_stm32f40_41xxx.o(.text)
    TIM8_CC_IRQHandler                       0x0800032f   Thumb Code     0  startup_stm32f40_41xxx.o(.text)
    TIM8_TRG_COM_TIM14_IRQHandler            0x0800032f   Thumb Code     0  startup_stm32f40_41xxx.o(.text)
    TIM8_UP_TIM13_IRQHandler                 0x0800032f   Thumb Code     0  startup_stm32f40_41xxx.o(.text)
    UART4_IRQHandler                         0x0800032f   Thumb Code     0  startup_stm32f40_41xxx.o(.text)
    UART5_IRQHandler                         0x0800032f   Thumb Code     0  startup_stm32f40_41xxx.o(.text)
    USART1_IRQHandler                        0x0800032f   Thumb Code     0  startup_stm32f40_41xxx.o(.text)
    USART2_IRQHandler                        0x0800032f   Thumb Code     0  startup_stm32f40_41xxx.o(.text)
    USART3_IRQHandler                        0x0800032f   Thumb Code     0  startup_stm32f40_41xxx.o(.text)
    USART6_IRQHandler                        0x0800032f   Thumb Code     0  startup_stm32f40_41xxx.o(.text)
    WWDG_IRQHandler                          0x0800032f   Thumb Code     0  startup_stm32f40_41xxx.o(.text)
    __user_initial_stackheap                 0x08000331   Thumb Code     0  startup_stm32f40_41xxx.o(.text)
    vsprintf                                 0x08000355   Thumb Code    32  vsprintf.o(.text)
    __use_two_region_memory                  0x08000379   Thumb Code     2  heapauxi.o(.text)
    __rt_heap_escrow$2region                 0x0800037b   Thumb Code     2  heapauxi.o(.text)
    __rt_heap_expand$2region                 0x0800037d   Thumb Code     2  heapauxi.o(.text)
    _printf_pre_padding                      0x0800037f   Thumb Code    44  _printf_pad.o(.text)
    _printf_post_padding                     0x080003ab   Thumb Code    34  _printf_pad.o(.text)
    _printf_truncate_signed                  0x080003cd   Thumb Code    18  _printf_truncate.o(.text)
    _printf_truncate_unsigned                0x080003df   Thumb Code    18  _printf_truncate.o(.text)
    _printf_str                              0x080003f1   Thumb Code    82  _printf_str.o(.text)
    _printf_int_dec                          0x08000445   Thumb Code   104  _printf_dec.o(.text)
    _printf_charcount                        0x080004bd   Thumb Code    40  _printf_charcount.o(.text)
    _printf_char_common                      0x080004ef   Thumb Code    32  _printf_char_common.o(.text)
    _sputc                                   0x08000515   Thumb Code    10  _sputc.o(.text)
    _printf_wctomb                           0x08000521   Thumb Code   182  _printf_wctomb.o(.text)
    _printf_longlong_dec                     0x080005dd   Thumb Code   108  _printf_longlong_dec.o(.text)
    _printf_longlong_oct                     0x08000659   Thumb Code    68  _printf_oct_int_ll.o(.text)
    _printf_int_oct                          0x0800069d   Thumb Code    24  _printf_oct_int_ll.o(.text)
    _printf_ll_oct                           0x080006b5   Thumb Code    12  _printf_oct_int_ll.o(.text)
    _printf_longlong_hex                     0x080006c9   Thumb Code    86  _printf_hex_int_ll_ptr.o(.text)
    _printf_int_hex                          0x0800071f   Thumb Code    28  _printf_hex_int_ll_ptr.o(.text)
    _printf_ll_hex                           0x0800073b   Thumb Code    12  _printf_hex_int_ll_ptr.o(.text)
    _printf_hex_ptr                          0x08000747   Thumb Code    18  _printf_hex_int_ll_ptr.o(.text)
    __printf                                 0x0800075d   Thumb Code   388  __printf_flags_ss_wp.o(.text)
    _ll_udiv10                               0x080008e5   Thumb Code   138  lludiv10.o(.text)
    _printf_int_common                       0x0800096f   Thumb Code   178  _printf_intcommon.o(.text)
    __lib_sel_fp_printf                      0x08000a21   Thumb Code     2  _printf_fp_dec.o(.text)
    _printf_fp_dec_real                      0x08000bcf   Thumb Code   620  _printf_fp_dec.o(.text)
    _printf_fp_hex_real                      0x08000e3d   Thumb Code   756  _printf_fp_hex.o(.text)
    _printf_cs_common                        0x08001139   Thumb Code    20  _printf_char.o(.text)
    _printf_char                             0x0800114d   Thumb Code    16  _printf_char.o(.text)
    _printf_string                           0x0800115d   Thumb Code     8  _printf_char.o(.text)
    _printf_lcs_common                       0x08001165   Thumb Code    20  _printf_wchar.o(.text)
    _printf_wchar                            0x08001179   Thumb Code    16  _printf_wchar.o(.text)
    _printf_wstring                          0x08001189   Thumb Code     8  _printf_wchar.o(.text)
    _wcrtomb                                 0x08001191   Thumb Code    64  _wcrtomb.o(.text)
    __user_setup_stackheap                   0x080011d1   Thumb Code    74  sys_stackheap_outer.o(.text)
    __rt_ctype_table                         0x0800121d   Thumb Code    16  rt_ctype_table.o(.text)
    __rt_locale                              0x0800122d   Thumb Code     8  rt_locale_intlibspace.o(.text)
    _printf_fp_infnan                        0x08001235   Thumb Code   112  _printf_fp_infnan.o(.text)
    _btod_etento                             0x080012b5   Thumb Code   216  bigflt0.o(.text)
    exit                                     0x08001391   Thumb Code    18  exit.o(.text)
    __user_libspace                          0x080013a5   Thumb Code     8  libspace.o(.text)
    __user_perproc_libspace                  0x080013a5   Thumb Code     0  libspace.o(.text)
    __user_perthread_libspace                0x080013a5   Thumb Code     0  libspace.o(.text)
    strcmp                                   0x080013ad   Thumb Code   128  strcmpv7m.o(.text)
    _sys_exit                                0x0800142d   Thumb Code     8  sys_exit.o(.text)
    __I$use$semihosting                      0x08001439   Thumb Code     0  use_no_semi.o(.text)
    __use_no_semihosting_swi                 0x08001439   Thumb Code     2  use_no_semi.o(.text)
    __semihosting_library_function           0x0800143b   Thumb Code     0  indicate_semi.o(.text)
    _btod_d2e                                0x0800143b   Thumb Code    62  btod.o(CL$$btod_d2e)
    _d2e_denorm_low                          0x08001479   Thumb Code    70  btod.o(CL$$btod_d2e_denorm_low)
    _d2e_norm_op1                            0x080014bf   Thumb Code    96  btod.o(CL$$btod_d2e_norm_op1)
    __btod_div_common                        0x0800151f   Thumb Code   696  btod.o(CL$$btod_div_common)
    _e2e                                     0x08001857   Thumb Code   198  btod.o(CL$$btod_e2e)
    _btod_ediv                               0x0800191d   Thumb Code    40  btod.o(CL$$btod_ediv)
    _btod_emul                               0x08001945   Thumb Code    40  btod.o(CL$$btod_emul)
    __btod_mult_common                       0x0800196d   Thumb Code   580  btod.o(CL$$btod_mult_common)
    BusFault_Handler                         0x08001bb1   Thumb Code     4  stm32f4xx_it.o(i.BusFault_Handler)
    DebugMon_Handler                         0x08001bb5   Thumb Code     2  stm32f4xx_it.o(i.DebugMon_Handler)
    GPIO_Init                                0x08001bb7   Thumb Code   144  stm32f4xx_gpio.o(i.GPIO_Init)
    GPIO_PinAFConfig                         0x08001c47   Thumb Code    70  stm32f4xx_gpio.o(i.GPIO_PinAFConfig)
    GPIO_ResetBits                           0x08001c8d   Thumb Code     4  stm32f4xx_gpio.o(i.GPIO_ResetBits)
    GPIO_SetBits                             0x08001c91   Thumb Code     4  stm32f4xx_gpio.o(i.GPIO_SetBits)
    HardFault_Handler                        0x08001c95   Thumb Code     4  stm32f4xx_it.o(i.HardFault_Handler)
    MemManage_Handler                        0x08001c99   Thumb Code     4  stm32f4xx_it.o(i.MemManage_Handler)
    NMI_Handler                              0x08001c9d   Thumb Code     2  stm32f4xx_it.o(i.NMI_Handler)
    NVIC_Init                                0x08001ca1   Thumb Code   106  misc.o(i.NVIC_Init)
    PendSV_Handler                           0x08001d19   Thumb Code     2  stm32f4xx_it.o(i.PendSV_Handler)
    RCC_AHB1PeriphClockCmd                   0x08001d1d   Thumb Code    26  stm32f4xx_rcc.o(i.RCC_AHB1PeriphClockCmd)
    RCC_APB1PeriphClockCmd                   0x08001d3d   Thumb Code    26  stm32f4xx_rcc.o(i.RCC_APB1PeriphClockCmd)
    RCC_APB1PeriphResetCmd                   0x08001d5d   Thumb Code    26  stm32f4xx_rcc.o(i.RCC_APB1PeriphResetCmd)
    RCC_APB2PeriphClockCmd                   0x08001d7d   Thumb Code    26  stm32f4xx_rcc.o(i.RCC_APB2PeriphClockCmd)
    RCC_APB2PeriphResetCmd                   0x08001d9d   Thumb Code    26  stm32f4xx_rcc.o(i.RCC_APB2PeriphResetCmd)
    SPI_Cmd                                  0x08001dbd   Thumb Code    24  stm32f4xx_spi.o(i.SPI_Cmd)
    SPI_I2S_DeInit                           0x08001dd5   Thumb Code   152  stm32f4xx_spi.o(i.SPI_I2S_DeInit)
    SPI_I2S_GetFlagStatus                    0x08001e85   Thumb Code    18  stm32f4xx_spi.o(i.SPI_I2S_GetFlagStatus)
    SPI_I2S_ReceiveData                      0x08001e97   Thumb Code     6  stm32f4xx_spi.o(i.SPI_I2S_ReceiveData)
    SPI_I2S_SendData                         0x08001e9d   Thumb Code     4  stm32f4xx_spi.o(i.SPI_I2S_SendData)
    SPI_Init                                 0x08001ea1   Thumb Code    60  stm32f4xx_spi.o(i.SPI_Init)
    SVC_Handler                              0x08001edd   Thumb Code     2  stm32f4xx_it.o(i.SVC_Handler)
    SysTick_Handler                          0x08001fcd   Thumb Code    12  stm32f4xx_it.o(i.SysTick_Handler)
    SystemCoreClockUpdate                    0x08001fdd   Thumb Code   170  system_stm32f4xx.o(i.SystemCoreClockUpdate)
    SystemInit                               0x0800209d   Thumb Code    88  system_stm32f4xx.o(i.SystemInit)
    TIM3_IRQHandler                          0x08002105   Thumb Code   118  stepper.o(i.TIM3_IRQHandler)
    TIM_ClearITPendingBit                    0x08002185   Thumb Code     6  stm32f4xx_tim.o(i.TIM_ClearITPendingBit)
    TIM_Cmd                                  0x0800218b   Thumb Code    24  stm32f4xx_tim.o(i.TIM_Cmd)
    TIM_GetCounter                           0x080021a3   Thumb Code     6  stm32f4xx_tim.o(i.TIM_GetCounter)
    TIM_GetITStatus                          0x080021a9   Thumb Code    34  stm32f4xx_tim.o(i.TIM_GetITStatus)
    TIM_ITConfig                             0x080021cb   Thumb Code    18  stm32f4xx_tim.o(i.TIM_ITConfig)
    TIM_OC1Init                              0x080021dd   Thumb Code   114  stm32f4xx_tim.o(i.TIM_OC1Init)
    TIM_OC1PreloadConfig                     0x08002259   Thumb Code    18  stm32f4xx_tim.o(i.TIM_OC1PreloadConfig)
    TIM_OC2Init                              0x0800226d   Thumb Code   154  stm32f4xx_tim.o(i.TIM_OC2Init)
    TIM_OC2PreloadConfig                     0x08002311   Thumb Code    26  stm32f4xx_tim.o(i.TIM_OC2PreloadConfig)
    TIM_OC3Init                              0x0800232d   Thumb Code   150  stm32f4xx_tim.o(i.TIM_OC3Init)
    TIM_OC3PreloadConfig                     0x080023cd   Thumb Code    18  stm32f4xx_tim.o(i.TIM_OC3PreloadConfig)
    TIM_SetCompare1                          0x080023df   Thumb Code     4  stm32f4xx_tim.o(i.TIM_SetCompare1)
    TIM_TimeBaseInit                         0x080023e5   Thumb Code   104  stm32f4xx_tim.o(i.TIM_TimeBaseInit)
    UsageFault_Handler                       0x08002469   Thumb Code     4  stm32f4xx_it.o(i.UsageFault_Handler)
    __ARM_fpclassify                         0x0800246d   Thumb Code    48  fpclassify.o(i.__ARM_fpclassify)
    _delay_ms                                0x0800249d   Thumb Code    28  ticks.o(i._delay_ms)
    _is_digit                                0x080024b9   Thumb Code    14  __printf_wp.o(i._is_digit)
    get_ticks                                0x080024c9   Thumb Code     6  ticks.o(i.get_ticks)
    led_init                                 0x080024d5   Thumb Code    78  led.o(i.led_init)
    led_off                                  0x0800252d   Thumb Code    36  led.o(i.led_off)
    led_on                                   0x08002559   Thumb Code    36  led.o(i.led_on)
    led_toggle                               0x08002585   Thumb Code    26  led.o(i.led_toggle)
    main                                     0x080025a5   Thumb Code   136  main.o(i.main)
    stepper_init                             0x0800268d   Thumb Code    62  stepper.o(i.stepper_init)
    tft_clear                                0x08002825   Thumb Code    32  lcd_main.o(i.tft_clear)
    tft_clear_line                           0x0800284d   Thumb Code   108  lcd_main.o(i.tft_clear_line)
    tft_fill_color                           0x080028d5   Thumb Code    74  lcd_main.o(i.tft_fill_color)
    tft_init                                 0x08002925   Thumb Code   792  lcd_main.o(i.tft_init)
    tft_println                              0x08002c61   Thumb Code    70  lcd_main.o(i.tft_println)
    tft_set_bg_color                         0x08002cb1   Thumb Code     6  lcd_main.o(i.tft_set_bg_color)
    tft_set_special_color                    0x08002e11   Thumb Code     6  lcd_main.o(i.tft_set_special_color)
    tft_set_text_color                       0x08002e1d   Thumb Code     6  lcd_main.o(i.tft_set_text_color)
    tft_spi_init                             0x08002e29   Thumb Code   168  lcd_main.o(i.tft_spi_init)
    tft_update                               0x08002ed9   Thumb Code   338  lcd_main.o(i.tft_update)
    ticks_init                               0x080030f1   Thumb Code    88  ticks.o(i.ticks_init)
    _get_lc_numeric                          0x08003159   Thumb Code    44  lc_numeric_c.o(locale$$code)
    _get_lc_ctype                            0x08003185   Thumb Code    44  lc_ctype_c.o(locale$$code)
    _fp_init                                 0x080031b1   Thumb Code    10  fpinit.o(x$fpl$fpinit)
    __fplib_config_fpu_vfp                   0x080031b9   Thumb Code     0  fpinit.o(x$fpl$fpinit)
    __fplib_config_pureend_doubles           0x080031b9   Thumb Code     0  fpinit.o(x$fpl$fpinit)
    _printf_fp_dec                           0x080031bb   Thumb Code     4  printf1.o(x$fpl$printf1)
    _printf_fp_hex                           0x080031bf   Thumb Code     4  printf2.o(x$fpl$printf2)
    __I$use$fp                               0x080031c2   Number         0  usenofp.o(x$fpl$usenofp)
    Region$$Table$$Base                      0x080032c0   Number         0  anon$$obj.o(Region$$Table)
    Region$$Table$$Limit                     0x080032e0   Number         0  anon$$obj.o(Region$$Table)
    __ctype                                  0x08003309   Data           0  lc_ctype_c.o(locale$$data)
    SystemCoreClock                          0x20000000   Data           4  system_stm32f4xx.o(.data)
    AHBPrescTable                            0x20000004   Data          16  system_stm32f4xx.o(.data)
    ticksImg                                 0x20000014   Data           4  main.o(.data)
    ticks                                    0x20000018   Data           4  stm32f4xx_it.o(.data)
    ascii_8x16                               0x2000001e   Data        1536  lcd_main.o(.data)
    curr_bg_color                            0x2000061e   Data           2  lcd_main.o(.data)
    curr_text_color                          0x20000620   Data           2  lcd_main.o(.data)
    curr_text_color_sp                       0x20000622   Data           2  lcd_main.o(.data)
    tft_orientation                          0x20000626   Data           1  lcd_main.o(.data)
    tft_enabled                              0x20000627   Data           1  lcd_main.o(.data)
    tft_width                                0x20000628   Data           1  lcd_main.o(.data)
    tft_height                               0x20000629   Data           1  lcd_main.o(.data)
    tft_y_index                              0x2000062a   Data           1  lcd_main.o(.data)
    char_max_x                               0x2000062b   Data           1  lcd_main.o(.data)
    char_max_y                               0x2000062c   Data           1  lcd_main.o(.data)
    cur_screen                               0x2000062d   Data           1  lcd_main.o(.data)
    next_screen                              0x2000062e   Data           1  lcd_main.o(.data)
    pointer_to_curr_screen                   0x2000062f   Data           1  lcd_main.o(.data)
    print_pos                                0x20000630   Data           2  lcd_main.o(.data)
    text_buf                                 0x20000658   Data         320  lcd_main.o(.bss)
    text_color_buf                           0x20000798   Data         640  lcd_main.o(.bss)
    bg_color_buf                             0x20000a18   Data         640  lcd_main.o(.bss)
    __libspace_start                         0x20000c98   Data          96  libspace.o(.bss)
    __temporary_stack_top$libspace           0x20000cf8   Data           0  libspace.o(.bss)



==============================================================================

Memory Map of the image

  Image Entry point : 0x08000189

  Load Region LR_IROM1 (Base: 0x08000000, Size: 0x00003a40, Max: 0x00100000, ABSOLUTE, COMPRESSED[0x000036d0])

    Execution Region ER_IROM1 (Base: 0x08000000, Size: 0x0000340c, Max: 0x00100000, ABSOLUTE)

    Base Addr    Size         Type   Attr      Idx    E Section Name        Object

    0x08000000   0x00000188   Data   RO         4984    RESET               startup_stm32f40_41xxx.o
    0x08000188   0x00000008   Code   RO         5455  * !!!main             c_w.l(__main.o)
    0x08000190   0x00000034   Code   RO         5778    !!!scatter          c_w.l(__scatter.o)
    0x080001c4   0x0000005a   Code   RO         5776    !!dczerorl2         c_w.l(__dczerorl2.o)
    0x0800021e   0x00000002   PAD
    0x08000220   0x0000001c   Code   RO         5780    !!handler_zi        c_w.l(__scatter_zi.o)
    0x0800023c   0x00000000   Code   RO         5539    .ARM.Collect$$_printf_percent$$00000000  c_w.l(_printf_percent.o)
    0x0800023c   0x00000006   Code   RO         5528    .ARM.Collect$$_printf_percent$$00000001  c_w.l(_printf_n.o)
    0x08000242   0x00000006   Code   RO         5530    .ARM.Collect$$_printf_percent$$00000002  c_w.l(_printf_p.o)
    0x08000248   0x00000006   Code   RO         5535    .ARM.Collect$$_printf_percent$$00000003  c_w.l(_printf_f.o)
    0x0800024e   0x00000006   Code   RO         5536    .ARM.Collect$$_printf_percent$$00000004  c_w.l(_printf_e.o)
    0x08000254   0x00000006   Code   RO         5537    .ARM.Collect$$_printf_percent$$00000005  c_w.l(_printf_g.o)
    0x0800025a   0x00000006   Code   RO         5538    .ARM.Collect$$_printf_percent$$00000006  c_w.l(_printf_a.o)
    0x08000260   0x0000000a   Code   RO         5543    .ARM.Collect$$_printf_percent$$00000007  c_w.l(_printf_ll.o)
    0x0800026a   0x00000006   Code   RO         5532    .ARM.Collect$$_printf_percent$$00000008  c_w.l(_printf_i.o)
    0x08000270   0x00000006   Code   RO         5533    .ARM.Collect$$_printf_percent$$00000009  c_w.l(_printf_d.o)
    0x08000276   0x00000006   Code   RO         5534    .ARM.Collect$$_printf_percent$$0000000A  c_w.l(_printf_u.o)
    0x0800027c   0x00000006   Code   RO         5531    .ARM.Collect$$_printf_percent$$0000000B  c_w.l(_printf_o.o)
    0x08000282   0x00000006   Code   RO         5529    .ARM.Collect$$_printf_percent$$0000000C  c_w.l(_printf_x.o)
    0x08000288   0x00000006   Code   RO         5540    .ARM.Collect$$_printf_percent$$0000000D  c_w.l(_printf_lli.o)
    0x0800028e   0x00000006   Code   RO         5541    .ARM.Collect$$_printf_percent$$0000000E  c_w.l(_printf_lld.o)
    0x08000294   0x00000006   Code   RO         5542    .ARM.Collect$$_printf_percent$$0000000F  c_w.l(_printf_llu.o)
    0x0800029a   0x00000006   Code   RO         5547    .ARM.Collect$$_printf_percent$$00000010  c_w.l(_printf_llo.o)
    0x080002a0   0x00000006   Code   RO         5548    .ARM.Collect$$_printf_percent$$00000011  c_w.l(_printf_llx.o)
    0x080002a6   0x0000000a   Code   RO         5544    .ARM.Collect$$_printf_percent$$00000012  c_w.l(_printf_l.o)
    0x080002b0   0x00000006   Code   RO         5526    .ARM.Collect$$_printf_percent$$00000013  c_w.l(_printf_c.o)
    0x080002b6   0x00000006   Code   RO         5527    .ARM.Collect$$_printf_percent$$00000014  c_w.l(_printf_s.o)
    0x080002bc   0x00000006   Code   RO         5545    .ARM.Collect$$_printf_percent$$00000015  c_w.l(_printf_lc.o)
    0x080002c2   0x00000006   Code   RO         5546    .ARM.Collect$$_printf_percent$$00000016  c_w.l(_printf_ls.o)
    0x080002c8   0x00000004   Code   RO         5587    .ARM.Collect$$_printf_percent$$00000017  c_w.l(_printf_percent_end.o)
    0x080002cc   0x00000002   Code   RO         5636    .ARM.Collect$$libinit$$00000000  c_w.l(libinit.o)
    0x080002ce   0x00000004   Code   RO         5652    .ARM.Collect$$libinit$$00000001  c_w.l(libinit2.o)
    0x080002d2   0x00000000   Code   RO         5655    .ARM.Collect$$libinit$$00000004  c_w.l(libinit2.o)
    0x080002d2   0x00000000   Code   RO         5658    .ARM.Collect$$libinit$$0000000A  c_w.l(libinit2.o)
    0x080002d2   0x00000000   Code   RO         5660    .ARM.Collect$$libinit$$0000000C  c_w.l(libinit2.o)
    0x080002d2   0x00000000   Code   RO         5662    .ARM.Collect$$libinit$$0000000E  c_w.l(libinit2.o)
    0x080002d2   0x00000006   Code   RO         5663    .ARM.Collect$$libinit$$0000000F  c_w.l(libinit2.o)
    0x080002d8   0x00000000   Code   RO         5665    .ARM.Collect$$libinit$$00000011  c_w.l(libinit2.o)
    0x080002d8   0x0000000c   Code   RO         5666    .ARM.Collect$$libinit$$00000012  c_w.l(libinit2.o)
    0x080002e4   0x00000000   Code   RO         5667    .ARM.Collect$$libinit$$00000013  c_w.l(libinit2.o)
    0x080002e4   0x00000000   Code   RO         5669    .ARM.Collect$$libinit$$00000015  c_w.l(libinit2.o)
    0x080002e4   0x0000000a   Code   RO         5670    .ARM.Collect$$libinit$$00000016  c_w.l(libinit2.o)
    0x080002ee   0x00000000   Code   RO         5671    .ARM.Collect$$libinit$$00000017  c_w.l(libinit2.o)
    0x080002ee   0x00000000   Code   RO         5673    .ARM.Collect$$libinit$$00000019  c_w.l(libinit2.o)
    0x080002ee   0x00000000   Code   RO         5675    .ARM.Collect$$libinit$$0000001B  c_w.l(libinit2.o)
    0x080002ee   0x00000000   Code   RO         5677    .ARM.Collect$$libinit$$0000001D  c_w.l(libinit2.o)
    0x080002ee   0x00000000   Code   RO         5679    .ARM.Collect$$libinit$$0000001F  c_w.l(libinit2.o)
    0x080002ee   0x00000000   Code   RO         5681    .ARM.Collect$$libinit$$00000021  c_w.l(libinit2.o)
    0x080002ee   0x00000000   Code   RO         5683    .ARM.Collect$$libinit$$00000023  c_w.l(libinit2.o)
    0x080002ee   0x00000000   Code   RO         5685    .ARM.Collect$$libinit$$00000025  c_w.l(libinit2.o)
    0x080002ee   0x00000000   Code   RO         5689    .ARM.Collect$$libinit$$0000002C  c_w.l(libinit2.o)
    0x080002ee   0x00000000   Code   RO         5691    .ARM.Collect$$libinit$$0000002E  c_w.l(libinit2.o)
    0x080002ee   0x00000000   Code   RO         5693    .ARM.Collect$$libinit$$00000030  c_w.l(libinit2.o)
    0x080002ee   0x00000000   Code   RO         5695    .ARM.Collect$$libinit$$00000032  c_w.l(libinit2.o)
    0x080002ee   0x00000002   Code   RO         5696    .ARM.Collect$$libinit$$00000033  c_w.l(libinit2.o)
    0x080002f0   0x00000002   Code   RO         5716    .ARM.Collect$$libshutdown$$00000000  c_w.l(libshutdown.o)
    0x080002f2   0x00000000   Code   RO         5729    .ARM.Collect$$libshutdown$$00000002  c_w.l(libshutdown2.o)
    0x080002f2   0x00000000   Code   RO         5731    .ARM.Collect$$libshutdown$$00000004  c_w.l(libshutdown2.o)
    0x080002f2   0x00000000   Code   RO         5734    .ARM.Collect$$libshutdown$$00000007  c_w.l(libshutdown2.o)
    0x080002f2   0x00000000   Code   RO         5737    .ARM.Collect$$libshutdown$$0000000A  c_w.l(libshutdown2.o)
    0x080002f2   0x00000000   Code   RO         5739    .ARM.Collect$$libshutdown$$0000000C  c_w.l(libshutdown2.o)
    0x080002f2   0x00000000   Code   RO         5742    .ARM.Collect$$libshutdown$$0000000F  c_w.l(libshutdown2.o)
    0x080002f2   0x00000002   Code   RO         5743    .ARM.Collect$$libshutdown$$00000010  c_w.l(libshutdown2.o)
    0x080002f4   0x00000000   Code   RO         5457    .ARM.Collect$$rtentry$$00000000  c_w.l(__rtentry.o)
    0x080002f4   0x00000000   Code   RO         5558    .ARM.Collect$$rtentry$$00000002  c_w.l(__rtentry2.o)
    0x080002f4   0x00000006   Code   RO         5570    .ARM.Collect$$rtentry$$00000004  c_w.l(__rtentry4.o)
    0x080002fa   0x00000000   Code   RO         5560    .ARM.Collect$$rtentry$$00000009  c_w.l(__rtentry2.o)
    0x080002fa   0x00000004   Code   RO         5561    .ARM.Collect$$rtentry$$0000000A  c_w.l(__rtentry2.o)
    0x080002fe   0x00000000   Code   RO         5563    .ARM.Collect$$rtentry$$0000000C  c_w.l(__rtentry2.o)
    0x080002fe   0x00000008   Code   RO         5564    .ARM.Collect$$rtentry$$0000000D  c_w.l(__rtentry2.o)
    0x08000306   0x00000002   Code   RO         5645    .ARM.Collect$$rtexit$$00000000  c_w.l(rtexit.o)
    0x08000308   0x00000000   Code   RO         5698    .ARM.Collect$$rtexit$$00000002  c_w.l(rtexit2.o)
    0x08000308   0x00000004   Code   RO         5699    .ARM.Collect$$rtexit$$00000003  c_w.l(rtexit2.o)
    0x0800030c   0x00000006   Code   RO         5700    .ARM.Collect$$rtexit$$00000004  c_w.l(rtexit2.o)
    0x08000312   0x00000002   PAD
    0x08000314   0x00000040   Code   RO         4985    .text               startup_stm32f40_41xxx.o
    0x08000354   0x00000024   Code   RO         5451    .text               c_w.l(vsprintf.o)
    0x08000378   0x00000006   Code   RO         5453    .text               c_w.l(heapauxi.o)
    0x0800037e   0x0000004e   Code   RO         5460    .text               c_w.l(_printf_pad.o)
    0x080003cc   0x00000024   Code   RO         5462    .text               c_w.l(_printf_truncate.o)
    0x080003f0   0x00000052   Code   RO         5464    .text               c_w.l(_printf_str.o)
    0x08000442   0x00000002   PAD
    0x08000444   0x00000078   Code   RO         5466    .text               c_w.l(_printf_dec.o)
    0x080004bc   0x00000028   Code   RO         5468    .text               c_w.l(_printf_charcount.o)
    0x080004e4   0x00000030   Code   RO         5470    .text               c_w.l(_printf_char_common.o)
    0x08000514   0x0000000a   Code   RO         5472    .text               c_w.l(_sputc.o)
    0x0800051e   0x00000002   PAD
    0x08000520   0x000000bc   Code   RO         5474    .text               c_w.l(_printf_wctomb.o)
    0x080005dc   0x0000007c   Code   RO         5477    .text               c_w.l(_printf_longlong_dec.o)
    0x08000658   0x00000070   Code   RO         5483    .text               c_w.l(_printf_oct_int_ll.o)
    0x080006c8   0x00000094   Code   RO         5503    .text               c_w.l(_printf_hex_int_ll_ptr.o)
    0x0800075c   0x00000188   Code   RO         5523    .text               c_w.l(__printf_flags_ss_wp.o)
    0x080008e4   0x0000008a   Code   RO         5572    .text               c_w.l(lludiv10.o)
    0x0800096e   0x000000b2   Code   RO         5574    .text               c_w.l(_printf_intcommon.o)
    0x08000a20   0x0000041a   Code   RO         5576    .text               c_w.l(_printf_fp_dec.o)
    0x08000e3a   0x00000002   PAD
    0x08000e3c   0x000002fc   Code   RO         5578    .text               c_w.l(_printf_fp_hex.o)
    0x08001138   0x0000002c   Code   RO         5583    .text               c_w.l(_printf_char.o)
    0x08001164   0x0000002c   Code   RO         5585    .text               c_w.l(_printf_wchar.o)
    0x08001190   0x00000040   Code   RO         5588    .text               c_w.l(_wcrtomb.o)
    0x080011d0   0x0000004a   Code   RO         5590    .text               c_w.l(sys_stackheap_outer.o)
    0x0800121a   0x00000002   PAD
    0x0800121c   0x00000010   Code   RO         5592    .text               c_w.l(rt_ctype_table.o)
    0x0800122c   0x00000008   Code   RO         5597    .text               c_w.l(rt_locale_intlibspace.o)
    0x08001234   0x00000080   Code   RO         5599    .text               c_w.l(_printf_fp_infnan.o)
    0x080012b4   0x000000dc   Code   RO         5601    .text               c_w.l(bigflt0.o)
    0x08001390   0x00000012   Code   RO         5629    .text               c_w.l(exit.o)
    0x080013a2   0x00000002   PAD
    0x080013a4   0x00000008   Code   RO         5642    .text               c_w.l(libspace.o)
    0x080013ac   0x00000080   Code   RO         5650    .text               c_w.l(strcmpv7m.o)
    0x0800142c   0x0000000c   Code   RO         5708    .text               c_w.l(sys_exit.o)
    0x08001438   0x00000002   Code   RO         5719    .text               c_w.l(use_no_semi.o)
    0x0800143a   0x00000000   Code   RO         5721    .text               c_w.l(indicate_semi.o)
    0x0800143a   0x0000003e   Code   RO         5604    CL$$btod_d2e        c_w.l(btod.o)
    0x08001478   0x00000046   Code   RO         5606    CL$$btod_d2e_denorm_low  c_w.l(btod.o)
    0x080014be   0x00000060   Code   RO         5605    CL$$btod_d2e_norm_op1  c_w.l(btod.o)
    0x0800151e   0x00000338   Code   RO         5614    CL$$btod_div_common  c_w.l(btod.o)
    0x08001856   0x000000c6   Code   RO         5611    CL$$btod_e2e        c_w.l(btod.o)
    0x0800191c   0x00000028   Code   RO         5608    CL$$btod_ediv       c_w.l(btod.o)
    0x08001944   0x00000028   Code   RO         5607    CL$$btod_emul       c_w.l(btod.o)
    0x0800196c   0x00000244   Code   RO         5613    CL$$btod_mult_common  c_w.l(btod.o)
    0x08001bb0   0x00000004   Code   RO         5044    i.BusFault_Handler  stm32f4xx_it.o
    0x08001bb4   0x00000002   Code   RO         5045    i.DebugMon_Handler  stm32f4xx_it.o
    0x08001bb6   0x00000090   Code   RO         1901    i.GPIO_Init         stm32f4xx_gpio.o
    0x08001c46   0x00000046   Code   RO         1902    i.GPIO_PinAFConfig  stm32f4xx_gpio.o
    0x08001c8c   0x00000004   Code   RO         1908    i.GPIO_ResetBits    stm32f4xx_gpio.o
    0x08001c90   0x00000004   Code   RO         1909    i.GPIO_SetBits      stm32f4xx_gpio.o
    0x08001c94   0x00000004   Code   RO         5046    i.HardFault_Handler  stm32f4xx_it.o
    0x08001c98   0x00000004   Code   RO         5047    i.MemManage_Handler  stm32f4xx_it.o
    0x08001c9c   0x00000002   Code   RO         5048    i.NMI_Handler       stm32f4xx_it.o
    0x08001c9e   0x00000002   PAD
    0x08001ca0   0x00000078   Code   RO            3    i.NVIC_Init         misc.o
    0x08001d18   0x00000002   Code   RO         5049    i.PendSV_Handler    stm32f4xx_it.o
    0x08001d1a   0x00000002   PAD
    0x08001d1c   0x00000020   Code   RO         2787    i.RCC_AHB1PeriphClockCmd  stm32f4xx_rcc.o
    0x08001d3c   0x00000020   Code   RO         2796    i.RCC_APB1PeriphClockCmd  stm32f4xx_rcc.o
    0x08001d5c   0x00000020   Code   RO         2798    i.RCC_APB1PeriphResetCmd  stm32f4xx_rcc.o
    0x08001d7c   0x00000020   Code   RO         2799    i.RCC_APB2PeriphClockCmd  stm32f4xx_rcc.o
    0x08001d9c   0x00000020   Code   RO         2801    i.RCC_APB2PeriphResetCmd  stm32f4xx_rcc.o
    0x08001dbc   0x00000018   Code   RO         3921    i.SPI_Cmd           stm32f4xx_spi.o
    0x08001dd4   0x000000b0   Code   RO         3928    i.SPI_I2S_DeInit    stm32f4xx_spi.o
    0x08001e84   0x00000012   Code   RO         3929    i.SPI_I2S_GetFlagStatus  stm32f4xx_spi.o
    0x08001e96   0x00000006   Code   RO         3932    i.SPI_I2S_ReceiveData  stm32f4xx_spi.o
    0x08001e9c   0x00000004   Code   RO         3933    i.SPI_I2S_SendData  stm32f4xx_spi.o
    0x08001ea0   0x0000003c   Code   RO         3934    i.SPI_Init          stm32f4xx_spi.o
    0x08001edc   0x00000002   Code   RO         5050    i.SVC_Handler       stm32f4xx_it.o
    0x08001ede   0x00000002   PAD
    0x08001ee0   0x000000ec   Code   RO         4947    i.SetSysClock       system_stm32f4xx.o
    0x08001fcc   0x00000010   Code   RO         5051    i.SysTick_Handler   stm32f4xx_it.o
    0x08001fdc   0x000000c0   Code   RO         4948    i.SystemCoreClockUpdate  system_stm32f4xx.o
    0x0800209c   0x00000068   Code   RO         4949    i.SystemInit        system_stm32f4xx.o
    0x08002104   0x00000080   Code   RO         5160    i.TIM3_IRQHandler   stepper.o
    0x08002184   0x00000006   Code   RO         4146    i.TIM_ClearITPendingBit  stm32f4xx_tim.o
    0x0800218a   0x00000018   Code   RO         4151    i.TIM_Cmd           stm32f4xx_tim.o
    0x080021a2   0x00000006   Code   RO         4170    i.TIM_GetCounter    stm32f4xx_tim.o
    0x080021a8   0x00000022   Code   RO         4172    i.TIM_GetITStatus   stm32f4xx_tim.o
    0x080021ca   0x00000012   Code   RO         4176    i.TIM_ITConfig      stm32f4xx_tim.o
    0x080021dc   0x0000007c   Code   RO         4180    i.TIM_OC1Init       stm32f4xx_tim.o
    0x08002258   0x00000012   Code   RO         4183    i.TIM_OC1PreloadConfig  stm32f4xx_tim.o
    0x0800226a   0x00000002   PAD
    0x0800226c   0x000000a4   Code   RO         4185    i.TIM_OC2Init       stm32f4xx_tim.o
    0x08002310   0x0000001a   Code   RO         4188    i.TIM_OC2PreloadConfig  stm32f4xx_tim.o
    0x0800232a   0x00000002   PAD
    0x0800232c   0x000000a0   Code   RO         4190    i.TIM_OC3Init       stm32f4xx_tim.o
    0x080023cc   0x00000012   Code   RO         4193    i.TIM_OC3PreloadConfig  stm32f4xx_tim.o
    0x080023de   0x00000004   Code   RO         4213    i.TIM_SetCompare1   stm32f4xx_tim.o
    0x080023e2   0x00000002   PAD
    0x080023e4   0x00000084   Code   RO         4223    i.TIM_TimeBaseInit  stm32f4xx_tim.o
    0x08002468   0x00000004   Code   RO         5052    i.UsageFault_Handler  stm32f4xx_it.o
    0x0800246c   0x00000030   Code   RO         5640    i.__ARM_fpclassify  m_wm.l(fpclassify.o)
    0x0800249c   0x0000001c   Code   RO         5118    i._delay_ms         ticks.o
    0x080024b8   0x0000000e   Code   RO         5516    i._is_digit         c_w.l(__printf_wp.o)
    0x080024c6   0x00000002   PAD
    0x080024c8   0x0000000c   Code   RO         5120    i.get_ticks         ticks.o
    0x080024d4   0x00000058   Code   RO         5247    i.led_init          led.o
    0x0800252c   0x0000002c   Code   RO         5248    i.led_off           led.o
    0x08002558   0x0000002c   Code   RO         5249    i.led_on            led.o
    0x08002584   0x00000020   Code   RO         5250    i.led_toggle        led.o
    0x080025a4   0x00000090   Code   RO         4991    i.main              main.o
    0x08002634   0x00000058   Code   RO         5163    i.stepper_gpio_init  stepper.o
    0x0800268c   0x00000044   Code   RO         5164    i.stepper_init      stepper.o
    0x080026d0   0x00000020   Code   RO         5165    i.stepper_nvic_init  stepper.o
    0x080026f0   0x000000a0   Code   RO         5168    i.stepper_timer_init  stepper.o
    0x08002790   0x00000094   Code   RO         5287    i.tft_char_is_changed  lcd_main.o
    0x08002824   0x00000028   Code   RO         5288    i.tft_clear         lcd_main.o
    0x0800284c   0x00000088   Code   RO         5289    i.tft_clear_line    lcd_main.o
    0x080028d4   0x00000050   Code   RO         5292    i.tft_fill_color    lcd_main.o
    0x08002924   0x0000033c   Code   RO         5297    i.tft_init          lcd_main.o
    0x08002c60   0x00000050   Code   RO         5298    i.tft_println       lcd_main.o
    0x08002cb0   0x0000000c   Code   RO         5301    i.tft_set_bg_color  lcd_main.o
    0x08002cbc   0x000000dc   Code   RO         5302    i.tft_set_buffer    lcd_main.o
    0x08002d98   0x00000078   Code   RO         5303    i.tft_set_region    lcd_main.o
    0x08002e10   0x0000000c   Code   RO         5304    i.tft_set_special_color  lcd_main.o
    0x08002e1c   0x0000000c   Code   RO         5305    i.tft_set_text_color  lcd_main.o
    0x08002e28   0x000000b0   Code   RO         5306    i.tft_spi_init      lcd_main.o
    0x08002ed8   0x00000178   Code   RO         5307    i.tft_update        lcd_main.o
    0x08003050   0x00000050   Code   RO         5308    i.tft_write_command  lcd_main.o
    0x080030a0   0x00000050   Code   RO         5309    i.tft_write_data    lcd_main.o
    0x080030f0   0x00000068   Code   RO         5121    i.ticks_init        ticks.o
    0x08003158   0x0000002c   Code   RO         5627    locale$$code        c_w.l(lc_numeric_c.o)
    0x08003184   0x0000002c   Code   RO         5648    locale$$code        c_w.l(lc_ctype_c.o)
    0x080031b0   0x0000000a   Code   RO         5706    x$fpl$fpinit        fz_wm.l(fpinit.o)
    0x080031ba   0x00000004   Code   RO         5549    x$fpl$printf1       fz_wm.l(printf1.o)
    0x080031be   0x00000004   Code   RO         5551    x$fpl$printf2       fz_wm.l(printf2.o)
    0x080031c2   0x00000000   Code   RO         5639    x$fpl$usenofp       fz_wm.l(usenofp.o)
    0x080031c2   0x00000002   PAD
    0x080031c4   0x00000008   Data   RO         5475    .constdata          c_w.l(_printf_wctomb.o)
    0x080031cc   0x00000028   Data   RO         5504    .constdata          c_w.l(_printf_hex_int_ll_ptr.o)
    0x080031f4   0x00000011   Data   RO         5524    .constdata          c_w.l(__printf_flags_ss_wp.o)
    0x08003205   0x00000026   Data   RO         5579    .constdata          c_w.l(_printf_fp_hex.o)
    0x0800322b   0x00000001   PAD
    0x0800322c   0x00000094   Data   RO         5602    .constdata          c_w.l(bigflt0.o)
    0x080032c0   0x00000020   Data   RO         5774    Region$$Table       anon$$obj.o
    0x080032e0   0x0000001c   Data   RO         5626    locale$$data        c_w.l(lc_numeric_c.o)
    0x080032fc   0x00000110   Data   RO         5647    locale$$data        c_w.l(lc_ctype_c.o)


    Execution Region RW_IRAM1 (Base: 0x20000000, Size: 0x000012f8, Max: 0x00020000, ABSOLUTE, COMPRESSED[0x000002c4])

    Base Addr    Size         Type   Attr      Idx    E Section Name        Object

    0x20000000   0x00000014   Data   RW         4950    .data               system_stm32f4xx.o
    0x20000014   0x00000004   Data   RW         4992    .data               main.o
    0x20000018   0x00000004   Data   RW         5053    .data               stm32f4xx_it.o
    0x2000001c   0x00000002   Data   RW         5251    .data               led.o
    0x2000001e   0x00000614   Data   RW         5311    .data               lcd_main.o
    0x20000632   0x00000002   PAD
    0x20000634   0x00000024   Zero   RW         5169    .bss                stepper.o
    0x20000658   0x00000640   Zero   RW         5310    .bss                lcd_main.o
    0x20000c98   0x00000060   Zero   RW         5643    .bss                c_w.l(libspace.o)
    0x20000cf8   0x00000200   Zero   RW         4983    HEAP                startup_stm32f40_41xxx.o
    0x20000ef8   0x00000400   Zero   RW         4982    STACK               startup_stm32f40_41xxx.o


==============================================================================

Image component sizes


      Code (inc. data)   RO Data    RW Data    ZI Data      Debug   Object Name

      2400        236          0       1556       1600      13337   lcd_main.o
       208         32          0          2          0       2591   led.o
       144          8          0          4          0       1222   main.o
       120         14          0          0          0     279332   misc.o
        64         26        392          0       1536        928   startup_stm32f40_41xxx.o
       476         32          0          0         36       3337   stepper.o
       222          0          0          0          0       3099   stm32f4xx_gpio.o
        40          4          0          4          0       4706   stm32f4xx_it.o
       160         30          0          0          0       3145   stm32f4xx_rcc.o
       288         24          0          0          0       4439   stm32f4xx_spi.o
       734         58          0          0          0       9404   stm32f4xx_tim.o
       532         54          0         20          0       2869   system_stm32f4xx.o
       144         22          0          0          0      28064   ticks.o

    ----------------------------------------------------------------------
      5544        540        424       1588       3172     356473   Object Totals
         0          0         32          0          0          0   (incl. Generated)
        12          0          0          2          0          0   (incl. Padding)

    ----------------------------------------------------------------------

      Code (inc. data)   RO Data    RW Data    ZI Data      Debug   Library Member Name

        90          0          0          0          0          0   __dczerorl2.o
         8          0          0          0          0         68   __main.o
       392          4         17          0          0         92   __printf_flags_ss_wp.o
        14          0          0          0          0         68   __printf_wp.o
         0          0          0          0          0          0   __rtentry.o
        12          0          0          0          0          0   __rtentry2.o
         6          0          0          0          0          0   __rtentry4.o
        52          8          0          0          0          0   __scatter.o
        28          0          0          0          0          0   __scatter_zi.o
         6          0          0          0          0          0   _printf_a.o
         6          0          0          0          0          0   _printf_c.o
        44          0          0          0          0        108   _printf_char.o
        48          6          0          0          0         96   _printf_char_common.o
        40          0          0          0          0         68   _printf_charcount.o
         6          0          0          0          0          0   _printf_d.o
       120         16          0          0          0         92   _printf_dec.o
         6          0          0          0          0          0   _printf_e.o
         6          0          0          0          0          0   _printf_f.o
      1050          0          0          0          0        216   _printf_fp_dec.o
       764          8         38          0          0        100   _printf_fp_hex.o
       128         16          0          0          0         84   _printf_fp_infnan.o
         6          0          0          0          0          0   _printf_g.o
       148          4         40          0          0        160   _printf_hex_int_ll_ptr.o
         6          0          0          0          0          0   _printf_i.o
       178          0          0          0          0         88   _printf_intcommon.o
        10          0          0          0          0          0   _printf_l.o
         6          0          0          0          0          0   _printf_lc.o
        10          0          0          0          0          0   _printf_ll.o
         6          0          0          0          0          0   _printf_lld.o
         6          0          0          0          0          0   _printf_lli.o
         6          0          0          0          0          0   _printf_llo.o
         6          0          0          0          0          0   _printf_llu.o
         6          0          0          0          0          0   _printf_llx.o
       124         16          0          0          0         92   _printf_longlong_dec.o
         6          0          0          0          0          0   _printf_ls.o
         6          0          0          0          0          0   _printf_n.o
         6          0          0          0          0          0   _printf_o.o
       112          8          0          0          0        124   _printf_oct_int_ll.o
         6          0          0          0          0          0   _printf_p.o
        78          0          0          0          0        108   _printf_pad.o
         0          0          0          0          0          0   _printf_percent.o
         4          0          0          0          0          0   _printf_percent_end.o
         6          0          0          0          0          0   _printf_s.o
        82          0          0          0          0         80   _printf_str.o
        36          0          0          0          0         84   _printf_truncate.o
         6          0          0          0          0          0   _printf_u.o
        44          0          0          0          0        108   _printf_wchar.o
       188          6          8          0          0         92   _printf_wctomb.o
         6          0          0          0          0          0   _printf_x.o
        10          0          0          0          0         68   _sputc.o
        64          0          0          0          0         92   _wcrtomb.o
       220          4        148          0          0         96   bigflt0.o
      1910        128          0          0          0        672   btod.o
        18          0          0          0          0         80   exit.o
         6          0          0          0          0        152   heapauxi.o
         0          0          0          0          0          0   indicate_semi.o
        44         10        272          0          0         76   lc_ctype_c.o
        44         10         28          0          0         76   lc_numeric_c.o
         2          0          0          0          0          0   libinit.o
        34          0          0          0          0          0   libinit2.o
         2          0          0          0          0          0   libshutdown.o
         2          0          0          0          0          0   libshutdown2.o
         8          4          0          0         96         68   libspace.o
       138          0          0          0          0         80   lludiv10.o
        16          4          0          0          0         76   rt_ctype_table.o
         8          4          0          0          0         68   rt_locale_intlibspace.o
         2          0          0          0          0          0   rtexit.o
        10          0          0          0          0          0   rtexit2.o
       128          0          0          0          0         68   strcmpv7m.o
        12          4          0          0          0         68   sys_exit.o
        74          0          0          0          0         80   sys_stackheap_outer.o
         2          0          0          0          0         68   use_no_semi.o
        36          4          0          0          0         76   vsprintf.o
        10          0          0          0          0        116   fpinit.o
         4          0          0          0          0        116   printf1.o
         4          0          0          0          0        116   printf2.o
         0          0          0          0          0          0   usenofp.o
        48          0          0          0          0        124   fpclassify.o

    ----------------------------------------------------------------------
      6804        264        552          0         96       4364   Library Totals
        18          0          1          0          0          0   (incl. Padding)

    ----------------------------------------------------------------------

      Code (inc. data)   RO Data    RW Data    ZI Data      Debug   Library Name

      6720        264        551          0         96       3892   c_w.l
        18          0          0          0          0        348   fz_wm.l
        48          0          0          0          0        124   m_wm.l

    ----------------------------------------------------------------------
      6804        264        552          0         96       4364   Library Totals

    ----------------------------------------------------------------------

==============================================================================


      Code (inc. data)   RO Data    RW Data    ZI Data      Debug   

     12348        804        976       1588       3268     352157   Grand Totals
     12348        804        976        708       3268     352157   ELF Image Totals (compressed)
     12348        804        976        708          0          0   ROM Totals

==============================================================================

    Total RO  Size (Code + RO Data)                13324 (  13.01kB)
    Total RW  Size (RW Data + ZI Data)              4856 (   4.74kB)
    Total ROM Size (Code + RO Data + RW Data)      14032 (  13.70kB)

==============================================================================

