Component: ARM Compiler 5.06 update 3 (build 300) Tool: armlink [4d35c9]

==============================================================================

Section Cross References

    stm32f4xx_adc.o(i.ADC_DeInit) refers to stm32f4xx_rcc.o(i.RCC_APB2PeriphResetCmd) for RCC_APB2PeriphResetCmd
    stm32f4xx_can.o(i.CAN_DeInit) refers to stm32f4xx_rcc.o(i.RCC_APB1PeriphResetCmd) for RCC_APB1PeriphResetCmd
    stm32f4xx_cryp.o(i.CRYP_DeInit) refers to stm32f4xx_rcc.o(i.RCC_AHB2PeriphResetCmd) for RCC_AHB2PeriphResetCmd
    stm32f4xx_cryp_aes.o(i.CRYP_AES_CBC) refers to stm32f4xx_cryp.o(i.CRYP_KeyStructInit) for CRYP_KeyStructInit
    stm32f4xx_cryp_aes.o(i.CRYP_AES_CBC) refers to stm32f4xx_cryp.o(i.CRYP_KeyInit) for CRYP_KeyInit
    stm32f4xx_cryp_aes.o(i.CRYP_AES_CBC) refers to stm32f4xx_cryp.o(i.CRYP_Init) for CRYP_Init
    stm32f4xx_cryp_aes.o(i.CRYP_AES_CBC) refers to stm32f4xx_cryp.o(i.CRYP_IVInit) for CRYP_IVInit
    stm32f4xx_cryp_aes.o(i.CRYP_AES_CBC) refers to stm32f4xx_cryp.o(i.CRYP_FIFOFlush) for CRYP_FIFOFlush
    stm32f4xx_cryp_aes.o(i.CRYP_AES_CBC) refers to stm32f4xx_cryp.o(i.CRYP_Cmd) for CRYP_Cmd
    stm32f4xx_cryp_aes.o(i.CRYP_AES_CBC) refers to stm32f4xx_cryp.o(i.CRYP_GetCmdStatus) for CRYP_GetCmdStatus
    stm32f4xx_cryp_aes.o(i.CRYP_AES_CBC) refers to stm32f4xx_cryp.o(i.CRYP_GetFlagStatus) for CRYP_GetFlagStatus
    stm32f4xx_cryp_aes.o(i.CRYP_AES_CBC) refers to stm32f4xx_cryp.o(i.CRYP_DataIn) for CRYP_DataIn
    stm32f4xx_cryp_aes.o(i.CRYP_AES_CBC) refers to stm32f4xx_cryp.o(i.CRYP_DataOut) for CRYP_DataOut
    stm32f4xx_cryp_aes.o(i.CRYP_AES_CCM) refers to stm32f4xx_cryp.o(i.CRYP_KeyStructInit) for CRYP_KeyStructInit
    stm32f4xx_cryp_aes.o(i.CRYP_AES_CCM) refers to stm32f4xx_cryp.o(i.CRYP_FIFOFlush) for CRYP_FIFOFlush
    stm32f4xx_cryp_aes.o(i.CRYP_AES_CCM) refers to stm32f4xx_cryp.o(i.CRYP_KeyInit) for CRYP_KeyInit
    stm32f4xx_cryp_aes.o(i.CRYP_AES_CCM) refers to stm32f4xx_cryp.o(i.CRYP_IVInit) for CRYP_IVInit
    stm32f4xx_cryp_aes.o(i.CRYP_AES_CCM) refers to stm32f4xx_cryp.o(i.CRYP_Init) for CRYP_Init
    stm32f4xx_cryp_aes.o(i.CRYP_AES_CCM) refers to stm32f4xx_cryp.o(i.CRYP_PhaseConfig) for CRYP_PhaseConfig
    stm32f4xx_cryp_aes.o(i.CRYP_AES_CCM) refers to stm32f4xx_cryp.o(i.CRYP_DataIn) for CRYP_DataIn
    stm32f4xx_cryp_aes.o(i.CRYP_AES_CCM) refers to stm32f4xx_cryp.o(i.CRYP_Cmd) for CRYP_Cmd
    stm32f4xx_cryp_aes.o(i.CRYP_AES_CCM) refers to stm32f4xx_cryp.o(i.CRYP_GetCmdStatus) for CRYP_GetCmdStatus
    stm32f4xx_cryp_aes.o(i.CRYP_AES_CCM) refers to stm32f4xx_cryp.o(i.CRYP_GetFlagStatus) for CRYP_GetFlagStatus
    stm32f4xx_cryp_aes.o(i.CRYP_AES_CCM) refers to stm32f4xx_cryp.o(i.CRYP_DataOut) for CRYP_DataOut
    stm32f4xx_cryp_aes.o(i.CRYP_AES_CTR) refers to stm32f4xx_cryp.o(i.CRYP_KeyStructInit) for CRYP_KeyStructInit
    stm32f4xx_cryp_aes.o(i.CRYP_AES_CTR) refers to stm32f4xx_cryp.o(i.CRYP_KeyInit) for CRYP_KeyInit
    stm32f4xx_cryp_aes.o(i.CRYP_AES_CTR) refers to stm32f4xx_cryp.o(i.CRYP_Init) for CRYP_Init
    stm32f4xx_cryp_aes.o(i.CRYP_AES_CTR) refers to stm32f4xx_cryp.o(i.CRYP_IVInit) for CRYP_IVInit
    stm32f4xx_cryp_aes.o(i.CRYP_AES_CTR) refers to stm32f4xx_cryp.o(i.CRYP_FIFOFlush) for CRYP_FIFOFlush
    stm32f4xx_cryp_aes.o(i.CRYP_AES_CTR) refers to stm32f4xx_cryp.o(i.CRYP_Cmd) for CRYP_Cmd
    stm32f4xx_cryp_aes.o(i.CRYP_AES_CTR) refers to stm32f4xx_cryp.o(i.CRYP_GetCmdStatus) for CRYP_GetCmdStatus
    stm32f4xx_cryp_aes.o(i.CRYP_AES_CTR) refers to stm32f4xx_cryp.o(i.CRYP_DataIn) for CRYP_DataIn
    stm32f4xx_cryp_aes.o(i.CRYP_AES_CTR) refers to stm32f4xx_cryp.o(i.CRYP_GetFlagStatus) for CRYP_GetFlagStatus
    stm32f4xx_cryp_aes.o(i.CRYP_AES_CTR) refers to stm32f4xx_cryp.o(i.CRYP_DataOut) for CRYP_DataOut
    stm32f4xx_cryp_aes.o(i.CRYP_AES_ECB) refers to stm32f4xx_cryp.o(i.CRYP_KeyStructInit) for CRYP_KeyStructInit
    stm32f4xx_cryp_aes.o(i.CRYP_AES_ECB) refers to stm32f4xx_cryp.o(i.CRYP_KeyInit) for CRYP_KeyInit
    stm32f4xx_cryp_aes.o(i.CRYP_AES_ECB) refers to stm32f4xx_cryp.o(i.CRYP_Init) for CRYP_Init
    stm32f4xx_cryp_aes.o(i.CRYP_AES_ECB) refers to stm32f4xx_cryp.o(i.CRYP_FIFOFlush) for CRYP_FIFOFlush
    stm32f4xx_cryp_aes.o(i.CRYP_AES_ECB) refers to stm32f4xx_cryp.o(i.CRYP_Cmd) for CRYP_Cmd
    stm32f4xx_cryp_aes.o(i.CRYP_AES_ECB) refers to stm32f4xx_cryp.o(i.CRYP_GetCmdStatus) for CRYP_GetCmdStatus
    stm32f4xx_cryp_aes.o(i.CRYP_AES_ECB) refers to stm32f4xx_cryp.o(i.CRYP_GetFlagStatus) for CRYP_GetFlagStatus
    stm32f4xx_cryp_aes.o(i.CRYP_AES_ECB) refers to stm32f4xx_cryp.o(i.CRYP_DataIn) for CRYP_DataIn
    stm32f4xx_cryp_aes.o(i.CRYP_AES_ECB) refers to stm32f4xx_cryp.o(i.CRYP_DataOut) for CRYP_DataOut
    stm32f4xx_cryp_aes.o(i.CRYP_AES_GCM) refers to stm32f4xx_cryp.o(i.CRYP_KeyStructInit) for CRYP_KeyStructInit
    stm32f4xx_cryp_aes.o(i.CRYP_AES_GCM) refers to stm32f4xx_cryp.o(i.CRYP_FIFOFlush) for CRYP_FIFOFlush
    stm32f4xx_cryp_aes.o(i.CRYP_AES_GCM) refers to stm32f4xx_cryp.o(i.CRYP_KeyInit) for CRYP_KeyInit
[...]
    sys\Device\ST\STM32F4xx\Source\Templates\arm\startup_stm32f40_41xxx.s 0x00000000   Number         0  startup_stm32f40_41xxx.o ABSOLUTE
    sys\Libraries\STM32F4xx_StdPeriph_Driver\src\misc.c 0x00000000   Number         0  misc.o ABSOLUTE
    sys\Libraries\STM32F4xx_StdPeriph_Driver\src\stm32f4xx_adc.c 0x00000000   Number         0  stm32f4xx_adc.o ABSOLUTE
    sys\Libraries\STM32F4xx_StdPeriph_Driver\src\stm32f4xx_can.c 0x00000000   Number         0  stm32f4xx_can.o ABSOLUTE
    sys\Libraries\STM32F4xx_StdPeriph_Driver\src\stm32f4xx_cec.c 0x00000000   Number         0  stm32f4xx_cec.o ABSOLUTE
    sys\Libraries\STM32F4xx_StdPeriph_Driver\src\stm32f4xx_crc.c 0x00000000   Number         0  stm32f4xx_crc.o ABSOLUTE
    sys\Libraries\STM32F4xx_StdPeriph_Driver\src\stm32f4xx_cryp.c 0x00000000   Number         0  stm32f4xx_cryp.o ABSOLUTE
    sys\Libraries\STM32F4xx_StdPeriph_Driver\src\stm32f4xx_cryp_aes.c 0x00000000   Number         0  stm32f4xx_cryp_aes.o ABSOLUTE
    sys\Libraries\STM32F4xx_StdPeriph_Driver\src\stm32f4xx_cryp_des.c 0x00000000   Number         0  stm32f4xx_cryp_des.o ABSOLUTE
    sys\Libraries\STM32F4xx_StdPeriph_Driver\src\stm32f4xx_cryp_tdes.c 0x00000000   Number         0  stm32f4xx_cryp_tdes.o ABSOLUTE
    sys\Libraries\STM32F4xx_StdPeriph_Driver\src\stm32f4xx_dac.c 0x00000000   Number         0  stm32f4xx_dac.o ABSOLUTE
    sys\Libraries\STM32F4xx_StdPeriph_Driver\src\stm32f4xx_dbgmcu.c 0x00000000   Number         0  stm32f4xx_dbgmcu.o ABSOLUTE
    sys\Libraries\STM32F4xx_StdPeriph_Driver\src\stm32f4xx_dcmi.c 0x00000000   Number         0  stm32f4xx_dcmi.o ABSOLUTE
    sys\Libraries\STM32F4xx_StdPeriph_Driver\src\stm32f4xx_dma.c 0x00000000   Number         0  stm32f4xx_dma.o ABSOLUTE
    sys\Libraries\STM32F4xx_StdPeriph_Driver\src\stm32f4xx_dma2d.c 0x00000000   Number         0  stm32f4xx_dma2d.o ABSOLUTE
    sys\Libraries\STM32F4xx_StdPeriph_Driver\src\stm32f4xx_dsi.c 0x00000000   Number         0  stm32f4xx_dsi.o ABSOLUTE
    sys\Libraries\STM32F4xx_StdPeriph_Driver\src\stm32f4xx_exti.c 0x00000000   Number         0  stm32f4xx_exti.o ABSOLUTE
    sys\Libraries\STM32F4xx_StdPeriph_Driver\src\stm32f4xx_flash.c 0x00000000   Number         0  stm32f4xx_flash.o ABSOLUTE
    sys\Libraries\STM32F4xx_StdPeriph_Driver\src\stm32f4xx_flash_ramfunc.c 0x00000000   Number         0  stm32f4xx_flash_ramfunc.o ABSOLUTE
    sys\Libraries\STM32F4xx_StdPeriph_Driver\src\stm32f4xx_fmpi2c.c 0x00000000   Number         0  stm32f4xx_fmpi2c.o ABSOLUTE
    sys\Libraries\STM32F4xx_StdPeriph_Driver\src\stm32f4xx_fsmc.c 0x00000000   Number         0  stm32f4xx_fsmc.o ABSOLUTE
    sys\Libraries\STM32F4xx_StdPeriph_Driver\src\stm32f4xx_gpio.c 0x00000000   Number         0  stm32f4xx_gpio.o ABSOLUTE
    sys\Libraries\STM32F4xx_StdPeriph_Driver\src\stm32f4xx_hash.c 0x00000000   Number         0  stm32f4xx_hash.o ABSOLUTE
    sys\Libraries\STM32F4xx_StdPeriph_Driver\src\stm32f4xx_hash_md5.c 0x00000000   Number         0  stm32f4xx_hash_md5.o ABSOLUTE
    sys\Libraries\STM32F4xx_StdPeriph_Driver\src\stm32f4xx_hash_sha1.c 0x00000000   Number         0  stm32f4xx_hash_sha1.o ABSOLUTE
    sys\Libraries\STM32F4xx_StdPeriph_Driver\src\stm32f4xx_i2c.c 0x00000000   Number         0  stm32f4xx_i2c.o ABSOLUTE
    sys\Libraries\STM32F4xx_StdPeriph_Driver\src\stm32f4xx_iwdg.c 0x00000000   Number         0  stm32f4xx_iwdg.o ABSOLUTE
    sys\Libraries\STM32F4xx_StdPeriph_Driver\src\stm32f4xx_lptim.c 0x00000000   Number         0  stm32f4xx_lptim.o ABSOLUTE
    sys\Libraries\STM32F4xx_StdPeriph_Driver\src\stm32f4xx_ltdc.c 0x00000000   Number         0  stm32f4xx_ltdc.o ABSOLUTE
    sys\Libraries\STM32F4xx_StdPeriph_Driver\src\stm32f4xx_pwr.c 0x00000000   Number         0  stm32f4xx_pwr.o ABSOLUTE
    sys\Libraries\STM32F4xx_StdPeriph_Driver\src\stm32f4xx_qspi.c 0x00000000   Number         0  stm32f4xx_qspi.o ABSOLUTE
    sys\Libraries\STM32F4xx_StdPeriph_Driver\src\stm32f4xx_rcc.c 0x00000000   Number         0  stm32f4xx_rcc.o ABSOLUTE
    sys\Libraries\STM32F4xx_StdPeriph_Driver\src\stm32f4xx_rng.c 0x00000000   Number         0  stm32f4xx_rng.o ABSOLUTE
    sys\Libraries\STM32F4xx_StdPeriph_Driver\src\stm32f4xx_rtc.c 0x00000000   Number         0  stm32f4xx_rtc.o ABSOLUTE
    sys\Libraries\STM32F4xx_StdPeriph_Driver\src\stm32f4xx_sai.c 0x00000000   Number         0  stm32f4xx_sai.o ABSOLUTE
    sys\Libraries\STM32F4xx_StdPeriph_Driver\src\stm32f4xx_sdio.c 0x00000000   Number         0  stm32f4xx_sdio.o ABSOLUTE
    sys\Libraries\STM32F4xx_StdPeriph_Driver\src\stm32f4xx_spdifrx.c 0x00000000   Number         0  stm32f4xx_spdifrx.o ABSOLUTE
    sys\Libraries\STM32F4xx_StdPeriph_Driver\src\stm32f4xx_spi.c 0x00000000   Number         0  stm32f4xx_spi.o ABSOLUTE
    sys\Libraries\STM32F4xx_StdPeriph_Driver\src\stm32f4xx_syscfg.c 0x00000000   Number         0  stm32f4xx_syscfg.o ABSOLUTE
    sys\Libraries\STM32F4xx_StdPeriph_Driver\src\stm32f4xx_tim.c 0x00000000   Number         0  stm32f4xx_tim.o ABSOLUTE
    sys\Libraries\STM32F4xx_StdPeriph_Driver\src\stm32f4xx_usart.c 0x00000000   Number         0  stm32f4xx_usart.o ABSOLUTE
    sys\Libraries\STM32F4xx_StdPeriph_Driver\src\stm32f4xx_wwdg.c 0x00000000   Number         0  stm32f4xx_wwdg.o ABSOLUTE
    sys\\Libraries\\STM32F4xx_StdPeriph_Driver\\src\\misc.c 0x00000000   Number         0  misc.o ABSOLUTE
    sys\\Libraries\\STM32F4xx_StdPeriph_Driver\\src\\stm32f4xx_adc.c 0x00000000   Number         0  stm32f4xx_adc.o ABSOLUTE
    sys\\Libraries\\STM32F4xx_StdPeriph_Driver\\src\\stm32f4xx_can.c 0x00000000   Number         0  stm32f4xx_can.o ABSOLUTE
    sys\\Libraries\\STM32F4xx_StdPeriph_Driver\\src\\stm32f4xx_cec.c 0x00000000   Number         0  stm32f4xx_cec.o ABSOLUTE
    sys\\Libraries\\STM32F4xx_StdPeriph_Driver\\src\\stm32f4xx_crc.c 0x00000000   Number         0  stm32f4xx_crc.o ABSOLUTE
    sys\\Libraries\\STM32F4xx_StdPeriph_Driver\\src\\stm32f4xx_cryp.c 0x00000000   Number         0  stm32f4xx_cryp.o ABSOLUTE
    sys\\Libraries\\STM32F4xx_StdPeriph_Driver\\src\\stm32f4xx_cryp_aes.c 0x00000000   Number         0  stm32f4xx_cryp_aes.o ABSOLUTE
    sys\\Libraries\\STM32F4xx_StdPeriph_Driver\\src\\stm32f4xx_cryp_des.c 0x00000000   Number         0  stm32f4xx_cryp_des.o ABSOLUTE
    sys\\Libraries\\STM32F4xx_StdPeriph_Driver\\src\\stm32f4xx_cryp_tdes.c 0x00000000   Number         0  stm32f4xx_cryp_tdes.o ABSOLUTE
    sys\\Libraries\\STM32F4xx_StdPeriph_Driver\\src\\stm32f4xx_dac.c 0x00000000   Number         0  stm32f4xx_dac.o ABSOLUTE
    sys\\Libraries\\STM32F4xx_StdPeriph_Driver\\src\\stm32f4xx_dbgmcu.c 0x00000000   Number         0  stm32f4xx_dbgmcu.o ABSOLUTE
    sys\\Libraries\\STM32F4xx_StdPeriph_Driver\\src\\stm32f4xx_dcmi.c 0x00000000   Number         0  stm32f4xx_dcmi.o ABSOLUTE
    sys\\Libraries\\STM32F4xx_StdPeriph_Driver\\src\\stm32f4xx_dma.c 0x00000000   Number         0  stm32f4xx_dma.o ABSOLUTE
    sys\\Libraries\\STM32F4xx_StdPeriph_Driver\\src\\stm32f4xx_dma2d.c 0x00000000   Number         0  stm32f4xx_dma2d.o ABSOLUTE
    sys\\Libraries\\STM32F4xx_StdPeriph_Driver\\src\\stm32f4xx_dsi.c 0x00000000   Number         0  stm32f4xx_dsi.o ABSOLUTE
    sys\\Libraries\\STM32F4xx_StdPeriph_Driver\\src\\stm32f4xx_exti.c 0x00000000   Number         0  stm32f4xx_exti.o ABSOLUTE
    sys\\Libraries\\STM32F4xx_StdPeriph_Driver\\src\\stm32f4xx_flash.c 0x00000000   Number         0  stm32f4xx_flash.o ABSOLUTE
    sys\\Libraries\\STM32F4xx_StdPeriph_Driver\\src\\stm32f4xx_flash_ramfunc.c 0x00000000   Number         0  stm32f4xx_flash_ramfunc.o ABSOLUTE
    sys\\Libraries\\STM32F4xx_StdPeriph_Driver\\src\\stm32f4xx_fmpi2c.c 0x00000000   Number         0  stm32f4xx_fmpi2c.o ABSOLUTE
    sys\\Libraries\\STM32F4xx_StdPeriph_Driver\\src\\stm32f4xx_fsmc.c 0x00000000   Number         0  stm32f4xx_fsmc.o ABSOLUTE
    sys\\Libraries\\STM32F4xx_StdPeriph_Driver\\src\\stm32f4xx_gpio.c 0x00000000   Number         0  stm32f4xx_gpio.o ABSOLUTE
    sys\\Libraries\\STM32F4xx_StdPeriph_Driver\\src\\stm32f4xx_hash.c 0x00000000   Number         0  stm32f4xx_hash.o ABSOLUTE
    sys\\Libraries\\STM32F4xx_StdPeriph_Driver\\src\\stm32f4xx_hash_md5.c 0x00000000   Number         0  stm32f4xx_hash_md5.o ABSOLUTE
    sys\\Libraries\\STM32F4xx_StdPeriph_Driver\\src\\stm32f4xx_hash_sha1.c 0x00000000   Number         0  stm32f4xx_hash_sha1.o ABSOLUTE
    sys\\Libraries\\STM32F4xx_StdPeriph_Driver\\src\\stm32f4xx_i2c.c 0x00000000   Number         0  stm32f4xx_i2c.o ABSOLUTE
    sys\\Libraries\\STM32F4xx_StdPeriph_Driver\\src\\stm32f4xx_iwdg.c 0x00000000   Number         0  stm32f4xx_iwdg.o ABSOLUTE
    sys\\Libraries\\STM32F4xx_StdPeriph_Driver\\src\\stm32f4xx_lptim.c 0x00000000   Number         0  stm32f4xx_lptim.o ABSOLUTE
    sys\\Libraries\\STM32F4xx_StdPeriph_Driver\\src\\stm32f4xx_ltdc.c 0x00000000   Number         0  stm32f4xx_ltdc.o ABSOLUTE
    sys\\Libraries\\STM32F4xx_StdPeriph_Driver\\src\\stm32f4xx_pwr.c 0x00000000   Number         0  stm32f4xx_pwr.o ABSOLUTE
    sys\\Libraries\\STM32F4xx_StdPeriph_Driver\\src\\stm32f4xx_qspi.c 0x00000000   Number         0  stm32f4xx_qspi.o ABSOLUTE
    sys\\Libraries\\STM32F4xx_StdPeriph_Driver\\src\\stm32f4xx_rcc.c 0x00000000   Number         0  stm32f4xx_rcc.o ABSOLUTE
    sys\\Libraries\\STM32F4xx_StdPeriph_Driver\\src\\stm32f4xx_rng.c 0x00000000   Number         0  stm32f4xx_rng.o ABSOLUTE
    sys\\Libraries\\STM32F4xx_StdPeriph_Driver\\src\\stm32f4xx_rtc.c 0x00000000   Number         0  stm32f4xx_rtc.o ABSOLUTE
    sys\\Libraries\\STM32F4xx_StdPeriph_Driver\\src\\stm32f4xx_sai.c 0x00000000   Number         0  stm32f4xx_sai.o ABSOLUTE
    sys\\Libraries\\STM32F4xx_StdPeriph_Driver\\src\\stm32f4xx_sdio.c 0x00000000   Number         0  stm32f4xx_sdio.o ABSOLUTE
    sys\\Libraries\\STM32F4xx_StdPeriph_Driver\\src\\stm32f4xx_spdifrx.c 0x00000000   Number         0  stm32f4xx_spdifrx.o ABSOLUTE
    sys\\Libraries\\STM32F4xx_StdPeriph_Driver\\src\\stm32f4xx_spi.c 0x00000000   Number         0  stm32f4xx_spi.o ABSOLUTE
    sys\\Libraries\\STM32F4xx_StdPeriph_Driver\\src\\stm32f4xx_syscfg.c 0x00000000   Number         0  stm32f4xx_syscfg.o ABSOLUTE
    sys\\Libraries\\STM32F4xx_StdPeriph_Driver\\src\\stm32f4xx_tim.c 0x00000000   Number         0  stm32f4xx_tim.o ABSOLUTE
    sys\\Libraries\\STM32F4xx_StdPeriph_Driver\\src\\stm32f4xx_usart.c 0x00000000   Number         0  stm32f4xx_usart.o ABSOLUTE
    sys\\Libraries\\STM32F4xx_StdPeriph_Driver\\src\\stm32f4xx_wwdg.c 0x00000000   Number         0  stm32f4xx_wwdg.o ABSOLUTE
    sys\\stm32f4xx_it.c                      0x00000000   Number         0  stm32f4xx_it.o ABSOLUTE
    sys\\system_stm32f4xx.c                  0x00000000   Number         0  system_stm32f4xx.o ABSOLUTE
    sys\stm32f4xx_it.c                       0x00000000   Number         0  stm32f4xx_it.o ABSOLUTE
    sys\system_stm32f4xx.c                   0x00000000   Number         0  system_stm32f4xx.o ABSOLUTE
    user\\main.c                             0x00000000   Number         0  main.o ABSOLUTE
    user\main.c                              0x00000000   Number         0  main.o ABSOLUTE
    RESET                                    0x08000000   Section      392  startup_stm32f40_41xxx.o(RESET)
    .ARM.Collect$$$$00000000                 0x08000188   Section        0  entry.o(.ARM.Collect$$$$00000000)
    .ARM.Collect$$$$00000001                 0x08000188   Section        4  entry2.o(.ARM.Collect$$$$00000001)
    .ARM.Collect$$$$00000004                 0x0800018c   Section        4  entry5.o(.ARM.Collect$$$$00000004)
    .ARM.Collect$$$$00000008                 0x08000190   Section        0  entry7b.o(.ARM.Collect$$$$00000008)
    .ARM.Collect$$$$0000000A                 0x08000190   Section        0  entry8b.o(.ARM.Collect$$$$0000000A)
    .ARM.Collect$$$$0000000B                 0x08000190   Section        8  entry9a.o(.ARM.Collect$$$$0000000B)
    .ARM.Collect$$$$0000000D                 0x08000198   Section        0  entry10a.o(.ARM.Collect$$$$0000000D)
    .ARM.Collect$$$$0000000F                 0x08000198   Section        0  entry11a.o(.ARM.Collect$$$$0000000F)
    .ARM.Collect$$$$00002712                 0x08000198   Section        4  entry2.o(.ARM.Collect$$$$00002712)
    __lit__00000000                          0x08000198   Data           4  entry2.o(.ARM.Collect$$$$00002712)
    .text                                    0x0800019c   Section       36  startup_stm32f40_41xxx.o(.text)
    $v0                                      0x0800019c   Number         0  startup_stm32f40_41xxx.o(.text)
    .text                                    0x080001c0   Section        0  uldiv.o(.text)
    .text                                    0x08000222   Section        0  uidiv.o(.text)
    .text                                    0x0800024e   Section        0  llshl.o(.text)
    .text                                    0x0800026c   Section        0  llushr.o(.text)
    .text                                    0x0800028c   Section        0  iusefp.o(.text)
    .text                                    0x0800028c   Section        0  dadd.o(.text)
    .text                                    0x080003da   Section        0  dmul.o(.text)
    .text                                    0x080004be   Section        0  ddiv.o(.text)
    .text                                    0x0800059c   Section        0  dfixul.o(.text)
    .text                                    0x080005cc   Section       48  cdrcmple.o(.text)
    .text                                    0x080005fc   Section       36  init.o(.text)
    .text                                    0x08000620   Section        0  llsshr.o(.text)
    .text                                    0x08000644   Section        0  depilogue.o(.text)
    .text                                    0x080006fe   Section        0  __dczerorl2.o(.text)
    i.ADC_Cmd                                0x08000754   Section        0  stm32f4xx_adc.o(i.ADC_Cmd)
    i.ADC_CommonInit                         0x08000768   Section        0  stm32f4xx_adc.o(i.ADC_CommonInit)
    i.ADC_DMACmd                             0x08000794   Section        0  stm32f4xx_adc.o(i.ADC_DMACmd)
    i.ADC_DMARequestAfterLastTransferCmd     0x080007a6   Section        0  stm32f4xx_adc.o(i.ADC_DMARequestAfterLastTransferCmd)
    i.ADC_Init                               0x080007b8   Section        0  stm32f4xx_adc.o(i.ADC_Init)
    i.ADC_RegularChannelConfig               0x0800080c   Section        0  stm32f4xx_adc.o(i.ADC_RegularChannelConfig)
    i.ADC_SoftwareStartConv                  0x0800089c   Section        0  stm32f4xx_adc.o(i.ADC_SoftwareStartConv)
    i.ADC_TempSensorVrefintCmd               0x080008a8   Section        0  stm32f4xx_adc.o(i.ADC_TempSensorVrefintCmd)
    i.ADC_VBATCmd                            0x080008c4   Section        0  stm32f4xx_adc.o(i.ADC_VBATCmd)
    i.BusFault_Handler                       0x080008e0   Section        0  stm32f4xx_it.o(i.BusFault_Handler)
    i.DMA_Cmd                                0x080008e2   Section        0  stm32f4xx_dma.o(i.DMA_Cmd)
    i.DMA_Init                               0x080008f4   Section        0  stm32f4xx_dma.o(i.DMA_Init)
    i.DebugMon_Handler                       0x0800096c   Section        0  stm32f4xx_it.o(i.DebugMon_Handler)
    i.GPIO_Init                              0x0800096e   Section        0  stm32f4xx_gpio.o(i.GPIO_Init)
    i.GPIO_PinAFConfig                       0x08000a04   Section        0  stm32f4xx_gpio.o(i.GPIO_PinAFConfig)
    i.GPIO_ReadInputDataBit                  0x08000a26   Section        0  stm32f4xx_gpio.o(i.GPIO_ReadInputDataBit)
    i.GPIO_ResetBits                         0x08000a34   Section        0  stm32f4xx_gpio.o(i.GPIO_ResetBits)
    i.GPIO_SetBits                           0x08000a38   Section        0  stm32f4xx_gpio.o(i.GPIO_SetBits)
    i.GPIO_StructInit                        0x08000a3c   Section        0  stm32f4xx_gpio.o(i.GPIO_StructInit)
    i.HardFault_Handler                      0x08000a4e   Section        0  stm32f4xx_it.o(i.HardFault_Handler)
    i.MemManage_Handler                      0x08000a50   Section        0  stm32f4xx_it.o(i.MemManage_Handler)
    i.NMI_Handler                            0x08000a52   Section        0  stm32f4xx_it.o(i.NMI_Handler)
    i.NVIC_Init                              0x08000a54   Section        0  misc.o(i.NVIC_Init)
    i.PendSV_Handler                         0x08000ac8   Section        0  stm32f4xx_it.o(i.PendSV_Handler)
    i.RCC_AHB1PeriphClockCmd                 0x08000acc   Section        0  stm32f4xx_rcc.o(i.RCC_AHB1PeriphClockCmd)
    i.RCC_APB1PeriphClockCmd                 0x08000ae4   Section        0  stm32f4xx_rcc.o(i.RCC_APB1PeriphClockCmd)
    i.RCC_APB1PeriphResetCmd                 0x08000afc   Section        0  stm32f4xx_rcc.o(i.RCC_APB1PeriphResetCmd)
    i.RCC_APB2PeriphClockCmd                 0x08000b14   Section        0  stm32f4xx_rcc.o(i.RCC_APB2PeriphClockCmd)
    i.RCC_APB2PeriphResetCmd                 0x08000b2c   Section        0  stm32f4xx_rcc.o(i.RCC_APB2PeriphResetCmd)
    i.RCC_GetClocksFreq                      0x08000b44   Section        0  stm32f4xx_rcc.o(i.RCC_GetClocksFreq)
    i.SPI1_IRQHandler                        0x08000be4   Section        0  spi_protocol.o(i.SPI1_IRQHandler)
    i.SPI2_IRQHandler                        0x08000c18   Section        0  spi_protocol.o(i.SPI2_IRQHandler)
    i.SPI3_IRQHandler                        0x08000c4c   Section        0  spi_protocol.o(i.SPI3_IRQHandler)
    i.SPI_CalculateCRC                       0x08000c80   Section        0  stm32f4xx_spi.o(i.SPI_CalculateCRC)
    i.SPI_Cmd                                0x08000c92   Section        0  stm32f4xx_spi.o(i.SPI_Cmd)
    i.SPI_I2S_DeInit                         0x08000ca4   Section        0  stm32f4xx_spi.o(i.SPI_I2S_DeInit)
    i.SPI_I2S_GetFlagStatus                  0x08000d68   Section        0  stm32f4xx_spi.o(i.SPI_I2S_GetFlagStatus)
    i.SPI_I2S_GetITStatus                    0x08000d76   Section        0  stm32f4xx_spi.o(i.SPI_I2S_GetITStatus)
    i.SPI_I2S_ReceiveData                    0x08000da4   Section        0  stm32f4xx_spi.o(i.SPI_I2S_ReceiveData)
    i.SPI_I2S_SendData                       0x08000da8   Section        0  stm32f4xx_spi.o(i.SPI_I2S_SendData)
    i.SPI_Init                               0x08000dac   Section        0  stm32f4xx_spi.o(i.SPI_Init)
    i.SPI_SSOutputCmd                        0x08000e00   Section        0  stm32f4xx_spi.o(i.SPI_SSOutputCmd)
    i.SVC_Handler                            0x08000e12   Section        0  stm32f4xx_it.o(i.SVC_Handler)
    i.SysTick_Handler                        0x08000e14   Section        0  stm32f4xx_it.o(i.SysTick_Handler)
    i.SystemCoreClockUpdate                  0x08000e24   Section        0  system_stm32f4xx.o(i.SystemCoreClockUpdate)
    i.SystemInit                             0x08000ea8   Section        0  system_stm32f4xx.o(i.SystemInit)
    i.TIM4_IRQHandler                        0x08000fc8   Section        0  stepper.o(i.TIM4_IRQHandler)
    i.TIM5_IRQHandler                        0x08001024   Section        0  stepper.o(i.TIM5_IRQHandler)
    i.TIM_ARRPreloadConfig                   0x0800107c   Section        0  stm32f4xx_tim.o(i.TIM_ARRPreloadConfig)
    i.TIM_ClearITPendingBit                  0x0800108e   Section        0  stm32f4xx_tim.o(i.TIM_ClearITPendingBit)
    i.TIM_Cmd                                0x08001094   Section        0  stm32f4xx_tim.o(i.TIM_Cmd)
    i.TIM_GetITStatus                        0x080010a6   Section        0  stm32f4xx_tim.o(i.TIM_GetITStatus)
    i.TIM_ITConfig                           0x080010bc   Section        0  stm32f4xx_tim.o(i.TIM_ITConfig)
    i.TIM_SetAutoreload                      0x080010cc   Section        0  stm32f4xx_tim.o(i.TIM_SetAutoreload)
    i.TIM_TimeBaseInit                       0x080010d0   Section        0  stm32f4xx_tim.o(i.TIM_TimeBaseInit)
    i.UART4_IRQHandler                       0x08001150   Section        0  uart.o(i.UART4_IRQHandler)
    i.UART5_IRQHandler                       0x080011b0   Section        0  uart.o(i.UART5_IRQHandler)
    i.USART1_IRQHandler                      0x08001210   Section        0  uart.o(i.USART1_IRQHandler)
    i.USART2_IRQHandler                      0x08001270   Section        0  uart.o(i.USART2_IRQHandler)
    i.USART3_IRQHandler                      0x080012d0   Section        0  uart.o(i.USART3_IRQHandler)
    i.USART6_IRQHandler                      0x08001330   Section        0  uart.o(i.USART6_IRQHandler)
    i.USART_ClearITPendingBit                0x08001390   Section        0  stm32f4xx_usart.o(i.USART_ClearITPendingBit)
    i.USART_Cmd                              0x0800139e   Section        0  stm32f4xx_usart.o(i.USART_Cmd)
    i.USART_GetFlagStatus                    0x080013b0   Section        0  stm32f4xx_usart.o(i.USART_GetFlagStatus)
    i.USART_GetITStatus                      0x080013be   Section        0  stm32f4xx_usart.o(i.USART_GetITStatus)
    i.USART_ITConfig                         0x08001400   Section        0  stm32f4xx_usart.o(i.USART_ITConfig)
    i.USART_Init                             0x08001430   Section        0  stm32f4xx_usart.o(i.USART_Init)
    i.USART_ReceiveData                      0x080014e8   Section        0  stm32f4xx_usart.o(i.USART_ReceiveData)
    i.UsageFault_Handler                     0x080014f0   Section        0  stm32f4xx_it.o(i.UsageFault_Handler)
    i.__0vsprintf                            0x080014f4   Section        0  printfa.o(i.__0vsprintf)
    i.__scatterload_copy                     0x08001518   Section       14  handlers.o(i.__scatterload_copy)
    i.__scatterload_null                     0x08001526   Section        2  handlers.o(i.__scatterload_null)
    i.__scatterload_zeroinit                 0x08001528   Section       14  handlers.o(i.__scatterload_zeroinit)
    i._delay_ms                              0x08001536   Section        0  ticks.o(i._delay_ms)
    i._delay_us                              0x08001550   Section        0  ticks.o(i._delay_us)
    i._fp_digits                             0x0800156c   Section        0  printfa.o(i._fp_digits)
    _fp_digits                               0x0800156d   Thumb Code   366  printfa.o(i._fp_digits)
    i._printf_core                           0x080016f0   Section        0  printfa.o(i._printf_core)
    _printf_core                             0x080016f1   Thumb Code  1744  printfa.o(i._printf_core)
    i._printf_post_padding                   0x08001dcc   Section        0  printfa.o(i._printf_post_padding)
    _printf_post_padding                     0x08001dcd   Thumb Code    36  printfa.o(i._printf_post_padding)
    i._printf_pre_padding                    0x08001df0   Section        0  printfa.o(i._printf_pre_padding)
    _printf_pre_padding                      0x08001df1   Thumb Code    46  printfa.o(i._printf_pre_padding)
    i._sputc                                 0x08001e1e   Section        0  printfa.o(i._sputc)
    _sputc                                   0x08001e1f   Thumb Code    10  printfa.o(i._sputc)
    i.adc_init                               0x08001e28   Section        0  adc.o(i.adc_init)
    i.btn_init                               0x08001fac   Section        0  button.o(i.btn_init)
    i.btn_reg_OnClickListener                0x08001fd8   Section        0  button.o(i.btn_reg_OnClickListener)
    i.btn_update                             0x08001fe4   Section        0  button.o(i.btn_update)
    i.buzzer_init                            0x08002090   Section        0  buzzer.o(i.buzzer_init)
    i.getPinSource                           0x080020ac   Section        0  gpio.o(i.getPinSource)
    i.get_adc                                0x08002144   Section        0  adc.o(i.get_adc)
    i.gpio_af_init                           0x08002150   Section        0  gpio.o(i.gpio_af_init)
    i.gpio_init                              0x0800219a   Section        0  gpio.o(i.gpio_init)
    i.gpio_input_init                        0x080021c2   Section        0  gpio.o(i.gpio_input_init)
    i.gpio_output_init                       0x080021ea   Section        0  gpio.o(i.gpio_output_init)
    i.gpio_rcc_init                          0x08002220   Section        0  gpio.o(i.gpio_rcc_init)
    i.gpio_rcc_init_all                      0x08002294   Section        0  gpio.o(i.gpio_rcc_init_all)
    i.gpio_read_input                        0x080022d2   Section        0  gpio.o(i.gpio_read_input)
    i.laser_get_distance                     0x080022da   Section        0  laser.o(i.laser_get_distance)
    i.laser_init                             0x080022fe   Section        0  laser.o(i.laser_init)
    i.led_init                               0x08002304   Section        0  led.o(i.led_init)
    i.main                                   0x0800232c   Section        0  main.o(i.main)
    i.scanner_inc_height                     0x08002460   Section        0  main.o(i.scanner_inc_height)
    i.scanner_lower_btn_handler              0x0800248c   Section        0  main.o(i.scanner_lower_btn_handler)
    i.scanner_rotate_plate                   0x080024f0   Section        0  main.o(i.scanner_rotate_plate)
    i.scanner_standby                        0x0800251c   Section        0  main.o(i.scanner_standby)
    i.scanner_start_btn_handler              0x08002520   Section        0  main.o(i.scanner_start_btn_handler)
    i.spi_init                               0x08002560   Section        0  spi_protocol.o(i.spi_init)
    i.spi_tx_byte                            0x08002680   Section        0  spi_protocol.o(i.spi_tx_byte)
    i.stepper_get_vel                        0x080026f0   Section        0  stepper.o(i.stepper_get_vel)
    i.stepper_init                           0x080026fc   Section        0  stepper.o(i.stepper_init)
    i.stepper_rotate                         0x080027d4   Section        0  stepper.o(i.stepper_rotate)
    i.stepper_set_rpm                        0x08002884   Section        0  stepper.o(i.stepper_set_rpm)
    stepper_set_rpm                          0x08002885   Thumb Code    92  stepper.o(i.stepper_set_rpm)
    i.stepper_set_vel                        0x080028f0   Section        0  stepper.o(i.stepper_set_vel)
    i.tft_clear                              0x08002998   Section        0  lcd_main.o(i.tft_clear)
    i.tft_fill_color                         0x08002a18   Section        0  lcd_main.o(i.tft_fill_color)
    i.tft_init                               0x08002a60   Section        0  lcd_main.o(i.tft_init)
    i.tft_println                            0x08002d74   Section        0  lcd_main.o(i.tft_println)
    i.tft_set_buffer                         0x08002db0   Section        0  lcd_main.o(i.tft_set_buffer)
    tft_set_buffer                           0x08002db1   Thumb Code   144  lcd_main.o(i.tft_set_buffer)
    i.tft_set_region                         0x08002e48   Section        0  lcd_main.o(i.tft_set_region)
    tft_set_region                           0x08002e49   Thumb Code   106  lcd_main.o(i.tft_set_region)
    i.tft_update                             0x08002eb8   Section        0  lcd_main.o(i.tft_update)
    i.tft_write_command                      0x080030c0   Section        0  lcd_main.o(i.tft_write_command)
    tft_write_command                        0x080030c1   Thumb Code    52  lcd_main.o(i.tft_write_command)
    i.tft_write_data                         0x080030f8   Section        0  lcd_main.o(i.tft_write_data)
    tft_write_data                           0x080030f9   Thumb Code    52  lcd_main.o(i.tft_write_data)
    i.ticks_init                             0x08003130   Section        0  ticks.o(i.ticks_init)
    i.uart_init                              0x0800316c   Section        0  uart.o(i.uart_init)
    i.uart_tx_byte                           0x0800322c   Section        0  uart.o(i.uart_tx_byte)
    i.uart_tx_dequeue                        0x08003284   Section        0  uart.o(i.uart_tx_dequeue)
    uart_tx_dequeue                          0x08003285   Thumb Code    92  uart.o(i.uart_tx_dequeue)
    i.uart_tx_enqueue                        0x080032ec   Section        0  uart.o(i.uart_tx_enqueue)
    uart_tx_enqueue                          0x080032ed   Thumb Code    50  uart.o(i.uart_tx_enqueue)
    .constdata                               0x08003328   Section      168  adc.o(.constdata)
    ADCPorts                                 0x08003328   Data         120  adc.o(.constdata)
    ADCs                                     0x080033a0   Data          48  adc.o(.constdata)
    .constdata                               0x080033d0   Section      120  uart.o(.constdata)
    UARTPorts                                0x080033d0   Data         120  uart.o(.constdata)
    .constdata                               0x08003448   Section        8  gpio.o(.constdata)
    .constdata                               0x08003450   Section        8  gpio.o(.constdata)
    .constdata                               0x08003458   Section        8  gpio.o(.constdata)
    .constdata                               0x08003460   Section        8  gpio.o(.constdata)
    .constdata                               0x08003468   Section        8  gpio.o(.constdata)
    .constdata                               0x08003470   Section        8  gpio.o(.constdata)
    .constdata                               0x08003478   Section        8  gpio.o(.constdata)
    .constdata                               0x08003480   Section        8  gpio.o(.constdata)
    .constdata                               0x08003488   Section        8  gpio.o(.constdata)
    .constdata                               0x08003490   Section        8  gpio.o(.constdata)
    .constdata                               0x08003498   Section        8  gpio.o(.constdata)
    .constdata                               0x080034a0   Section        8  gpio.o(.constdata)
    .constdata                               0x080034a8   Section        8  gpio.o(.constdata)
    .constdata                               0x080034b0   Section        8  gpio.o(.constdata)
    .constdata                               0x080034b8   Section        8  gpio.o(.constdata)
    .constdata                               0x080034c0   Section        8  gpio.o(.constdata)
    .constdata                               0x080034c8   Section        8  gpio.o(.constdata)
    .constdata                               0x080034d0   Section        8  gpio.o(.constdata)
    .constdata                               0x080034d8   Section        8  gpio.o(.constdata)
    .constdata                               0x080034e0   Section        8  gpio.o(.constdata)
    .constdata                               0x080034e8   Section        8  gpio.o(.constdata)
    .constdata                               0x080034f0   Section        8  gpio.o(.constdata)
    .constdata                               0x080034f8   Section        8  gpio.o(.constdata)
    .constdata                               0x08003500   Section        8  gpio.o(.constdata)
    .constdata                               0x08003508   Section        8  gpio.o(.constdata)
    .constdata                               0x08003510   Section        8  gpio.o(.constdata)
    .constdata                               0x08003518   Section        8  gpio.o(.constdata)
    .constdata                               0x08003520   Section        8  gpio.o(.constdata)
    .constdata                               0x08003528   Section        8  gpio.o(.constdata)
    .constdata                               0x08003530   Section        8  gpio.o(.constdata)
    .constdata                               0x08003538   Section        8  gpio.o(.constdata)
    .constdata                               0x08003540   Section        8  gpio.o(.constdata)
    .constdata                               0x08003548   Section        8  gpio.o(.constdata)
    .constdata                               0x08003550   Section        8  gpio.o(.constdata)
    .constdata                               0x08003558   Section        8  gpio.o(.constdata)
    .constdata                               0x08003560   Section        8  gpio.o(.constdata)
    .constdata                               0x08003568   Section        8  gpio.o(.constdata)
    .constdata                               0x08003570   Section        8  gpio.o(.constdata)
    .constdata                               0x08003578   Section        8  gpio.o(.constdata)
    .constdata                               0x08003580   Section        8  gpio.o(.constdata)
    .constdata                               0x08003588   Section        8  gpio.o(.constdata)
    .constdata                               0x08003590   Section        8  gpio.o(.constdata)
    .constdata                               0x08003598   Section        8  gpio.o(.constdata)
    .constdata                               0x080035a0   Section       56  button.o(.constdata)
    BUTTONS                                  0x080035a0   Data          56  button.o(.constdata)
    .data                                    0x20000000   Section       16  stm32f4xx_rcc.o(.data)
    APBAHBPrescTable                         0x20000000   Data          16  stm32f4xx_rcc.o(.data)
    .data                                    0x20000010   Section        4  stm32f4xx_it.o(.data)
    .data                                    0x20000014   Section       20  system_stm32f4xx.o(.data)
    .data                                    0x20000028   Section       12  main.o(.data)
    btnState                                 0x20000028   Data           1  main.o(.data)
    .data                                    0x20000034   Section       96  uart.o(.data)
    tx_queue                                 0x20000034   Data          72  uart.o(.data)
    tx_buf_max_size                          0x2000007c   Data          24  uart.o(.data)
    .data                                    0x20000094   Section       56  spi_protocol.o(.data)
    spi_af                                   0x20000094   Data           3  spi_protocol.o(.data)
    spi_irq                                  0x20000097   Data           3  spi_protocol.o(.data)
    sclk                                     0x2000009c   Data          12  spi_protocol.o(.data)
    miso                                     0x200000a8   Data          12  spi_protocol.o(.data)
    mosi                                     0x200000b4   Data          12  spi_protocol.o(.data)
    spi_rcc                                  0x200000c0   Data          12  spi_protocol.o(.data)
    .data                                    0x200000cc   Section     1568  lcd_main.o(.data)
    col_shift                                0x200000cf   Data           1  lcd_main.o(.data)
    row_shift                                0x200000d0   Data           1  lcd_main.o(.data)
    tft_rst                                  0x200000dc   Data           4  lcd_main.o(.data)
    tft_dc                                   0x200000e0   Data           4  lcd_main.o(.data)
    tft_cs                                   0x200000e4   Data           4  lcd_main.o(.data)
    tft_spi_port                             0x200000e8   Data           4  lcd_main.o(.data)
    .data                                    0x200006ec   Section        8  led.o(.data)
    LEDs                                     0x200006ec   Data           8  led.o(.data)
    .data                                    0x200006f4   Section       16  stepper.o(.data)
    .bss                                     0x20000704   Section       24  adc.o(.bss)
    adc_reading                              0x20000704   Data          24  adc.o(.bss)
    .bss                                     0x2000071c   Section       50  uart.o(.bss)
    tx_buf_item_1                            0x2000071c   Data          50  uart.o(.bss)
    .bss                                     0x2000074e   Section      300  uart.o(.bss)
    tx_buf_item_2                            0x2000074e   Data         300  uart.o(.bss)
    .bss                                     0x2000087a   Section       50  uart.o(.bss)
    tx_buf_item_3                            0x2000087a   Data          50  uart.o(.bss)
    .bss                                     0x200008ac   Section       50  uart.o(.bss)
    tx_buf_item_4                            0x200008ac   Data          50  uart.o(.bss)
    .bss                                     0x200008de   Section       50  uart.o(.bss)
    tx_buf_item_5                            0x200008de   Data          50  uart.o(.bss)
    .bss                                     0x20000910   Section       50  uart.o(.bss)
    tx_buf_item_6                            0x20000910   Data          50  uart.o(.bss)
    .bss                                     0x20000944   Section       24  uart.o(.bss)
    rxListeners                              0x20000944   Data          24  uart.o(.bss)
    .bss                                     0x2000095c   Section       12  spi_protocol.o(.bss)
    SpiRxListenerList                        0x2000095c   Data          12  spi_protocol.o(.bss)
    .bss                                     0x20000968   Section      140  button.o(.bss)
    pressedTime                              0x20000968   Data          28  button.o(.bss)
    clickListeners                           0x20000984   Data          28  button.o(.bss)
    releaseListeners                         0x200009a0   Data          28  button.o(.bss)
    holdListeners                            0x200009bc   Data          56  button.o(.bss)
    .bss                                     0x200009f4   Section     1600  lcd_main.o(.bss)
    STACK                                    0x20001038   Section     2048  startup_stm32f40_41xxx.o(STACK)

    Global Symbols

    Symbol Name                              Value     Ov Type        Size  Object(Section)

    BuildAttributes$$THM_ISAv4$E$P$D$K$B$S$7EM$VFPi3$EXTD16$VFPS$VFMA$PE$A:L22UL41UL21$X:L11$S22US41US21$IEEE1$IW$USESV6$~STKCKD$USESV7$~SHL$OTIME$ROPI$EBA8$MICROLIB$REQ8$PRES8$EABIv2 0x00000000   Number         0  anon$$obj.o ABSOLUTE
    __ARM_use_no_argv                        0x00000000   Number         0  main.o ABSOLUTE
    __cpp_initialize__aeabi_                  - Undefined Weak Reference
    __cxa_finalize                            - Undefined Weak Reference
    _clock_init                               - Undefined Weak Reference
    _microlib_exit                            - Undefined Weak Reference
    __Vectors_Size                           0x00000188   Number         0  startup_stm32f40_41xxx.o ABSOLUTE
    __Vectors                                0x08000000   Data           4  startup_stm32f40_41xxx.o(RESET)
    __Vectors_End                            0x08000188   Data           0  startup_stm32f40_41xxx.o(RESET)
    __main                                   0x08000189   Thumb Code     0  entry.o(.ARM.Collect$$$$00000000)
    _main_stk                                0x08000189   Thumb Code     0  entry2.o(.ARM.Collect$$$$00000001)
    _main_scatterload                        0x0800018d   Thumb Code     0  entry5.o(.ARM.Collect$$$$00000004)
    __main_after_scatterload                 0x08000191   Thumb Code     0  entry5.o(.ARM.Collect$$$$00000004)
    _main_clock                              0x08000191   Thumb Code     0  entry7b.o(.ARM.Collect$$$$00000008)
    _main_cpp_init                           0x08000191   Thumb Code     0  entry8b.o(.ARM.Collect$$$$0000000A)
    _main_init                               0x08000191   Thumb Code     0  entry9a.o(.ARM.Collect$$$$0000000B)
    __rt_final_cpp                           0x08000199   Thumb Code     0  entry10a.o(.ARM.Collect$$$$0000000D)
    __rt_final_exit                          0x08000199   Thumb Code     0  entry11a.o(.ARM.Collect$$$$0000000F)
    Reset_Handler                            0x0800019d   Thumb Code     8  startup_stm32f40_41xxx.o(.text)
    ADC_IRQHandler                           0x080001b7   Thumb Code     0  startup_stm32f40_41xxx.o(.text)
    CAN1_RX0_IRQHandler                      0x080001b7   Thumb Code     0  startup_stm32f40_41xxx.o(.text)
    CAN1_RX1_IRQHandler                      0x080001b7   Thumb Code     0  startup_stm32f40_41xxx.o(.text)
    CAN1_SCE_IRQHandler                      0x080001b7   Thumb Code     0  startup_stm32f40_41xxx.o(.text)
    CAN1_TX_IRQHandler                       0x080001b7   Thumb Code     0  startup_stm32f40_41xxx.o(.text)
    CAN2_RX0_IRQHandler                      0x080001b7   Thumb Code     0  startup_stm32f40_41xxx.o(.text)
    CAN2_RX1_IRQHandler                      0x080001b7   Thumb Code     0  startup_stm32f40_41xxx.o(.text)
    CAN2_SCE_IRQHandler                      0x080001b7   Thumb Code     0  startup_stm32f40_41xxx.o(.text)
    CAN2_TX_IRQHandler                       0x080001b7   Thumb Code     0  startup_stm32f40_41xxx.o(.text)
    CRYP_IRQHandler                          0x080001b7   Thumb Code     0  startup_stm32f40_41xxx.o(.text)
    DCMI_IRQHandler                          0x080001b7   Thumb Code     0  startup_stm32f40_41xxx.o(.text)
    DMA1_Stream0_IRQHandler                  0x080001b7   Thumb Code     0  startup_stm32f40_41xxx.o(.text)
    DMA1_Stream1_IRQHandler                  0x080001b7   Thumb Code     0  startup_stm32f40_41xxx.o(.text)
    DMA1_Stream2_IRQHandler                  0x080001b7   Thumb Code     0  startup_stm32f40_41xxx.o(.text)
    DMA1_Stream3_IRQHandler                  0x080001b7   Thumb Code     0  startup_stm32f40_41xxx.o(.text)
    DMA1_Stream4_IRQHandler                  0x080001b7   Thumb Code     0  startup_stm32f40_41xxx.o(.text)
    DMA1_Stream5_IRQHandler                  0x080001b7   Thumb Code     0  startup_stm32f40_41xxx.o(.text)
    DMA1_Stream6_IRQHandler                  0x080001b7   Thumb Code     0  startup_stm32f40_41xxx.o(.text)
    DMA1_Stream7_IRQHandler                  0x080001b7   Thumb Code     0  startup_stm32f40_41xxx.o(.text)
    DMA2_Stream0_IRQHandler                  0x080001b7   Thumb Code     0  startup_stm32f40_41xxx.o(.text)
    DMA2_Stream1_IRQHandler                  0x080001b7   Thumb Code     0  startup_stm32f40_41xxx.o(.text)
    DMA2_Stream2_IRQHandler                  0x080001b7   Thumb Code     0  startup_stm32f40_41xxx.o(.text)
    DMA2_Stream3_IRQHandler                  0x080001b7   Thumb Code     0  startup_stm32f40_41xxx.o(.text)
    DMA2_Stream4_IRQHandler                  0x080001b7   Thumb Code     0  startup_stm32f40_41xxx.o(.text)
    DMA2_Stream5_IRQHandler                  0x080001b7   Thumb Code     0  startup_stm32f40_41xxx.o(.text)
    DMA2_Stream6_IRQHandler                  0x080001b7   Thumb Code     0  startup_stm32f40_41xxx.o(.text)
    DMA2_Stream7_IRQHandler                  0x080001b7   Thumb Code     0  startup_stm32f40_41xxx.o(.text)
    ETH_IRQHandler                           0x080001b7   Thumb Code     0  startup_stm32f40_41xxx.o(.text)
    ETH_WKUP_IRQHandler                      0x080001b7   Thumb Code     0  startup_stm32f40_41xxx.o(.text)
    EXTI0_IRQHandler                         0x080001b7   Thumb Code     0  startup_stm32f40_41xxx.o(.text)
    EXTI15_10_IRQHandler                     0x080001b7   Thumb Code     0  startup_stm32f40_41xxx.o(.text)
    EXTI1_IRQHandler                         0x080001b7   Thumb Code     0  startup_stm32f40_41xxx.o(.text)
    EXTI2_IRQHandler                         0x080001b7   Thumb Code     0  startup_stm32f40_41xxx.o(.text)
    EXTI3_IRQHandler                         0x080001b7   Thumb Code     0  startup_stm32f40_41xxx.o(.text)
    EXTI4_IRQHandler                         0x080001b7   Thumb Code     0  startup_stm32f40_41xxx.o(.text)
    EXTI9_5_IRQHandler                       0x080001b7   Thumb Code     0  startup_stm32f40_41xxx.o(.text)
    FLASH_IRQHandler                         0x080001b7   Thumb Code     0  startup_stm32f40_41xxx.o(.text)
    FPU_IRQHandler                           0x080001b7   Thumb Code     0  startup_stm32f40_41xxx.o(.text)
    FSMC_IRQHandler                          0x080001b7   Thumb Code     0  startup_stm32f40_41xxx.o(.text)
    HASH_RNG_IRQHandler                      0x080001b7   Thumb Code     0  startup_stm32f40_41xxx.o(.text)
    I2C1_ER_IRQHandler                       0x080001b7   Thumb Code     0  startup_stm32f40_41xxx.o(.text)
    I2C1_EV_IRQHandler                       0x080001b7   Thumb Code     0  startup_stm32f40_41xxx.o(.text)
    I2C2_ER_IRQHandler                       0x080001b7   Thumb Code     0  startup_stm32f40_41xxx.o(.text)
    I2C2_EV_IRQHandler                       0x080001b7   Thumb Code     0  startup_stm32f40_41xxx.o(.text)
    I2C3_ER_IRQHandler                       0x080001b7   Thumb Code     0  startup_stm32f40_41xxx.o(.text)
    I2C3_EV_IRQHandler                       0x080001b7   Thumb Code     0  startup_stm32f40_41xxx.o(.text)
    OTG_FS_IRQHandler                        0x080001b7   Thumb Code     0  startup_stm32f40_41xxx.o(.text)
    OTG_FS_WKUP_IRQHandler                   0x080001b7   Thumb Code     0  startup_stm32f40_41xxx.o(.text)
    OTG_HS_EP1_IN_IRQHandler                 0x080001b7   Thumb Code     0  startup_stm32f40_41xxx.o(.text)
    OTG_HS_EP1_OUT_IRQHandler                0x080001b7   Thumb Code     0  startup_stm32f40_41xxx.o(.text)
    OTG_HS_IRQHandler                        0x080001b7   Thumb Code     0  startup_stm32f40_41xxx.o(.text)
    OTG_HS_WKUP_IRQHandler                   0x080001b7   Thumb Code     0  startup_stm32f40_41xxx.o(.text)
    PVD_IRQHandler                           0x080001b7   Thumb Code     0  startup_stm32f40_41xxx.o(.text)
    RCC_IRQHandler                           0x080001b7   Thumb Code     0  startup_stm32f40_41xxx.o(.text)
    RTC_Alarm_IRQHandler                     0x080001b7   Thumb Code     0  startup_stm32f40_41xxx.o(.text)
    RTC_WKUP_IRQHandler                      0x080001b7   Thumb Code     0  startup_stm32f40_41xxx.o(.text)
    SDIO_IRQHandler                          0x080001b7   Thumb Code     0  startup_stm32f40_41xxx.o(.text)
    TAMP_STAMP_IRQHandler                    0x080001b7   Thumb Code     0  startup_stm32f40_41xxx.o(.text)
    TIM1_BRK_TIM9_IRQHandler                 0x080001b7   Thumb Code     0  startup_stm32f40_41xxx.o(.text)
    TIM1_CC_IRQHandler                       0x080001b7   Thumb Code     0  startup_stm32f40_41xxx.o(.text)
    TIM1_TRG_COM_TIM11_IRQHandler            0x080001b7   Thumb Code     0  startup_stm32f40_41xxx.o(.text)
    TIM1_UP_TIM10_IRQHandler                 0x080001b7   Thumb Code     0  startup_stm32f40_41xxx.o(.text)
    TIM2_IRQHandler                          0x080001b7   Thumb Code     0  startup_stm32f40_41xxx.o(.text)
    TIM3_IRQHandler                          0x080001b7   Thumb Code     0  startup_stm32f40_41xxx.o(.text)
    TIM6_DAC_IRQHandler                      0x080001b7   Thumb Code     0  startup_stm32f40_41xxx.o(.text)
    TIM7_IRQHandler                          0x080001b7   Thumb Code     0  startup_stm32f40_41xxx.o(.text)
    TIM8_BRK_TIM12_IRQHandler                0x080001b7   Thumb Code     0  startup_stm32f40_41xxx.o(.text)
    TIM8_CC_IRQHandler                       0x080001b7   Thumb Code     0  startup_stm32f40_41xxx.o(.text)
    TIM8_TRG_COM_TIM14_IRQHandler            0x080001b7   Thumb Code     0  startup_stm32f40_41xxx.o(.text)
    TIM8_UP_TIM13_IRQHandler                 0x080001b7   Thumb Code     0  startup_stm32f40_41xxx.o(.text)
    WWDG_IRQHandler                          0x080001b7   Thumb Code     0  startup_stm32f40_41xxx.o(.text)
    __aeabi_uldivmod                         0x080001c1   Thumb Code    98  uldiv.o(.text)
    __aeabi_uidiv                            0x08000223   Thumb Code     0  uidiv.o(.text)
    __aeabi_uidivmod                         0x08000223   Thumb Code    44  uidiv.o(.text)
    __aeabi_llsl                             0x0800024f   Thumb Code    30  llshl.o(.text)
    _ll_shift_l                              0x0800024f   Thumb Code     0  llshl.o(.text)
    __aeabi_llsr                             0x0800026d   Thumb Code    32  llushr.o(.text)
    _ll_ushift_r                             0x0800026d   Thumb Code     0  llushr.o(.text)
    __I$use$fp                               0x0800028d   Thumb Code     0  iusefp.o(.text)
    __aeabi_dadd                             0x0800028d   Thumb Code   322  dadd.o(.text)
    __aeabi_dsub                             0x080003cf   Thumb Code     6  dadd.o(.text)
    __aeabi_drsub                            0x080003d5   Thumb Code     6  dadd.o(.text)
    __aeabi_dmul                             0x080003db   Thumb Code   228  dmul.o(.text)
    __aeabi_ddiv                             0x080004bf   Thumb Code   222  ddiv.o(.text)
    __aeabi_d2ulz                            0x0800059d   Thumb Code    48  dfixul.o(.text)
    __aeabi_cdrcmple                         0x080005cd   Thumb Code    48  cdrcmple.o(.text)
    __scatterload                            0x080005fd   Thumb Code    28  init.o(.text)
    __scatterload_rt2                        0x080005fd   Thumb Code     0  init.o(.text)
    __aeabi_lasr                             0x08000621   Thumb Code    36  llsshr.o(.text)
    _ll_sshift_r                             0x08000621   Thumb Code     0  llsshr.o(.text)
    _double_round                            0x08000645   Thumb Code    30  depilogue.o(.text)
    _double_epilogue                         0x08000663   Thumb Code   156  depilogue.o(.text)
    __decompress                             0x080006ff   Thumb Code     0  __dczerorl2.o(.text)
    __decompress1                            0x080006ff   Thumb Code    86  __dczerorl2.o(.text)
    ADC_Cmd                                  0x08000755   Thumb Code    18  stm32f4xx_adc.o(i.ADC_Cmd)
    ADC_CommonInit                           0x08000769   Thumb Code    36  stm32f4xx_adc.o(i.ADC_CommonInit)
    ADC_DMACmd                               0x08000795   Thumb Code    18  stm32f4xx_adc.o(i.ADC_DMACmd)
    ADC_DMARequestAfterLastTransferCmd       0x080007a7   Thumb Code    18  stm32f4xx_adc.o(i.ADC_DMARequestAfterLastTransferCmd)
    ADC_Init                                 0x080007b9   Thumb Code    80  stm32f4xx_adc.o(i.ADC_Init)
    ADC_RegularChannelConfig                 0x0800080d   Thumb Code   144  stm32f4xx_adc.o(i.ADC_RegularChannelConfig)
    ADC_SoftwareStartConv                    0x0800089d   Thumb Code    10  stm32f4xx_adc.o(i.ADC_SoftwareStartConv)
    ADC_TempSensorVrefintCmd                 0x080008a9   Thumb Code    24  stm32f4xx_adc.o(i.ADC_TempSensorVrefintCmd)
    ADC_VBATCmd                              0x080008c5   Thumb Code    24  stm32f4xx_adc.o(i.ADC_VBATCmd)
    BusFault_Handler                         0x080008e1   Thumb Code     2  stm32f4xx_it.o(i.BusFault_Handler)
    DMA_Cmd                                  0x080008e3   Thumb Code    18  stm32f4xx_dma.o(i.DMA_Cmd)
    DMA_Init                                 0x080008f5   Thumb Code   116  stm32f4xx_dma.o(i.DMA_Init)
    DebugMon_Handler                         0x0800096d   Thumb Code     2  stm32f4xx_it.o(i.DebugMon_Handler)
    GPIO_Init                                0x0800096f   Thumb Code   150  stm32f4xx_gpio.o(i.GPIO_Init)
    GPIO_PinAFConfig                         0x08000a05   Thumb Code    34  stm32f4xx_gpio.o(i.GPIO_PinAFConfig)
    GPIO_ReadInputDataBit                    0x08000a27   Thumb Code    14  stm32f4xx_gpio.o(i.GPIO_ReadInputDataBit)
    GPIO_ResetBits                           0x08000a35   Thumb Code     4  stm32f4xx_gpio.o(i.GPIO_ResetBits)
    GPIO_SetBits                             0x08000a39   Thumb Code     4  stm32f4xx_gpio.o(i.GPIO_SetBits)
    GPIO_StructInit                          0x08000a3d   Thumb Code    18  stm32f4xx_gpio.o(i.GPIO_StructInit)
    HardFault_Handler                        0x08000a4f   Thumb Code     2  stm32f4xx_it.o(i.HardFault_Handler)
    MemManage_Handler                        0x08000a51   Thumb Code     2  stm32f4xx_it.o(i.MemManage_Handler)
    NMI_Handler                              0x08000a53   Thumb Code     2  stm32f4xx_it.o(i.NMI_Handler)
    NVIC_Init                                0x08000a55   Thumb Code   110  misc.o(i.NVIC_Init)
    PendSV_Handler                           0x08000ac9   Thumb Code     2  stm32f4xx_it.o(i.PendSV_Handler)
    RCC_AHB1PeriphClockCmd                   0x08000acd   Thumb Code    18  stm32f4xx_rcc.o(i.RCC_AHB1PeriphClockCmd)
    RCC_APB1PeriphClockCmd                   0x08000ae5   Thumb Code    18  stm32f4xx_rcc.o(i.RCC_APB1PeriphClockCmd)
    RCC_APB1PeriphResetCmd                   0x08000afd   Thumb Code    18  stm32f4xx_rcc.o(i.RCC_APB1PeriphResetCmd)
    RCC_APB2PeriphClockCmd                   0x08000b15   Thumb Code    18  stm32f4xx_rcc.o(i.RCC_APB2PeriphClockCmd)
    RCC_APB2PeriphResetCmd                   0x08000b2d   Thumb Code    18  stm32f4xx_rcc.o(i.RCC_APB2PeriphResetCmd)
    RCC_GetClocksFreq                        0x08000b45   Thumb Code   144  stm32f4xx_rcc.o(i.RCC_GetClocksFreq)
    SPI1_IRQHandler                          0x08000be5   Thumb Code    42  spi_protocol.o(i.SPI1_IRQHandler)
    SPI2_IRQHandler                          0x08000c19   Thumb Code    42  spi_protocol.o(i.SPI2_IRQHandler)
    SPI3_IRQHandler                          0x08000c4d   Thumb Code    42  spi_protocol.o(i.SPI3_IRQHandler)
    SPI_CalculateCRC                         0x08000c81   Thumb Code    18  stm32f4xx_spi.o(i.SPI_CalculateCRC)
    SPI_Cmd                                  0x08000c93   Thumb Code    18  stm32f4xx_spi.o(i.SPI_Cmd)
    SPI_I2S_DeInit                           0x08000ca5   Thumb Code   196  stm32f4xx_spi.o(i.SPI_I2S_DeInit)
    SPI_I2S_GetFlagStatus                    0x08000d69   Thumb Code    14  stm32f4xx_spi.o(i.SPI_I2S_GetFlagStatus)
    SPI_I2S_GetITStatus                      0x08000d77   Thumb Code    46  stm32f4xx_spi.o(i.SPI_I2S_GetITStatus)
    SPI_I2S_ReceiveData                      0x08000da5   Thumb Code     4  stm32f4xx_spi.o(i.SPI_I2S_ReceiveData)
    SPI_I2S_SendData                         0x08000da9   Thumb Code     4  stm32f4xx_spi.o(i.SPI_I2S_SendData)
    SPI_Init                                 0x08000dad   Thumb Code    84  stm32f4xx_spi.o(i.SPI_Init)
    SPI_SSOutputCmd                          0x08000e01   Thumb Code    18  stm32f4xx_spi.o(i.SPI_SSOutputCmd)
    SVC_Handler                              0x08000e13   Thumb Code     2  stm32f4xx_it.o(i.SVC_Handler)
    SysTick_Handler                          0x08000e15   Thumb Code    10  stm32f4xx_it.o(i.SysTick_Handler)
    SystemCoreClockUpdate                    0x08000e25   Thumb Code   110  system_stm32f4xx.o(i.SystemCoreClockUpdate)
    SystemInit                               0x08000ea9   Thumb Code   248  system_stm32f4xx.o(i.SystemInit)
    TIM4_IRQHandler                          0x08000fc9   Thumb Code    78  stepper.o(i.TIM4_IRQHandler)
    TIM5_IRQHandler                          0x08001025   Thumb Code    76  stepper.o(i.TIM5_IRQHandler)
    TIM_ARRPreloadConfig                     0x0800107d   Thumb Code    18  stm32f4xx_tim.o(i.TIM_ARRPreloadConfig)
    TIM_ClearITPendingBit                    0x0800108f   Thumb Code     6  stm32f4xx_tim.o(i.TIM_ClearITPendingBit)
    TIM_Cmd                                  0x08001095   Thumb Code    18  stm32f4xx_tim.o(i.TIM_Cmd)
    TIM_GetITStatus                          0x080010a7   Thumb Code    22  stm32f4xx_tim.o(i.TIM_GetITStatus)
    TIM_ITConfig                             0x080010bd   Thumb Code    16  stm32f4xx_tim.o(i.TIM_ITConfig)
    TIM_SetAutoreload                        0x080010cd   Thumb Code     4  stm32f4xx_tim.o(i.TIM_SetAutoreload)
    TIM_TimeBaseInit                         0x080010d1   Thumb Code   118  stm32f4xx_tim.o(i.TIM_TimeBaseInit)
    UART4_IRQHandler                         0x08001151   Thumb Code    86  uart.o(i.UART4_IRQHandler)
    UART5_IRQHandler                         0x080011b1   Thumb Code    86  uart.o(i.UART5_IRQHandler)
    USART1_IRQHandler                        0x08001211   Thumb Code    86  uart.o(i.USART1_IRQHandler)
    USART2_IRQHandler                        0x08001271   Thumb Code    86  uart.o(i.USART2_IRQHandler)
    USART3_IRQHandler                        0x080012d1   Thumb Code    86  uart.o(i.USART3_IRQHandler)
    USART6_IRQHandler                        0x08001331   Thumb Code    86  uart.o(i.USART6_IRQHandler)
    USART_ClearITPendingBit                  0x08001391   Thumb Code    14  stm32f4xx_usart.o(i.USART_ClearITPendingBit)
    USART_Cmd                                0x0800139f   Thumb Code    18  stm32f4xx_usart.o(i.USART_Cmd)
    USART_GetFlagStatus                      0x080013b1   Thumb Code    14  stm32f4xx_usart.o(i.USART_GetFlagStatus)
    USART_GetITStatus                        0x080013bf   Thumb Code    66  stm32f4xx_usart.o(i.USART_GetITStatus)
    USART_ITConfig                           0x08001401   Thumb Code    48  stm32f4xx_usart.o(i.USART_ITConfig)
    USART_Init                               0x08001431   Thumb Code   180  stm32f4xx_usart.o(i.USART_Init)
    USART_ReceiveData                        0x080014e9   Thumb Code     8  stm32f4xx_usart.o(i.USART_ReceiveData)
    UsageFault_Handler                       0x080014f1   Thumb Code     2  stm32f4xx_it.o(i.UsageFault_Handler)
    __0vsprintf                              0x080014f5   Thumb Code    30  printfa.o(i.__0vsprintf)
    __1vsprintf                              0x080014f5   Thumb Code     0  printfa.o(i.__0vsprintf)
    __2vsprintf                              0x080014f5   Thumb Code     0  printfa.o(i.__0vsprintf)
    __c89vsprintf                            0x080014f5   Thumb Code     0  printfa.o(i.__0vsprintf)
    vsprintf                                 0x080014f5   Thumb Code     0  printfa.o(i.__0vsprintf)
    __scatterload_copy                       0x08001519   Thumb Code    14  handlers.o(i.__scatterload_copy)
    __scatterload_null                       0x08001527   Thumb Code     2  handlers.o(i.__scatterload_null)
    __scatterload_zeroinit                   0x08001529   Thumb Code    14  handlers.o(i.__scatterload_zeroinit)
    _delay_ms                                0x08001537   Thumb Code    26  ticks.o(i._delay_ms)
    _delay_us                                0x08001551   Thumb Code    26  ticks.o(i._delay_us)
    adc_init                                 0x08001e29   Thumb Code   372  adc.o(i.adc_init)
    btn_init                                 0x08001fad   Thumb Code    38  button.o(i.btn_init)
    btn_reg_OnClickListener                  0x08001fd9   Thumb Code     8  button.o(i.btn_reg_OnClickListener)
    btn_update                               0x08001fe5   Thumb Code   164  button.o(i.btn_update)
    buzzer_init                              0x08002091   Thumb Code    22  buzzer.o(i.buzzer_init)
    getPinSource                             0x080020ad   Thumb Code   152  gpio.o(i.getPinSource)
    get_adc                                  0x08002145   Thumb Code     8  adc.o(i.get_adc)
    gpio_af_init                             0x08002151   Thumb Code    74  gpio.o(i.gpio_af_init)
    gpio_init                                0x0800219b   Thumb Code    40  gpio.o(i.gpio_init)
    gpio_input_init                          0x080021c3   Thumb Code    40  gpio.o(i.gpio_input_init)
    gpio_output_init                         0x080021eb   Thumb Code    52  gpio.o(i.gpio_output_init)
    gpio_rcc_init                            0x08002221   Thumb Code   112  gpio.o(i.gpio_rcc_init)
    gpio_rcc_init_all                        0x08002295   Thumb Code    62  gpio.o(i.gpio_rcc_init_all)
    gpio_read_input                          0x080022d3   Thumb Code     8  gpio.o(i.gpio_read_input)
    laser_get_distance                       0x080022db   Thumb Code    36  laser.o(i.laser_get_distance)
    laser_init                               0x080022ff   Thumb Code     4  laser.o(i.laser_init)
    led_init                                 0x08002305   Thumb Code    36  led.o(i.led_init)
    main                                     0x0800232d   Thumb Code   216  main.o(i.main)
    scanner_inc_height                       0x08002461   Thumb Code    32  main.o(i.scanner_inc_height)
    scanner_lower_btn_handler                0x0800248d   Thumb Code    80  main.o(i.scanner_lower_btn_handler)
    scanner_rotate_plate                     0x080024f1   Thumb Code    32  main.o(i.scanner_rotate_plate)
    scanner_standby                          0x0800251d   Thumb Code     2  main.o(i.scanner_standby)
    scanner_start_btn_handler                0x08002521   Thumb Code    50  main.o(i.scanner_start_btn_handler)
    spi_init                                 0x08002561   Thumb Code   264  spi_protocol.o(i.spi_init)
    spi_tx_byte                              0x08002681   Thumb Code   106  spi_protocol.o(i.spi_tx_byte)
    stepper_get_vel                          0x080026f1   Thumb Code     8  stepper.o(i.stepper_get_vel)
    stepper_init                             0x080026fd   Thumb Code   204  stepper.o(i.stepper_init)
    stepper_rotate                           0x080027d5   Thumb Code   156  stepper.o(i.stepper_rotate)
    stepper_set_vel                          0x080028f1   Thumb Code   150  stepper.o(i.stepper_set_vel)
    tft_clear                                0x08002999   Thumb Code   120  lcd_main.o(i.tft_clear)
    tft_fill_color                           0x08002a19   Thumb Code    68  lcd_main.o(i.tft_fill_color)
    tft_init                                 0x08002a61   Thumb Code   772  lcd_main.o(i.tft_init)
    tft_println                              0x08002d75   Thumb Code    54  lcd_main.o(i.tft_println)
    tft_update                               0x08002eb9   Thumb Code   504  lcd_main.o(i.tft_update)
    ticks_init                               0x08003131   Thumb Code    48  ticks.o(i.ticks_init)
    uart_init                                0x0800316d   Thumb Code   186  uart.o(i.uart_init)
    uart_tx_byte                             0x0800322d   Thumb Code    80  uart.o(i.uart_tx_byte)
    PA0                                      0x08003448   Data           8  gpio.o(.constdata)
    PA1                                      0x08003450   Data           8  gpio.o(.constdata)
    PA2                                      0x08003458   Data           8  gpio.o(.constdata)
    PA3                                      0x08003460   Data           8  gpio.o(.constdata)
    PA4                                      0x08003468   Data           8  gpio.o(.constdata)
    PA5                                      0x08003470   Data           8  gpio.o(.constdata)
    PA6                                      0x08003478   Data           8  gpio.o(.constdata)
    PA7                                      0x08003480   Data           8  gpio.o(.constdata)
    PA8                                      0x08003488   Data           8  gpio.o(.constdata)
    PA9                                      0x08003490   Data           8  gpio.o(.constdata)
    PA10                                     0x08003498   Data           8  gpio.o(.constdata)
    PB5                                      0x080034a0   Data           8  gpio.o(.constdata)
    PB10                                     0x080034a8   Data           8  gpio.o(.constdata)
    PB11                                     0x080034b0   Data           8  gpio.o(.constdata)
    PB13                                     0x080034b8   Data           8  gpio.o(.constdata)
    PB14                                     0x080034c0   Data           8  gpio.o(.constdata)
    PB15                                     0x080034c8   Data           8  gpio.o(.constdata)
    PC0                                      0x080034d0   Data           8  gpio.o(.constdata)
    PC1                                      0x080034d8   Data           8  gpio.o(.constdata)
    PC2                                      0x080034e0   Data           8  gpio.o(.constdata)
    PC3                                      0x080034e8   Data           8  gpio.o(.constdata)
    PC4                                      0x080034f0   Data           8  gpio.o(.constdata)
    PC5                                      0x080034f8   Data           8  gpio.o(.constdata)
    PC10                                     0x08003500   Data           8  gpio.o(.constdata)
    PC11                                     0x08003508   Data           8  gpio.o(.constdata)
    PC12                                     0x08003510   Data           8  gpio.o(.constdata)
    PC14                                     0x08003518   Data           8  gpio.o(.constdata)
    PC15                                     0x08003520   Data           8  gpio.o(.constdata)
    PD0                                      0x08003528   Data           8  gpio.o(.constdata)
    PD1                                      0x08003530   Data           8  gpio.o(.constdata)
    PD2                                      0x08003538   Data           8  gpio.o(.constdata)
    PD3                                      0x08003540   Data           8  gpio.o(.constdata)
    PD4                                      0x08003548   Data           8  gpio.o(.constdata)
    PD5                                      0x08003550   Data           8  gpio.o(.constdata)
    PD6                                      0x08003558   Data           8  gpio.o(.constdata)
    PD7                                      0x08003560   Data           8  gpio.o(.constdata)
    PF2                                      0x08003568   Data           8  gpio.o(.constdata)
    PF3                                      0x08003570   Data           8  gpio.o(.constdata)
    PF4                                      0x08003578   Data           8  gpio.o(.constdata)
    PF5                                      0x08003580   Data           8  gpio.o(.constdata)
    PF6                                      0x08003588   Data           8  gpio.o(.constdata)
    PG9                                      0x08003590   Data           8  gpio.o(.constdata)
    PG14                                     0x08003598   Data           8  gpio.o(.constdata)
    Region$$Table$$Base                      0x080035d8   Number         0  anon$$obj.o(Region$$Table)
    Region$$Table$$Limit                     0x080035f8   Number         0  anon$$obj.o(Region$$Table)
    msTicks                                  0x20000010   Data           4  stm32f4xx_it.o(.data)
    SystemCoreClock                          0x20000014   Data           4  system_stm32f4xx.o(.data)
    AHBPrescTable                            0x20000018   Data          16  system_stm32f4xx.o(.data)
    ticksImg                                 0x2000002c   Data           4  main.o(.data)
    curState                                 0x20000030   Data           4  main.o(.data)
    tft_orientation                          0x200000cc   Data           1  lcd_main.o(.data)
    tft_enabled                              0x200000cd   Data           1  lcd_main.o(.data)
    tft_y_index                              0x200000ce   Data           1  lcd_main.o(.data)
    char_max_x                               0x200000d1   Data           1  lcd_main.o(.data)
    char_max_y                               0x200000d2   Data           1  lcd_main.o(.data)
    cur_screen                               0x200000d3   Data           1  lcd_main.o(.data)
    next_screen                              0x200000d4   Data           1  lcd_main.o(.data)
    curr_bg_color                            0x200000d6   Data           2  lcd_main.o(.data)
    curr_text_color                          0x200000d8   Data           2  lcd_main.o(.data)
    curr_text_color_sp                       0x200000da   Data           2  lcd_main.o(.data)
    ascii_8x16                               0x200000ec   Data        1536  lcd_main.o(.data)
    stepsPerCycle                            0x200006f4   Data           2  stepper.o(.data)
    rpm                                      0x200006f6   Data           4  stepper.o(.data)
    curSteps                                 0x200006fc   Data           8  stepper.o(.data)
    text_buf                                 0x200009f4   Data         320  lcd_main.o(.bss)
    text_color_buf                           0x20000b34   Data         640  lcd_main.o(.bss)
    bg_color_buf                             0x20000db4   Data         640  lcd_main.o(.bss)
    __initial_sp                             0x20001838   Data           0  startup_stm32f40_41xxx.o(STACK)



==============================================================================

Memory Map of the image

  Image Entry point : 0x08000189

  Load Region LR_IROM1 (Base: 0x08000000, Size: 0x00003cfc, Max: 0x00100000, ABSOLUTE, COMPRESSED[0x00003914])

    Execution Region ER_IROM1 (Base: 0x08000000, Size: 0x000035f8, Max: 0x00100000, ABSOLUTE)

    Base Addr    Size         Type   Attr      Idx    E Section Name        Object

    0x08000000   0x00000188   Data   RO         5374    RESET               startup_stm32f40_41xxx.o
    0x08000188   0x00000000   Code   RO         6454  * .ARM.Collect$$$$00000000  mc_w.l(entry.o)
    0x08000188   0x00000004   Code   RO         6487    .ARM.Collect$$$$00000001  mc_w.l(entry2.o)
    0x0800018c   0x00000004   Code   RO         6490    .ARM.Collect$$$$00000004  mc_w.l(entry5.o)
    0x08000190   0x00000000   Code   RO         6492    .ARM.Collect$$$$00000008  mc_w.l(entry7b.o)
    0x08000190   0x00000000   Code   RO         6494    .ARM.Collect$$$$0000000A  mc_w.l(entry8b.o)
    0x08000190   0x00000008   Code   RO         6495    .ARM.Collect$$$$0000000B  mc_w.l(entry9a.o)
    0x08000198   0x00000000   Code   RO         6497    .ARM.Collect$$$$0000000D  mc_w.l(entry10a.o)
    0x08000198   0x00000000   Code   RO         6499    .ARM.Collect$$$$0000000F  mc_w.l(entry11a.o)
    0x08000198   0x00000004   Code   RO         6488    .ARM.Collect$$$$00002712  mc_w.l(entry2.o)
    0x0800019c   0x00000024   Code   RO         5375    .text               startup_stm32f40_41xxx.o
    0x080001c0   0x00000062   Code   RO         6457    .text               mc_w.l(uldiv.o)
    0x08000222   0x0000002c   Code   RO         6504    .text               mc_w.l(uidiv.o)
    0x0800024e   0x0000001e   Code   RO         6506    .text               mc_w.l(llshl.o)
    0x0800026c   0x00000020   Code   RO         6508    .text               mc_w.l(llushr.o)
    0x0800028c   0x00000000   Code   RO         6510    .text               mc_w.l(iusefp.o)
    0x0800028c   0x0000014e   Code   RO         6511    .text               mf_w.l(dadd.o)
    0x080003da   0x000000e4   Code   RO         6513    .text               mf_w.l(dmul.o)
    0x080004be   0x000000de   Code   RO         6515    .text               mf_w.l(ddiv.o)
    0x0800059c   0x00000030   Code   RO         6517    .text               mf_w.l(dfixul.o)
    0x080005cc   0x00000030   Code   RO         6519    .text               mf_w.l(cdrcmple.o)
    0x080005fc   0x00000024   Code   RO         6521    .text               mc_w.l(init.o)
    0x08000620   0x00000024   Code   RO         6524    .text               mc_w.l(llsshr.o)
    0x08000644   0x000000ba   Code   RO         6527    .text               mf_w.l(depilogue.o)
    0x080006fe   0x00000056   Code   RO         6537    .text               mc_w.l(__dczerorl2.o)
    0x08000754   0x00000012   Code   RO           10    i.ADC_Cmd           stm32f4xx_adc.o
    0x08000766   0x00000002   PAD
    0x08000768   0x0000002c   Code   RO           11    i.ADC_CommonInit    stm32f4xx_adc.o
    0x08000794   0x00000012   Code   RO           14    i.ADC_DMACmd        stm32f4xx_adc.o
    0x080007a6   0x00000012   Code   RO           15    i.ADC_DMARequestAfterLastTransferCmd  stm32f4xx_adc.o
    0x080007b8   0x00000054   Code   RO           30    i.ADC_Init          stm32f4xx_adc.o
    0x0800080c   0x00000090   Code   RO           35    i.ADC_RegularChannelConfig  stm32f4xx_adc.o
    0x0800089c   0x0000000a   Code   RO           37    i.ADC_SoftwareStartConv  stm32f4xx_adc.o
    0x080008a6   0x00000002   PAD
    0x080008a8   0x0000001c   Code   RO           40    i.ADC_TempSensorVrefintCmd  stm32f4xx_adc.o
    0x080008c4   0x0000001c   Code   RO           41    i.ADC_VBATCmd       stm32f4xx_adc.o
    0x080008e0   0x00000002   Code   RO         5092    i.BusFault_Handler  stm32f4xx_it.o
    0x080008e2   0x00000012   Code   RO         1133    i.DMA_Cmd           stm32f4xx_dma.o
    0x080008f4   0x00000078   Code   RO         1145    i.DMA_Init          stm32f4xx_dma.o
    0x0800096c   0x00000002   Code   RO         5093    i.DebugMon_Handler  stm32f4xx_it.o
    0x0800096e   0x00000096   Code   RO         1945    i.GPIO_Init         stm32f4xx_gpio.o
    0x08000a04   0x00000022   Code   RO         1946    i.GPIO_PinAFConfig  stm32f4xx_gpio.o
    0x08000a26   0x0000000e   Code   RO         1949    i.GPIO_ReadInputDataBit  stm32f4xx_gpio.o
    0x08000a34   0x00000004   Code   RO         1952    i.GPIO_ResetBits    stm32f4xx_gpio.o
    0x08000a38   0x00000004   Code   RO         1953    i.GPIO_SetBits      stm32f4xx_gpio.o
    0x08000a3c   0x00000012   Code   RO         1954    i.GPIO_StructInit   stm32f4xx_gpio.o
    0x08000a4e   0x00000002   Code   RO         5094    i.HardFault_Handler  stm32f4xx_it.o
    0x08000a50   0x00000002   Code   RO         5095    i.MemManage_Handler  stm32f4xx_it.o
    0x08000a52   0x00000002   Code   RO         5096    i.NMI_Handler       stm32f4xx_it.o
    0x08000a54   0x00000074   Code   RO         5288    i.NVIC_Init         misc.o
    0x08000ac8   0x00000002   Code   RO         5097    i.PendSV_Handler    stm32f4xx_it.o
    0x08000aca   0x00000002   PAD
    0x08000acc   0x00000018   Code   RO         2886    i.RCC_AHB1PeriphClockCmd  stm32f4xx_rcc.o
    0x08000ae4   0x00000018   Code   RO         2895    i.RCC_APB1PeriphClockCmd  stm32f4xx_rcc.o
    0x08000afc   0x00000018   Code   RO         2897    i.RCC_APB1PeriphResetCmd  stm32f4xx_rcc.o
    0x08000b14   0x00000018   Code   RO         2898    i.RCC_APB2PeriphClockCmd  stm32f4xx_rcc.o
    0x08000b2c   0x00000018   Code   RO         2900    i.RCC_APB2PeriphResetCmd  stm32f4xx_rcc.o
    0x08000b44   0x000000a0   Code   RO         2907    i.RCC_GetClocksFreq  stm32f4xx_rcc.o
    0x08000be4   0x00000034   Code   RO         5958    i.SPI1_IRQHandler   spi_protocol.o
    0x08000c18   0x00000034   Code   RO         5959    i.SPI2_IRQHandler   spi_protocol.o
    0x08000c4c   0x00000034   Code   RO         5960    i.SPI3_IRQHandler   spi_protocol.o
    0x08000c80   0x00000012   Code   RO         4050    i.SPI_CalculateCRC  stm32f4xx_spi.o
    0x08000c92   0x00000012   Code   RO         4051    i.SPI_Cmd           stm32f4xx_spi.o
    0x08000ca4   0x000000c4   Code   RO         4058    i.SPI_I2S_DeInit    stm32f4xx_spi.o
    0x08000d68   0x0000000e   Code   RO         4059    i.SPI_I2S_GetFlagStatus  stm32f4xx_spi.o
    0x08000d76   0x0000002e   Code   RO         4060    i.SPI_I2S_GetITStatus  stm32f4xx_spi.o
    0x08000da4   0x00000004   Code   RO         4062    i.SPI_I2S_ReceiveData  stm32f4xx_spi.o
    0x08000da8   0x00000004   Code   RO         4063    i.SPI_I2S_SendData  stm32f4xx_spi.o
    0x08000dac   0x00000054   Code   RO         4064    i.SPI_Init          stm32f4xx_spi.o
    0x08000e00   0x00000012   Code   RO         4066    i.SPI_SSOutputCmd   stm32f4xx_spi.o
    0x08000e12   0x00000002   Code   RO         5098    i.SVC_Handler       stm32f4xx_it.o
    0x08000e14   0x00000010   Code   RO         5099    i.SysTick_Handler   stm32f4xx_it.o
    0x08000e24   0x00000084   Code   RO         5339    i.SystemCoreClockUpdate  system_stm32f4xx.o
    0x08000ea8   0x00000120   Code   RO         5340    i.SystemInit        system_stm32f4xx.o
    0x08000fc8   0x0000005c   Code   RO         6351    i.TIM4_IRQHandler   stepper.o
    0x08001024   0x00000058   Code   RO         6352    i.TIM5_IRQHandler   stepper.o
    0x0800107c   0x00000012   Code   RO         4280    i.TIM_ARRPreloadConfig  stm32f4xx_tim.o
    0x0800108e   0x00000006   Code   RO         4287    i.TIM_ClearITPendingBit  stm32f4xx_tim.o
    0x08001094   0x00000012   Code   RO         4292    i.TIM_Cmd           stm32f4xx_tim.o
    0x080010a6   0x00000016   Code   RO         4313    i.TIM_GetITStatus   stm32f4xx_tim.o
    0x080010bc   0x00000010   Code   RO         4317    i.TIM_ITConfig      stm32f4xx_tim.o
    0x080010cc   0x00000004   Code   RO         4352    i.TIM_SetAutoreload  stm32f4xx_tim.o
    0x080010d0   0x00000080   Code   RO         4364    i.TIM_TimeBaseInit  stm32f4xx_tim.o
    0x08001150   0x00000060   Code   RO         5567    i.UART4_IRQHandler  uart.o
    0x080011b0   0x00000060   Code   RO         5568    i.UART5_IRQHandler  uart.o
    0x08001210   0x00000060   Code   RO         5569    i.USART1_IRQHandler  uart.o
    0x08001270   0x00000060   Code   RO         5570    i.USART2_IRQHandler  uart.o
    0x080012d0   0x00000060   Code   RO         5571    i.USART3_IRQHandler  uart.o
    0x08001330   0x00000060   Code   RO         5572    i.USART6_IRQHandler  uart.o
    0x08001390   0x0000000e   Code   RO         4829    i.USART_ClearITPendingBit  stm32f4xx_usart.o
    0x0800139e   0x00000012   Code   RO         4832    i.USART_Cmd         stm32f4xx_usart.o
    0x080013b0   0x0000000e   Code   RO         4835    i.USART_GetFlagStatus  stm32f4xx_usart.o
    0x080013be   0x00000042   Code   RO         4836    i.USART_GetITStatus  stm32f4xx_usart.o
    0x08001400   0x00000030   Code   RO         4838    i.USART_ITConfig    stm32f4xx_usart.o
    0x08001430   0x000000b8   Code   RO         4839    i.USART_Init        stm32f4xx_usart.o
    0x080014e8   0x00000008   Code   RO         4846    i.USART_ReceiveData  stm32f4xx_usart.o
    0x080014f0   0x00000002   Code   RO         5100    i.UsageFault_Handler  stm32f4xx_it.o
    0x080014f2   0x00000002   PAD
    0x080014f4   0x00000024   Code   RO         6466    i.__0vsprintf       mc_w.l(printfa.o)
    0x08001518   0x0000000e   Code   RO         6531    i.__scatterload_copy  mc_w.l(handlers.o)
    0x08001526   0x00000002   Code   RO         6532    i.__scatterload_null  mc_w.l(handlers.o)
    0x08001528   0x0000000e   Code   RO         6533    i.__scatterload_zeroinit  mc_w.l(handlers.o)
    0x08001536   0x0000001a   Code   RO         5713    i._delay_ms         ticks.o
    0x08001550   0x0000001a   Code   RO         5714    i._delay_us         ticks.o
    0x0800156a   0x00000002   PAD
    0x0800156c   0x00000184   Code   RO         6467    i._fp_digits        mc_w.l(printfa.o)
    0x080016f0   0x000006dc   Code   RO         6468    i._printf_core      mc_w.l(printfa.o)
    0x08001dcc   0x00000024   Code   RO         6469    i._printf_post_padding  mc_w.l(printfa.o)
    0x08001df0   0x0000002e   Code   RO         6470    i._printf_pre_padding  mc_w.l(printfa.o)
    0x08001e1e   0x0000000a   Code   RO         6472    i._sputc            mc_w.l(printfa.o)
    0x08001e28   0x00000184   Code   RO         5450    i.adc_init          adc.o
    0x08001fac   0x0000002c   Code   RO         6033    i.btn_init          button.o
    0x08001fd8   0x0000000c   Code   RO         6035    i.btn_reg_OnClickListener  button.o
    0x08001fe4   0x000000ac   Code   RO         6038    i.btn_update        button.o
    0x08002090   0x0000001c   Code   RO         6108    i.buzzer_init       buzzer.o
    0x080020ac   0x00000098   Code   RO         5756    i.getPinSource      gpio.o
    0x08002144   0x0000000c   Code   RO         5451    i.get_adc           adc.o
    0x08002150   0x0000004a   Code   RO         5757    i.gpio_af_init      gpio.o
    0x0800219a   0x00000028   Code   RO         5758    i.gpio_init         gpio.o
    0x080021c2   0x00000028   Code   RO         5759    i.gpio_input_init   gpio.o
    0x080021ea   0x00000034   Code   RO         5760    i.gpio_output_init  gpio.o
    0x0800221e   0x00000002   PAD
    0x08002220   0x00000074   Code   RO         5761    i.gpio_rcc_init     gpio.o
    0x08002294   0x0000003e   Code   RO         5762    i.gpio_rcc_init_all  gpio.o
    0x080022d2   0x00000008   Code   RO         5763    i.gpio_read_input   gpio.o
    0x080022da   0x00000024   Code   RO         6418    i.laser_get_distance  laser.o
    0x080022fe   0x00000004   Code   RO         6419    i.laser_init        laser.o
    0x08002302   0x00000002   PAD
    0x08002304   0x00000028   Code   RO         6312    i.led_init          led.o
    0x0800232c   0x00000134   Code   RO         5382    i.main              main.o
    0x08002460   0x0000002c   Code   RO         5383    i.scanner_inc_height  main.o
    0x0800248c   0x00000064   Code   RO         5384    i.scanner_lower_btn_handler  main.o
    0x080024f0   0x0000002c   Code   RO         5385    i.scanner_rotate_plate  main.o
    0x0800251c   0x00000002   Code   RO         5386    i.scanner_standby   main.o
    0x0800251e   0x00000002   PAD
    0x08002520   0x00000040   Code   RO         5387    i.scanner_start_btn_handler  main.o
    0x08002560   0x00000120   Code   RO         5963    i.spi_init          spi_protocol.o
    0x08002680   0x00000070   Code   RO         5965    i.spi_tx_byte       spi_protocol.o
    0x080026f0   0x0000000c   Code   RO         6353    i.stepper_get_vel   stepper.o
    0x080026fc   0x000000d8   Code   RO         6354    i.stepper_init      stepper.o
    0x080027d4   0x000000b0   Code   RO         6355    i.stepper_rotate    stepper.o
    0x08002884   0x0000006c   Code   RO         6356    i.stepper_set_rpm   stepper.o
    0x080028f0   0x000000a8   Code   RO         6357    i.stepper_set_vel   stepper.o
    0x08002998   0x00000080   Code   RO         6147    i.tft_clear         lcd_main.o
    0x08002a18   0x00000048   Code   RO         6151    i.tft_fill_color    lcd_main.o
    0x08002a60   0x00000314   Code   RO         6156    i.tft_init          lcd_main.o
    0x08002d74   0x0000003c   Code   RO         6157    i.tft_println       lcd_main.o
    0x08002db0   0x00000098   Code   RO         6162    i.tft_set_buffer    lcd_main.o
    0x08002e48   0x00000070   Code   RO         6163    i.tft_set_region    lcd_main.o
    0x08002eb8   0x00000208   Code   RO         6167    i.tft_update        lcd_main.o
    0x080030c0   0x00000038   Code   RO         6168    i.tft_write_command  lcd_main.o
    0x080030f8   0x00000038   Code   RO         6169    i.tft_write_data    lcd_main.o
    0x08003130   0x0000003c   Code   RO         5715    i.ticks_init        ticks.o
    0x0800316c   0x000000c0   Code   RO         5574    i.uart_init         uart.o
    0x0800322c   0x00000058   Code   RO         5688    i.uart_tx_byte      uart.o
    0x08003284   0x00000068   Code   RO         5581    i.uart_tx_dequeue   uart.o
    0x080032ec   0x0000003c   Code   RO         5582    i.uart_tx_enqueue   uart.o
    0x08003328   0x000000a8   Data   RO         5454    .constdata          adc.o
    0x080033d0   0x00000078   Data   RO         5590    .constdata          uart.o
    0x08003448   0x00000008   Data   RO         5767    .constdata          gpio.o
    0x08003450   0x00000008   Data   RO         5768    .constdata          gpio.o
    0x08003458   0x00000008   Data   RO         5769    .constdata          gpio.o
    0x08003460   0x00000008   Data   RO         5770    .constdata          gpio.o
    0x08003468   0x00000008   Data   RO         5771    .constdata          gpio.o
    0x08003470   0x00000008   Data   RO         5772    .constdata          gpio.o
    0x08003478   0x00000008   Data   RO         5773    .constdata          gpio.o
    0x08003480   0x00000008   Data   RO         5774    .constdata          gpio.o
    0x08003488   0x00000008   Data   RO         5775    .constdata          gpio.o
    0x08003490   0x00000008   Data   RO         5776    .constdata          gpio.o
    0x08003498   0x00000008   Data   RO         5777    .constdata          gpio.o
    0x080034a0   0x00000008   Data   RO         5788    .constdata          gpio.o
    0x080034a8   0x00000008   Data   RO         5793    .constdata          gpio.o
    0x080034b0   0x00000008   Data   RO         5794    .constdata          gpio.o
    0x080034b8   0x00000008   Data   RO         5796    .constdata          gpio.o
    0x080034c0   0x00000008   Data   RO         5797    .constdata          gpio.o
    0x080034c8   0x00000008   Data   RO         5798    .constdata          gpio.o
    0x080034d0   0x00000008   Data   RO         5799    .constdata          gpio.o
    0x080034d8   0x00000008   Data   RO         5800    .constdata          gpio.o
    0x080034e0   0x00000008   Data   RO         5801    .constdata          gpio.o
    0x080034e8   0x00000008   Data   RO         5802    .constdata          gpio.o
    0x080034f0   0x00000008   Data   RO         5803    .constdata          gpio.o
    0x080034f8   0x00000008   Data   RO         5804    .constdata          gpio.o
    0x08003500   0x00000008   Data   RO         5809    .constdata          gpio.o
    0x08003508   0x00000008   Data   RO         5810    .constdata          gpio.o
    0x08003510   0x00000008   Data   RO         5811    .constdata          gpio.o
    0x08003518   0x00000008   Data   RO         5813    .constdata          gpio.o
    0x08003520   0x00000008   Data   RO         5814    .constdata          gpio.o
    0x08003528   0x00000008   Data   RO         5815    .constdata          gpio.o
    0x08003530   0x00000008   Data   RO         5816    .constdata          gpio.o
    0x08003538   0x00000008   Data   RO         5817    .constdata          gpio.o
    0x08003540   0x00000008   Data   RO         5818    .constdata          gpio.o
    0x08003548   0x00000008   Data   RO         5819    .constdata          gpio.o
    0x08003550   0x00000008   Data   RO         5820    .constdata          gpio.o
    0x08003558   0x00000008   Data   RO         5821    .constdata          gpio.o
    0x08003560   0x00000008   Data   RO         5822    .constdata          gpio.o
    0x08003568   0x00000008   Data   RO         5849    .constdata          gpio.o
    0x08003570   0x00000008   Data   RO         5850    .constdata          gpio.o
    0x08003578   0x00000008   Data   RO         5851    .constdata          gpio.o
    0x08003580   0x00000008   Data   RO         5852    .constdata          gpio.o
    0x08003588   0x00000008   Data   RO         5853    .constdata          gpio.o
    0x08003590   0x00000008   Data   RO         5872    .constdata          gpio.o
    0x08003598   0x00000008   Data   RO         5877    .constdata          gpio.o
    0x080035a0   0x00000038   Data   RO         6040    .constdata          button.o
    0x080035d8   0x00000020   Data   RO         6529    Region$$Table       anon$$obj.o


    Execution Region RW_IRAM1 (Base: 0x20000000, Size: 0x00001838, Max: 0x00020000, ABSOLUTE, COMPRESSED[0x0000031c])

    Base Addr    Size         Type   Attr      Idx    E Section Name        Object

    0x20000000   0x00000010   Data   RW         2939    .data               stm32f4xx_rcc.o
    0x20000010   0x00000004   Data   RW         5101    .data               stm32f4xx_it.o
    0x20000014   0x00000014   Data   RW         5341    .data               system_stm32f4xx.o
    0x20000028   0x0000000c   Data   RW         5388    .data               main.o
    0x20000034   0x00000060   Data   RW         5591    .data               uart.o
    0x20000094   0x00000038   Data   RW         5967    .data               spi_protocol.o
    0x200000cc   0x00000620   Data   RW         6171    .data               lcd_main.o
    0x200006ec   0x00000008   Data   RW         6313    .data               led.o
    0x200006f4   0x00000010   Data   RW         6360    .data               stepper.o
    0x20000704   0x00000018   Zero   RW         5453    .bss                adc.o
    0x2000071c   0x00000032   Zero   RW         5583    .bss                uart.o
    0x2000074e   0x0000012c   Zero   RW         5584    .bss                uart.o
    0x2000087a   0x00000032   Zero   RW         5585    .bss                uart.o
    0x200008ac   0x00000032   Zero   RW         5586    .bss                uart.o
    0x200008de   0x00000032   Zero   RW         5587    .bss                uart.o
    0x20000910   0x00000032   Zero   RW         5588    .bss                uart.o
    0x20000942   0x00000002   PAD
    0x20000944   0x00000018   Zero   RW         5589    .bss                uart.o
    0x2000095c   0x0000000c   Zero   RW         5966    .bss                spi_protocol.o
    0x20000968   0x0000008c   Zero   RW         6039    .bss                button.o
    0x200009f4   0x00000640   Zero   RW         6170    .bss                lcd_main.o
    0x20001034   0x00000004   PAD
    0x20001038   0x00000800   Zero   RW         5372    STACK               startup_stm32f40_41xxx.o


==============================================================================

Image component sizes


      Code (inc. data)   RO Data    RW Data    ZI Data      Debug   Object Name

       400         20        168          0         24       6291   adc.o
       228         18         56          0        140       3604   button.o
        28          6          0          0          0        486   buzzer.o
       544          4        344          0          0       9251   gpio.o
        40          0          0          0          0       1046   laser.o
      1944         72          0       1568       1600      11003   lcd_main.o
        40          4          0          8          0       1267   led.o
       562        150          0         12          0       3728   main.o
       116          6          0          0          0       3068   misc.o
       556         60          0         56         12       4700   spi_protocol.o
        36          8        392          0       2048        920   startup_stm32f40_41xxx.o
       860         96          0         16          0       5979   stepper.o
       392         20          0          0          0     293080   stm32f4xx_adc.o
       138          4          0          0          0      15349   stm32f4xx_dma.o
       224          0          0          0          0      11793   stm32f4xx_gpio.o
        32          6          0          4          0      36014   stm32f4xx_it.o
       280         46          0         16          0      22173   stm32f4xx_rcc.o
       402          0          0          0          0      15358   stm32f4xx_spi.o
       212         10          0          0          0      26424   stm32f4xx_tim.o
       352          4          0          0          0      12342   stm32f4xx_usart.o
       420         62          0         20          0       2289   system_stm32f4xx.o
       112         12          0          0          0      28436   ticks.o
      1020         96        120         96        574       9457   uart.o

    ----------------------------------------------------------------------
      8954        704       1112       1796       4404     524058   Object Totals
         0          0         32          0          0          0   (incl. Generated)
        16          0          0          0          6          0   (incl. Padding)

    ----------------------------------------------------------------------

      Code (inc. data)   RO Data    RW Data    ZI Data      Debug   Library Member Name

        86          0          0          0          0          0   __dczerorl2.o
         0          0          0          0          0          0   entry.o
         0          0          0          0          0          0   entry10a.o
         0          0          0          0          0          0   entry11a.o
         8          4          0          0          0          0   entry2.o
         4          0          0          0          0          0   entry5.o
         0          0          0          0          0          0   entry7b.o
         0          0          0          0          0          0   entry8b.o
         8          4          0          0          0          0   entry9a.o
        30          0          0          0          0          0   handlers.o
        36          8          0          0          0         68   init.o
         0          0          0          0          0          0   iusefp.o
        30          0          0          0          0         68   llshl.o
        36          0          0          0          0         68   llsshr.o
        32          0          0          0          0         68   llushr.o
      2272         86          0          0          0        516   printfa.o
        44          0          0          0          0         80   uidiv.o
        98          0          0          0          0         92   uldiv.o
        48          0          0          0          0         68   cdrcmple.o
       334          0          0          0          0        148   dadd.o
       222          0          0          0          0        100   ddiv.o
       186          0          0          0          0        176   depilogue.o
        48          0          0          0          0         68   dfixul.o
       228          0          0          0          0         96   dmul.o

    ----------------------------------------------------------------------
      3750        102          0          0          0       1616   Library Totals
         0          0          0          0          0          0   (incl. Padding)

    ----------------------------------------------------------------------

      Code (inc. data)   RO Data    RW Data    ZI Data      Debug   Library Name

      2684        102          0          0          0        960   mc_w.l
      1066          0          0          0          0        656   mf_w.l

    ----------------------------------------------------------------------
      3750        102          0          0          0       1616   Library Totals

    ----------------------------------------------------------------------

==============================================================================


      Code (inc. data)   RO Data    RW Data    ZI Data      Debug   

     12704        806       1112       1796       4404     514326   Grand Totals
     12704        806       1112        796       4404     514326   ELF Image Totals (compressed)
     12704        806       1112        796          0          0   ROM Totals

==============================================================================

    Total RO  Size (Code + RO Data)                13816 (  13.49kB)
    Total RW  Size (RW Data + ZI Data)              6200 (   6.05kB)
    Total ROM Size (Code + RO Data + RW Data)      14612 (  14.27kB)

==============================================================================

